DEBUG:paramiko.transport:starting thread (client mode): 0x39089048
DEBUG:paramiko.transport:Local version/idstring: SSH-2.0-paramiko_2.6.0
DEBUG:paramiko.transport:Remote version/idstring: SSH-2.0-Cisco-1.25
INFO:paramiko.transport:Connected (version 2.0, client Cisco-1.25)
DEBUG:paramiko.transport:kex algos:['diffie-hellman-group-exchange-sha1', 'diffie-hellman-group14-sha1'] server key:['ssh-rsa'] client encrypt:['aes128-ctr', 'aes192-ctr', 'aes256-ctr'] server encrypt:['aes128-ctr', 'aes192-ctr', 'aes256-ctr'] client mac:['hmac-sha2-256', 'hmac-sha2-512', 'hmac-sha1', 'hmac-sha1-96'] server mac:['hmac-sha2-256', 'hmac-sha2-512', 'hmac-sha1', 'hmac-sha1-96'] client compress:['none'] server compress:['none'] client lang:[''] server lang:[''] kex follows?False
DEBUG:paramiko.transport:Kex agreed: diffie-hellman-group-exchange-sha1
DEBUG:paramiko.transport:HostKey agreed: ssh-rsa
DEBUG:paramiko.transport:Cipher agreed: aes128-ctr
DEBUG:paramiko.transport:MAC agreed: hmac-sha2-256
DEBUG:paramiko.transport:Compression agreed: none
DEBUG:paramiko.transport:Got server p (2048 bits)
DEBUG:paramiko.transport:kex engine KexGex specified hash_algo <built-in function openssl_sha1>
DEBUG:paramiko.transport:Switch to new keys ...
DEBUG:paramiko.transport:Adding ssh-rsa host key for cisco3.lasthop.io: b'31c7c985b918fcdf9defd03407b24e3e'
DEBUG:paramiko.transport:userauth is OK
INFO:paramiko.transport:Authentication (password) successful!
DEBUG:paramiko.transport:[chan 0] Max packet in: 32768 bytes
DEBUG:paramiko.transport:[chan 0] Max packet out: 4096 bytes
DEBUG:paramiko.transport:Secsh channel 0 opened.
DEBUG:paramiko.transport:[chan 0] Sesch channel 0 request ok
DEBUG:paramiko.transport:[chan 0] Sesch channel 0 request ok
DEBUG:netmiko:read_channel: 


cisco3#
DEBUG:netmiko:read_channel: 
DEBUG:netmiko:read_channel: 
DEBUG:netmiko:read_channel: 
DEBUG:netmiko:write_channel: b'\n'
DEBUG:netmiko:read_channel: 
DEBUG:netmiko:read_channel: 
DEBUG:netmiko:write_channel: b'\n'
DEBUG:netmiko:read_channel: 
DEBUG:netmiko:write_channel: b'\n'
DEBUG:netmiko:read_channel: 
DEBUG:netmiko:write_channel: b'\n'
DEBUG:netmiko:read_channel: 
DEBUG:netmiko:write_channel: b'\n'
DEBUG:netmiko:read_channel: 
DEBUG:netmiko:write_channel: b'\n'
DEBUG:netmiko:read_channel: 
DEBUG:netmiko:write_channel: b'\n'
DEBUG:netmiko:read_channel: 
DEBUG:netmiko:write_channel: b'\n'
DEBUG:netmiko:read_channel: 
DEBUG:netmiko:write_channel: b'\n'
DEBUG:netmiko:read_channel: 
DEBUG:netmiko:write_channel: b'\n'
DEBUG:netmiko:read_channel: 
cisco3#
DEBUG:netmiko:read_channel: 
DEBUG:netmiko:read_channel: 
DEBUG:netmiko:In disable_paging
DEBUG:netmiko:Command: terminal length 0

DEBUG:netmiko:write_channel: b'terminal length 0\n'
DEBUG:netmiko:Pattern is: cisco3
DEBUG:netmiko:_read_channel_expect read_data: 
cisco3#
DEBUG:netmiko:Pattern found: cisco3 
cisco3#
DEBUG:netmiko:
cisco3#
DEBUG:netmiko:Exiting disable_paging
DEBUG:netmiko:write_channel: b'terminal width 511\n'
DEBUG:netmiko:Pattern is: cisco3
DEBUG:netmiko:_read_channel_expect read_data: 
cisco3#
DEBUG:netmiko:Pattern found: cisco3 
cisco3#
DEBUG:netmiko:read_channel: 
cisco3#
cisco3#
cisco3#
cisco3#
DEBUG:netmiko:read_channel: 
DEBUG:netmiko:write_channel: b'\n'
DEBUG:netmiko:read_channel: 
DEBUG:netmiko:read_channel: 
DEBUG:netmiko:write_channel: b'\n'
DEBUG:netmiko:read_channel: 
DEBUG:netmiko:write_channel: b'\n'
DEBUG:netmiko:read_channel: 
DEBUG:netmiko:write_channel: b'\n'
DEBUG:netmiko:read_channel: 
DEBUG:netmiko:write_channel: b'\n'
DEBUG:netmiko:read_channel: 
DEBUG:netmiko:write_channel: b'\n'
DEBUG:netmiko:read_channel: 
DEBUG:netmiko:write_channel: b'\n'
DEBUG:netmiko:read_channel: 
cisco3#
cisco3#
cisco3#
DEBUG:netmiko:read_channel: terminal lengt
DEBUG:netmiko:read_channel: 
DEBUG:netmiko:write_channel: b'show version\n'
DEBUG:netmiko:read_channel: 
DEBUG:netmiko:read_channel: 
DEBUG:netmiko:read_channel: 
DEBUG:netmiko:read_channel: 
DEBUG:netmiko:read_channel: h 0
cisco3#terminal wid
DEBUG:paramiko.transport:starting thread (client mode): 0xa2670e10
DEBUG:paramiko.transport:Local version/idstring: SSH-2.0-paramiko_2.6.0
DEBUG:paramiko.transport:Remote version/idstring: SSH-2.0-Cisco-1.25
INFO:paramiko.transport:Connected (version 2.0, client Cisco-1.25)
DEBUG:paramiko.transport:kex algos:['diffie-hellman-group-exchange-sha1', 'diffie-hellman-group14-sha1'] server key:['ssh-rsa'] client encrypt:['aes128-ctr', 'aes192-ctr', 'aes256-ctr'] server encrypt:['aes128-ctr', 'aes192-ctr', 'aes256-ctr'] client mac:['hmac-sha2-256', 'hmac-sha2-512', 'hmac-sha1', 'hmac-sha1-96'] server mac:['hmac-sha2-256', 'hmac-sha2-512', 'hmac-sha1', 'hmac-sha1-96'] client compress:['none'] server compress:['none'] client lang:[''] server lang:[''] kex follows?False
DEBUG:paramiko.transport:Kex agreed: diffie-hellman-group-exchange-sha1
DEBUG:paramiko.transport:HostKey agreed: ssh-rsa
DEBUG:paramiko.transport:Cipher agreed: aes128-ctr
DEBUG:paramiko.transport:MAC agreed: hmac-sha2-256
DEBUG:paramiko.transport:Compression agreed: none
DEBUG:paramiko.transport:Got server p (2048 bits)
DEBUG:paramiko.transport:kex engine KexGex specified hash_algo <built-in function openssl_sha1>
DEBUG:paramiko.transport:Switch to new keys ...
DEBUG:paramiko.transport:Adding ssh-rsa host key for cisco3.lasthop.io: b'31c7c985b918fcdf9defd03407b24e3e'
DEBUG:paramiko.transport:userauth is OK
INFO:paramiko.transport:Authentication (password) successful!
DEBUG:paramiko.transport:[chan 0] Max packet in: 32768 bytes
DEBUG:paramiko.transport:[chan 0] Max packet out: 4096 bytes
DEBUG:paramiko.transport:Secsh channel 0 opened.
DEBUG:paramiko.transport:[chan 0] Sesch channel 0 request ok
DEBUG:paramiko.transport:[chan 0] Sesch channel 0 request ok
DEBUG:netmiko:read_channel: 


cisco3#
DEBUG:netmiko:read_channel: 
DEBUG:netmiko:read_channel: 
DEBUG:netmiko:read_channel: 
DEBUG:netmiko:write_channel: b'\n'
DEBUG:netmiko:read_channel: 
DEBUG:netmiko:read_channel: 
DEBUG:netmiko:write_channel: b'\n'
DEBUG:netmiko:read_channel: 
DEBUG:netmiko:write_channel: b'\n'
DEBUG:netmiko:read_channel: 
DEBUG:netmiko:write_channel: b'\n'
DEBUG:netmiko:read_channel: 
DEBUG:netmiko:write_channel: b'\n'
DEBUG:netmiko:read_channel: 
DEBUG:netmiko:write_channel: b'\n'
DEBUG:netmiko:read_channel: 
DEBUG:netmiko:write_channel: b'\n'
DEBUG:netmiko:read_channel: 
DEBUG:netmiko:write_channel: b'\n'
DEBUG:netmiko:read_channel: 
DEBUG:netmiko:write_channel: b'\n'
DEBUG:netmiko:read_channel: 
DEBUG:netmiko:write_channel: b'\n'
DEBUG:netmiko:read_channel: 
DEBUG:netmiko:write_channel: b'\n'
DEBUG:netmiko:read_channel: 
cisco3#
DEBUG:netmiko:read_channel: 
DEBUG:netmiko:read_channel: 
DEBUG:netmiko:In disable_paging
DEBUG:netmiko:Command: terminal length 0

DEBUG:netmiko:write_channel: b'terminal length 0\n'
DEBUG:netmiko:Pattern is: terminal\ length\ 0\

DEBUG:netmiko:_read_channel_expect read_data: 
cisco3#
DEBUG:netmiko:_read_channel_expect read_data: 
cisco3#
cisco3#
cisco3#
cisco3#
cisco3#
cisco3#
cisco3#
cisco3#

DEBUG:netmiko:_read_channel_expect read_data: cisco3#
DEBUG:netmiko:_read_channel_expect read_data: te
DEBUG:netmiko:_read_channel_expect read_data: rminal length 0
DEBUG:netmiko:_read_channel_expect read_data: 
cisco3#
DEBUG:netmiko:write_channel: b'\n'
DEBUG:netmiko:Pattern is: #
DEBUG:netmiko:_read_channel_expect read_data: 
cisco3#
DEBUG:netmiko:Pattern found: # 
cisco3#
DEBUG:netmiko:exit_config_mode: 
DEBUG:netmiko:write_channel: b'exit\n'
DEBUG:paramiko.transport:EOF in transport thread
DEBUG:paramiko.transport:starting thread (client mode): 0xb49f6e10
DEBUG:paramiko.transport:Local version/idstring: SSH-2.0-paramiko_2.6.0
DEBUG:paramiko.transport:Remote version/idstring: SSH-2.0-Cisco-1.25
INFO:paramiko.transport:Connected (version 2.0, client Cisco-1.25)
DEBUG:paramiko.transport:kex algos:['diffie-hellman-group-exchange-sha1', 'diffie-hellman-group14-sha1'] server key:['ssh-rsa'] client encrypt:['aes128-ctr', 'aes192-ctr', 'aes256-ctr'] server encrypt:['aes128-ctr', 'aes192-ctr', 'aes256-ctr'] client mac:['hmac-sha2-256', 'hmac-sha2-512', 'hmac-sha1', 'hmac-sha1-96'] server mac:['hmac-sha2-256', 'hmac-sha2-512', 'hmac-sha1', 'hmac-sha1-96'] client compress:['none'] server compress:['none'] client lang:[''] server lang:[''] kex follows?False
DEBUG:paramiko.transport:Kex agreed: diffie-hellman-group-exchange-sha1
DEBUG:paramiko.transport:HostKey agreed: ssh-rsa
DEBUG:paramiko.transport:Cipher agreed: aes128-ctr
DEBUG:paramiko.transport:MAC agreed: hmac-sha2-256
DEBUG:paramiko.transport:Compression agreed: none
DEBUG:paramiko.transport:Got server p (2048 bits)
DEBUG:paramiko.transport:kex engine KexGex specified hash_algo <built-in function openssl_sha1>
DEBUG:paramiko.transport:Switch to new keys ...
DEBUG:paramiko.transport:Adding ssh-rsa host key for cisco3.lasthop.io: b'31c7c985b918fcdf9defd03407b24e3e'
DEBUG:paramiko.transport:userauth is OK
INFO:paramiko.transport:Authentication (password) successful!
DEBUG:paramiko.transport:[chan 0] Max packet in: 32768 bytes
DEBUG:paramiko.transport:[chan 0] Max packet out: 4096 bytes
DEBUG:paramiko.transport:Secsh channel 0 opened.
DEBUG:paramiko.transport:[chan 0] Sesch channel 0 request ok
DEBUG:paramiko.transport:[chan 0] Sesch channel 0 request ok
DEBUG:netmiko:read_channel: 

cisco3#
DEBUG:netmiko:read_channel: 
DEBUG:netmiko:read_channel: 
DEBUG:netmiko:read_channel: 
DEBUG:netmiko:write_channel: b'\n'
DEBUG:netmiko:read_channel: 
DEBUG:netmiko:read_channel: 
DEBUG:netmiko:write_channel: b'\n'
DEBUG:netmiko:read_channel: 
DEBUG:netmiko:write_channel: b'\n'
DEBUG:netmiko:read_channel: 
DEBUG:netmiko:write_channel: b'\n'
DEBUG:netmiko:read_channel: 
DEBUG:netmiko:write_channel: b'\n'
DEBUG:netmiko:read_channel: 
DEBUG:netmiko:write_channel: b'\n'
DEBUG:netmiko:read_channel: 
DEBUG:netmiko:write_channel: b'\n'
DEBUG:netmiko:read_channel: 
DEBUG:netmiko:write_channel: b'\n'
DEBUG:netmiko:read_channel: 
DEBUG:netmiko:write_channel: b'\n'
DEBUG:netmiko:read_channel: 
DEBUG:netmiko:write_channel: b'\n'
DEBUG:netmiko:read_channel: 
cisco3#
DEBUG:netmiko:read_channel: 
DEBUG:netmiko:read_channel: 
DEBUG:netmiko:In disable_paging
DEBUG:netmiko:Command: terminal length 0

DEBUG:netmiko:write_channel: b'terminal length 0\n'
DEBUG:netmiko:Pattern is: terminal\ length\ 0
DEBUG:netmiko:_read_channel_expect read_data: 
cisco3#

DEBUG:netmiko:_read_channel_expect read_data: cisco3#
cisco3#
cisco3#
cisco3#
cisco3#
cisco3#
cisco3#
cisco3#
DEBUG:netmiko:_read_channel_expect read_data: te
DEBUG:netmiko:_read_channel_expect read_data: rminal length 0
DEBUG:netmiko:Pattern found: terminal\ length\ 0 
cisco3#
cisco3#
cisco3#
cisco3#
cisco3#
cisco3#
cisco3#
cisco3#
cisco3#terminal length 0
DEBUG:netmiko:
cisco3#
cisco3#
cisco3#
cisco3#
cisco3#
cisco3#
cisco3#
cisco3#
cisco3#terminal length 0
DEBUG:netmiko:Exiting disable_paging
DEBUG:netmiko:write_channel: b'terminal width 511\n'
DEBUG:netmiko:Pattern is: terminal\ width\ 511
DEBUG:netmiko:_read_channel_expect read_data: 

DEBUG:netmiko:_read_channel_expect read_data: cisco3#
DEBUG:netmiko:_read_channel_expect read_data: t
DEBUG:netmiko:_read_channel_expect read_data: erminal width 511
cisco3#
DEBUG:netmiko:Pattern found: terminal\ width\ 511 
cisco3#terminal width 511
cisco3#
DEBUG:netmiko:read_channel: 
DEBUG:netmiko:read_channel: 
DEBUG:netmiko:write_channel: b'\n'
DEBUG:netmiko:read_channel: 
DEBUG:netmiko:read_channel: 
DEBUG:netmiko:write_channel: b'\n'
DEBUG:netmiko:read_channel: 
DEBUG:netmiko:write_channel: b'\n'
DEBUG:netmiko:read_channel: 
DEBUG:netmiko:write_channel: b'\n'
DEBUG:netmiko:read_channel: 
DEBUG:netmiko:write_channel: b'\n'
DEBUG:netmiko:read_channel: 
DEBUG:netmiko:write_channel: b'\n'
DEBUG:netmiko:read_channel: 
DEBUG:netmiko:write_channel: b'\n'
DEBUG:netmiko:read_channel: 
DEBUG:netmiko:write_channel: b'\n'
DEBUG:netmiko:read_channel: 
DEBUG:netmiko:write_channel: b'\n'
DEBUG:netmiko:read_channel: 
DEBUG:netmiko:write_channel: b'\n'
DEBUG:netmiko:read_channel: 
cisco3#
DEBUG:netmiko:read_channel: 
DEBUG:netmiko:read_channel: 
DEBUG:netmiko:write_channel: b'show version\n'
DEBUG:netmiko:read_channel: 
DEBUG:netmiko:read_channel: 
DEBUG:netmiko:read_channel: 
DEBUG:netmiko:read_channel: 
cisco3#
cisco3#
DEBUG:paramiko.transport:starting thread (client mode): 0x54a0ae48
DEBUG:paramiko.transport:Local version/idstring: SSH-2.0-paramiko_2.6.0
DEBUG:paramiko.transport:Remote version/idstring: SSH-2.0-Cisco-1.25
INFO:paramiko.transport:Connected (version 2.0, client Cisco-1.25)
DEBUG:paramiko.transport:kex algos:['diffie-hellman-group-exchange-sha1', 'diffie-hellman-group14-sha1'] server key:['ssh-rsa'] client encrypt:['aes128-ctr', 'aes192-ctr', 'aes256-ctr'] server encrypt:['aes128-ctr', 'aes192-ctr', 'aes256-ctr'] client mac:['hmac-sha2-256', 'hmac-sha2-512', 'hmac-sha1', 'hmac-sha1-96'] server mac:['hmac-sha2-256', 'hmac-sha2-512', 'hmac-sha1', 'hmac-sha1-96'] client compress:['none'] server compress:['none'] client lang:[''] server lang:[''] kex follows?False
DEBUG:paramiko.transport:Kex agreed: diffie-hellman-group-exchange-sha1
DEBUG:paramiko.transport:HostKey agreed: ssh-rsa
DEBUG:paramiko.transport:Cipher agreed: aes128-ctr
DEBUG:paramiko.transport:MAC agreed: hmac-sha2-256
DEBUG:paramiko.transport:Compression agreed: none
DEBUG:paramiko.transport:Got server p (2048 bits)
DEBUG:paramiko.transport:kex engine KexGex specified hash_algo <built-in function openssl_sha1>
DEBUG:paramiko.transport:Switch to new keys ...
DEBUG:paramiko.transport:Adding ssh-rsa host key for cisco3.lasthop.io: b'31c7c985b918fcdf9defd03407b24e3e'
DEBUG:paramiko.transport:userauth is OK
INFO:paramiko.transport:Authentication (password) successful!
DEBUG:paramiko.transport:[chan 0] Max packet in: 32768 bytes
DEBUG:paramiko.transport:[chan 0] Max packet out: 4096 bytes
DEBUG:paramiko.transport:Secsh channel 0 opened.
DEBUG:paramiko.transport:[chan 0] Sesch channel 0 request ok
DEBUG:paramiko.transport:[chan 0] Sesch channel 0 request ok
DEBUG:netmiko:read_channel: 


cisco3#
DEBUG:netmiko:read_channel: 
DEBUG:netmiko:read_channel: 
DEBUG:netmiko:read_channel: 
DEBUG:netmiko:write_channel: b'\n'
DEBUG:netmiko:read_channel: 
DEBUG:netmiko:read_channel: 
DEBUG:netmiko:write_channel: b'\n'
DEBUG:netmiko:read_channel: 
DEBUG:netmiko:write_channel: b'\n'
DEBUG:netmiko:read_channel: 
DEBUG:netmiko:write_channel: b'\n'
DEBUG:netmiko:read_channel: 
DEBUG:netmiko:write_channel: b'\n'
DEBUG:netmiko:read_channel: 
DEBUG:netmiko:write_channel: b'\n'
DEBUG:netmiko:read_channel: 
DEBUG:netmiko:write_channel: b'\n'
DEBUG:netmiko:read_channel: 
DEBUG:netmiko:write_channel: b'\n'
DEBUG:netmiko:read_channel: 
DEBUG:netmiko:write_channel: b'\n'
DEBUG:netmiko:read_channel: 
DEBUG:netmiko:write_channel: b'\n'
DEBUG:netmiko:read_channel: 
DEBUG:netmiko:write_channel: b'\n'
DEBUG:netmiko:read_channel: 
cisco3#
DEBUG:netmiko:read_channel: 
DEBUG:netmiko:read_channel: 
DEBUG:netmiko:In disable_paging
DEBUG:netmiko:Command: terminal length 0

DEBUG:netmiko:write_channel: b'terminal length 0\n'
DEBUG:netmiko:Pattern is: terminal\ length\ 0
DEBUG:netmiko:_read_channel_expect read_data: 
cisco3#
DEBUG:netmiko:_read_channel_expect read_data: 
cisco3#
cisco3#
cisco3#
cisco3#
cisco3#
cisco3#
cisco3#
cisco3#
cisco3#
DEBUG:netmiko:_read_channel_expect read_data: t
DEBUG:netmiko:_read_channel_expect read_data: erminal length 0
cisco3#
DEBUG:netmiko:Pattern found: terminal\ length\ 0 
cisco3#
cisco3#
cisco3#
cisco3#
cisco3#
cisco3#
cisco3#
cisco3#
cisco3#
cisco3#terminal length 0
cisco3#
DEBUG:netmiko:
cisco3#
cisco3#
cisco3#
cisco3#
cisco3#
cisco3#
cisco3#
cisco3#
cisco3#
cisco3#terminal length 0
cisco3#
DEBUG:netmiko:Exiting disable_paging
DEBUG:netmiko:write_channel: b'terminal width 511\n'
DEBUG:netmiko:Pattern is: terminal\ width\ 511
DEBUG:netmiko:_read_channel_expect read_data: t
DEBUG:netmiko:_read_channel_expect read_data: erminal width 51
DEBUG:netmiko:_read_channel_expect read_data: 1
cisco3#
DEBUG:netmiko:Pattern found: terminal\ width\ 511 terminal width 511
cisco3#
DEBUG:netmiko:read_channel: 
DEBUG:netmiko:read_channel: 
DEBUG:netmiko:write_channel: b'\n'
DEBUG:netmiko:read_channel: 
DEBUG:netmiko:read_channel: 
DEBUG:netmiko:write_channel: b'\n'
DEBUG:netmiko:read_channel: 
DEBUG:netmiko:write_channel: b'\n'
DEBUG:netmiko:read_channel: 
DEBUG:netmiko:write_channel: b'\n'
DEBUG:netmiko:read_channel: 
DEBUG:netmiko:write_channel: b'\n'
DEBUG:netmiko:read_channel: 
DEBUG:netmiko:write_channel: b'\n'
DEBUG:netmiko:read_channel: 
DEBUG:netmiko:write_channel: b'\n'
DEBUG:netmiko:read_channel: 
DEBUG:netmiko:write_channel: b'\n'
DEBUG:netmiko:read_channel: 
DEBUG:netmiko:write_channel: b'\n'
DEBUG:netmiko:read_channel: 
DEBUG:netmiko:write_channel: b'\n'
DEBUG:netmiko:read_channel: 
DEBUG:netmiko:write_channel: b'\n'
DEBUG:netmiko:read_channel: 
cisco3#
DEBUG:netmiko:read_channel: 
DEBUG:netmiko:read_channel: 
DEBUG:netmiko:write_channel: b'show version\n'
DEBUG:netmiko:read_channel: 
DEBUG:netmiko:read_channel: 
DEBUG:netmiko:read_channel: 
DEBUG:netmiko:read_channel: 
cisco3#
cisco3#
cisco3#
cisco3#
cisco3#
cisco3#
cisco3#
cisco3#
DEBUG:paramiko.transport:starting thread (client mode): 0xa0ab6e10
DEBUG:paramiko.transport:Local version/idstring: SSH-2.0-paramiko_2.6.0
DEBUG:paramiko.transport:Remote version/idstring: SSH-2.0-Cisco-1.25
INFO:paramiko.transport:Connected (version 2.0, client Cisco-1.25)
DEBUG:paramiko.transport:kex algos:['diffie-hellman-group-exchange-sha1', 'diffie-hellman-group14-sha1'] server key:['ssh-rsa'] client encrypt:['aes128-ctr', 'aes192-ctr', 'aes256-ctr'] server encrypt:['aes128-ctr', 'aes192-ctr', 'aes256-ctr'] client mac:['hmac-sha2-256', 'hmac-sha2-512', 'hmac-sha1', 'hmac-sha1-96'] server mac:['hmac-sha2-256', 'hmac-sha2-512', 'hmac-sha1', 'hmac-sha1-96'] client compress:['none'] server compress:['none'] client lang:[''] server lang:[''] kex follows?False
DEBUG:paramiko.transport:Kex agreed: diffie-hellman-group-exchange-sha1
DEBUG:paramiko.transport:HostKey agreed: ssh-rsa
DEBUG:paramiko.transport:Cipher agreed: aes128-ctr
DEBUG:paramiko.transport:MAC agreed: hmac-sha2-256
DEBUG:paramiko.transport:Compression agreed: none
DEBUG:paramiko.transport:Got server p (2048 bits)
DEBUG:paramiko.transport:kex engine KexGex specified hash_algo <built-in function openssl_sha1>
DEBUG:paramiko.transport:Switch to new keys ...
DEBUG:paramiko.transport:Adding ssh-rsa host key for cisco3.lasthop.io: b'31c7c985b918fcdf9defd03407b24e3e'
DEBUG:paramiko.transport:userauth is OK
INFO:paramiko.transport:Authentication (password) successful!
DEBUG:paramiko.transport:[chan 0] Max packet in: 32768 bytes
DEBUG:paramiko.transport:[chan 0] Max packet out: 4096 bytes
DEBUG:paramiko.transport:Secsh channel 0 opened.
DEBUG:paramiko.transport:[chan 0] Sesch channel 0 request ok
DEBUG:paramiko.transport:[chan 0] Sesch channel 0 request ok
DEBUG:netmiko:read_channel: 


cisco3#
DEBUG:netmiko:read_channel: 
DEBUG:netmiko:read_channel: 
DEBUG:netmiko:read_channel: 
DEBUG:netmiko:write_channel: b'\n'
DEBUG:netmiko:read_channel: 
DEBUG:netmiko:read_channel: 
DEBUG:netmiko:write_channel: b'\n'
DEBUG:netmiko:read_channel: 
DEBUG:netmiko:write_channel: b'\n'
DEBUG:netmiko:read_channel: 
DEBUG:netmiko:write_channel: b'\n'
DEBUG:netmiko:read_channel: 
DEBUG:netmiko:write_channel: b'\n'
DEBUG:netmiko:read_channel: 
DEBUG:netmiko:write_channel: b'\n'
DEBUG:netmiko:read_channel: 
DEBUG:netmiko:write_channel: b'\n'
DEBUG:netmiko:read_channel: 
DEBUG:netmiko:write_channel: b'\n'
DEBUG:netmiko:read_channel: 
DEBUG:netmiko:write_channel: b'\n'
DEBUG:netmiko:read_channel: 
DEBUG:netmiko:write_channel: b'\n'
DEBUG:netmiko:read_channel: 
DEBUG:netmiko:write_channel: b'\n'
DEBUG:netmiko:read_channel: 
cisco3#
DEBUG:netmiko:read_channel: 
DEBUG:netmiko:read_channel: 
DEBUG:netmiko:In disable_paging
DEBUG:netmiko:Command: terminal length 0

DEBUG:netmiko:write_channel: b'terminal length 0\n'
DEBUG:netmiko:Pattern is: terminal\ length\ 0
DEBUG:netmiko:_read_channel_expect read_data: 
cisco3#
DEBUG:netmiko:_read_channel_expect read_data: 
cisco3#
cisco3#
cisco3#
cisco3#
cisco3#
cisco3#
cisco3#
cisco3#
DEBUG:netmiko:_read_channel_expect read_data: 
cisco3#
DEBUG:netmiko:_read_channel_expect read_data: te
DEBUG:netmiko:_read_channel_expect read_data: rminal length 0
cisco3#
DEBUG:netmiko:Pattern found: terminal\ length\ 0 
cisco3#
cisco3#
cisco3#
cisco3#
cisco3#
cisco3#
cisco3#
cisco3#
cisco3#
cisco3#terminal length 0
cisco3#
DEBUG:netmiko:
cisco3#
cisco3#
cisco3#
cisco3#
cisco3#
cisco3#
cisco3#
cisco3#
cisco3#
cisco3#terminal length 0
cisco3#
DEBUG:netmiko:Exiting disable_paging
DEBUG:netmiko:write_channel: b'terminal width 511\n'
DEBUG:netmiko:Pattern is: terminal\ width\ 511
DEBUG:netmiko:_read_channel_expect read_data: t
DEBUG:netmiko:_read_channel_expect read_data: erminal width 511
cisco3#
DEBUG:netmiko:Pattern found: terminal\ width\ 511 terminal width 511
cisco3#
DEBUG:netmiko:read_channel: 
DEBUG:netmiko:read_channel: 
DEBUG:netmiko:write_channel: b'\n'
DEBUG:netmiko:read_channel: 
DEBUG:netmiko:read_channel: 
DEBUG:netmiko:write_channel: b'\n'
DEBUG:netmiko:read_channel: 
DEBUG:netmiko:write_channel: b'\n'
DEBUG:netmiko:read_channel: 
DEBUG:netmiko:write_channel: b'\n'
DEBUG:netmiko:read_channel: 
DEBUG:netmiko:write_channel: b'\n'
DEBUG:netmiko:read_channel: 
DEBUG:netmiko:write_channel: b'\n'
DEBUG:netmiko:read_channel: 
DEBUG:netmiko:write_channel: b'\n'
DEBUG:netmiko:read_channel: 
DEBUG:netmiko:write_channel: b'\n'
DEBUG:netmiko:read_channel: 
DEBUG:netmiko:write_channel: b'\n'
DEBUG:netmiko:read_channel: 
DEBUG:netmiko:write_channel: b'\n'
DEBUG:netmiko:read_channel: 
DEBUG:netmiko:write_channel: b'\n'
DEBUG:netmiko:read_channel: 
cisco3#
DEBUG:netmiko:read_channel: 
DEBUG:netmiko:read_channel: 
DEBUG:netmiko:write_channel: b'show version\n'
DEBUG:netmiko:read_channel: 
DEBUG:netmiko:read_channel: 
DEBUG:netmiko:read_channel: 
DEBUG:netmiko:read_channel: 
cisco3#
cisco3#
cisco3#
cisco3#
cisco3#
cisco3#
cisco3#
cisco3#
DEBUG:paramiko.transport:starting thread (client mode): 0x6cfd1630
DEBUG:paramiko.transport:Local version/idstring: SSH-2.0-paramiko_2.6.0
DEBUG:paramiko.transport:Remote version/idstring: SSH-2.0-Cisco-1.25
INFO:paramiko.transport:Connected (version 2.0, client Cisco-1.25)
DEBUG:paramiko.transport:kex algos:['diffie-hellman-group-exchange-sha1', 'diffie-hellman-group14-sha1'] server key:['ssh-rsa'] client encrypt:['aes128-ctr', 'aes192-ctr', 'aes256-ctr'] server encrypt:['aes128-ctr', 'aes192-ctr', 'aes256-ctr'] client mac:['hmac-sha2-256', 'hmac-sha2-512', 'hmac-sha1', 'hmac-sha1-96'] server mac:['hmac-sha2-256', 'hmac-sha2-512', 'hmac-sha1', 'hmac-sha1-96'] client compress:['none'] server compress:['none'] client lang:[''] server lang:[''] kex follows?False
DEBUG:paramiko.transport:Kex agreed: diffie-hellman-group-exchange-sha1
DEBUG:paramiko.transport:HostKey agreed: ssh-rsa
DEBUG:paramiko.transport:Cipher agreed: aes128-ctr
DEBUG:paramiko.transport:MAC agreed: hmac-sha2-256
DEBUG:paramiko.transport:Compression agreed: none
DEBUG:paramiko.transport:Got server p (2048 bits)
DEBUG:paramiko.transport:kex engine KexGex specified hash_algo <built-in function openssl_sha1>
DEBUG:paramiko.transport:Switch to new keys ...
DEBUG:paramiko.transport:Adding ssh-rsa host key for cisco3.lasthop.io: b'31c7c985b918fcdf9defd03407b24e3e'
DEBUG:paramiko.transport:userauth is OK
INFO:paramiko.transport:Authentication (password) successful!
DEBUG:paramiko.transport:[chan 0] Max packet in: 32768 bytes
DEBUG:paramiko.transport:[chan 0] Max packet out: 4096 bytes
DEBUG:paramiko.transport:Secsh channel 0 opened.
DEBUG:paramiko.transport:[chan 0] Sesch channel 0 request ok
DEBUG:paramiko.transport:[chan 0] Sesch channel 0 request ok
DEBUG:netmiko:read_channel: 


cisco3#
DEBUG:netmiko:read_channel: 
DEBUG:netmiko:read_channel: 
DEBUG:netmiko:read_channel: 
DEBUG:netmiko:write_channel: b'\n'
DEBUG:netmiko:read_channel: 
DEBUG:netmiko:read_channel: 
DEBUG:netmiko:write_channel: b'\n'
DEBUG:netmiko:read_channel: 
DEBUG:netmiko:write_channel: b'\n'
DEBUG:netmiko:read_channel: 
DEBUG:netmiko:write_channel: b'\n'
DEBUG:netmiko:read_channel: 
DEBUG:netmiko:write_channel: b'\n'
DEBUG:netmiko:read_channel: 
DEBUG:netmiko:write_channel: b'\n'
DEBUG:netmiko:read_channel: 
DEBUG:netmiko:write_channel: b'\n'
DEBUG:netmiko:read_channel: 
DEBUG:netmiko:write_channel: b'\n'
DEBUG:netmiko:read_channel: 
DEBUG:netmiko:write_channel: b'\n'
DEBUG:netmiko:read_channel: 
DEBUG:netmiko:write_channel: b'\n'
DEBUG:netmiko:read_channel: 
DEBUG:netmiko:write_channel: b'\n'
DEBUG:netmiko:read_channel: 
DEBUG:netmiko:write_channel: b'\n'
DEBUG:netmiko:write_channel: b'\n'
DEBUG:netmiko:Pattern is: #
DEBUG:netmiko:_read_channel_expect read_data: 
cisco3#
DEBUG:netmiko:Pattern found: # 
cisco3#
DEBUG:netmiko:exit_config_mode: 
DEBUG:netmiko:write_channel: b'exit\n'
DEBUG:paramiko.transport:EOF in transport thread
DEBUG:paramiko.transport:starting thread (client mode): 0xf53bb7f0
DEBUG:paramiko.transport:Local version/idstring: SSH-2.0-paramiko_2.6.0
DEBUG:paramiko.transport:Remote version/idstring: SSH-2.0-Cisco-1.25
INFO:paramiko.transport:Connected (version 2.0, client Cisco-1.25)
DEBUG:paramiko.transport:kex algos:['diffie-hellman-group-exchange-sha1', 'diffie-hellman-group14-sha1'] server key:['ssh-rsa'] client encrypt:['aes128-ctr', 'aes192-ctr', 'aes256-ctr'] server encrypt:['aes128-ctr', 'aes192-ctr', 'aes256-ctr'] client mac:['hmac-sha2-256', 'hmac-sha2-512', 'hmac-sha1', 'hmac-sha1-96'] server mac:['hmac-sha2-256', 'hmac-sha2-512', 'hmac-sha1', 'hmac-sha1-96'] client compress:['none'] server compress:['none'] client lang:[''] server lang:[''] kex follows?False
DEBUG:paramiko.transport:Kex agreed: diffie-hellman-group-exchange-sha1
DEBUG:paramiko.transport:HostKey agreed: ssh-rsa
DEBUG:paramiko.transport:Cipher agreed: aes128-ctr
DEBUG:paramiko.transport:MAC agreed: hmac-sha2-256
DEBUG:paramiko.transport:Compression agreed: none
DEBUG:paramiko.transport:Got server p (2048 bits)
DEBUG:paramiko.transport:kex engine KexGex specified hash_algo <built-in function openssl_sha1>
DEBUG:paramiko.transport:Switch to new keys ...
DEBUG:paramiko.transport:Adding ssh-rsa host key for cisco3.lasthop.io: b'31c7c985b918fcdf9defd03407b24e3e'
DEBUG:paramiko.transport:userauth is OK
INFO:paramiko.transport:Authentication (password) successful!
DEBUG:paramiko.transport:[chan 0] Max packet in: 32768 bytes
DEBUG:paramiko.transport:[chan 0] Max packet out: 4096 bytes
DEBUG:paramiko.transport:Secsh channel 0 opened.
DEBUG:paramiko.transport:[chan 0] Sesch channel 0 request ok
DEBUG:paramiko.transport:[chan 0] Sesch channel 0 request ok
DEBUG:netmiko:read_channel: 


cisco3#
DEBUG:netmiko:read_channel: 
DEBUG:netmiko:read_channel: 
DEBUG:netmiko:read_channel: 
DEBUG:netmiko:write_channel: b'\n'
DEBUG:netmiko:read_channel: 
DEBUG:netmiko:read_channel: 
DEBUG:netmiko:write_channel: b'\n'
DEBUG:netmiko:Sleep time: 0.01
DEBUG:netmiko:read_channel: 
DEBUG:netmiko:write_channel: b'\n'
DEBUG:netmiko:Sleep time: 0.02
DEBUG:netmiko:read_channel: 
DEBUG:netmiko:write_channel: b'\n'
DEBUG:netmiko:Sleep time: 0.04
DEBUG:netmiko:read_channel: 
DEBUG:netmiko:write_channel: b'\n'
DEBUG:netmiko:Sleep time: 0.08
DEBUG:netmiko:read_channel: 
DEBUG:netmiko:write_channel: b'\n'
DEBUG:netmiko:Sleep time: 0.16
DEBUG:netmiko:read_channel: 
DEBUG:netmiko:write_channel: b'\n'
DEBUG:netmiko:Sleep time: 0.32
DEBUG:netmiko:read_channel: 
DEBUG:netmiko:write_channel: b'\n'
DEBUG:netmiko:Sleep time: 0.64
DEBUG:netmiko:read_channel: 
cisco3#
DEBUG:netmiko:read_channel: 
DEBUG:netmiko:read_channel: 
DEBUG:netmiko:In disable_paging
DEBUG:netmiko:Command: terminal length 0

DEBUG:netmiko:write_channel: b'terminal length 0\n'
DEBUG:netmiko:Pattern is: terminal\ length\ 0
DEBUG:netmiko:_read_channel_expect read_data: 
cisco3#
DEBUG:netmiko:_read_channel_expect read_data: 
cisco3#
cisco3#
cisco3#
cisco3#
cisco3#
cisco3#
DEBUG:netmiko:_read_channel_expect read_data: t
DEBUG:netmiko:_read_channel_expect read_data: erminal length 0
cisco3#
DEBUG:netmiko:Pattern found: terminal\ length\ 0 
cisco3#
cisco3#
cisco3#
cisco3#
cisco3#
cisco3#
cisco3#terminal length 0
cisco3#
DEBUG:netmiko:
cisco3#
cisco3#
cisco3#
cisco3#
cisco3#
cisco3#
cisco3#terminal length 0
cisco3#
DEBUG:netmiko:Exiting disable_paging
DEBUG:netmiko:write_channel: b'terminal width 511\n'
DEBUG:netmiko:Pattern is: terminal\ width\ 511
DEBUG:netmiko:_read_channel_expect read_data: t
DEBUG:netmiko:_read_channel_expect read_data: erminal width 511
cisco3#
DEBUG:netmiko:Pattern found: terminal\ width\ 511 terminal width 511
cisco3#
DEBUG:netmiko:read_channel: 
DEBUG:netmiko:read_channel: 
DEBUG:netmiko:write_channel: b'\n'
DEBUG:netmiko:read_channel: 
DEBUG:netmiko:read_channel: 
DEBUG:netmiko:write_channel: b'\n'
DEBUG:netmiko:Sleep time: 0.01
DEBUG:netmiko:read_channel: 
DEBUG:netmiko:write_channel: b'\n'
DEBUG:netmiko:Sleep time: 0.02
DEBUG:netmiko:read_channel: 
DEBUG:netmiko:write_channel: b'\n'
DEBUG:netmiko:Sleep time: 0.04
DEBUG:netmiko:read_channel: 
DEBUG:netmiko:write_channel: b'\n'
DEBUG:netmiko:Sleep time: 0.08
DEBUG:netmiko:read_channel: 
DEBUG:netmiko:write_channel: b'\n'
DEBUG:netmiko:Sleep time: 0.16
DEBUG:netmiko:read_channel: 
DEBUG:netmiko:write_channel: b'\n'
DEBUG:netmiko:Sleep time: 0.32
DEBUG:netmiko:read_channel: 
DEBUG:netmiko:write_channel: b'\n'
DEBUG:netmiko:Sleep time: 0.64
DEBUG:netmiko:read_channel: 
cisco3#
DEBUG:netmiko:read_channel: 
DEBUG:netmiko:read_channel: 
DEBUG:netmiko:write_channel: b'show version\n'
DEBUG:netmiko:read_channel: 
DEBUG:netmiko:read_channel: 
DEBUG:netmiko:read_channel: 
cisco3#
cisco3#
cisco3#
cisco3#
cisco3#
cisco3#
cisco3#
DEBUG:paramiko.transport:starting thread (client mode): 0xd6706dd8
DEBUG:paramiko.transport:Local version/idstring: SSH-2.0-paramiko_2.6.0
DEBUG:paramiko.transport:Remote version/idstring: SSH-2.0-Cisco-1.25
INFO:paramiko.transport:Connected (version 2.0, client Cisco-1.25)
DEBUG:paramiko.transport:kex algos:['diffie-hellman-group-exchange-sha1', 'diffie-hellman-group14-sha1'] server key:['ssh-rsa'] client encrypt:['aes128-ctr', 'aes192-ctr', 'aes256-ctr'] server encrypt:['aes128-ctr', 'aes192-ctr', 'aes256-ctr'] client mac:['hmac-sha2-256', 'hmac-sha2-512', 'hmac-sha1', 'hmac-sha1-96'] server mac:['hmac-sha2-256', 'hmac-sha2-512', 'hmac-sha1', 'hmac-sha1-96'] client compress:['none'] server compress:['none'] client lang:[''] server lang:[''] kex follows?False
DEBUG:paramiko.transport:Kex agreed: diffie-hellman-group-exchange-sha1
DEBUG:paramiko.transport:HostKey agreed: ssh-rsa
DEBUG:paramiko.transport:Cipher agreed: aes128-ctr
DEBUG:paramiko.transport:MAC agreed: hmac-sha2-256
DEBUG:paramiko.transport:Compression agreed: none
DEBUG:paramiko.transport:Got server p (2048 bits)
DEBUG:paramiko.transport:kex engine KexGex specified hash_algo <built-in function openssl_sha1>
DEBUG:paramiko.transport:Switch to new keys ...
DEBUG:paramiko.transport:Adding ssh-rsa host key for cisco3.lasthop.io: b'31c7c985b918fcdf9defd03407b24e3e'
DEBUG:paramiko.transport:userauth is OK
INFO:paramiko.transport:Authentication (password) successful!
DEBUG:paramiko.transport:[chan 0] Max packet in: 32768 bytes
DEBUG:paramiko.transport:[chan 0] Max packet out: 4096 bytes
DEBUG:paramiko.transport:Secsh channel 0 opened.
DEBUG:paramiko.transport:[chan 0] Sesch channel 0 request ok
DEBUG:paramiko.transport:[chan 0] Sesch channel 0 request ok
DEBUG:netmiko:read_channel: 


cisco3#
DEBUG:netmiko:read_channel: 
DEBUG:netmiko:read_channel: 
DEBUG:netmiko:read_channel: 
DEBUG:netmiko:write_channel: b'\n'
DEBUG:netmiko:read_channel: 
DEBUG:netmiko:read_channel: 
DEBUG:netmiko:write_channel: b'\n'
DEBUG:netmiko:Sleep time: 0.1
DEBUG:netmiko:read_channel: 
DEBUG:netmiko:write_channel: b'\n'
DEBUG:netmiko:Sleep time: 0.2
DEBUG:netmiko:read_channel: 
DEBUG:netmiko:write_channel: b'\n'
DEBUG:netmiko:Sleep time: 0.4
DEBUG:netmiko:read_channel: 
DEBUG:netmiko:write_channel: b'\n'
DEBUG:netmiko:Sleep time: 0.8
DEBUG:netmiko:read_channel: 
cisco3#
DEBUG:netmiko:read_channel: 
DEBUG:netmiko:(find_prompt): prompt is cisco3#
DEBUG:netmiko:read_channel: 
DEBUG:netmiko:In disable_paging
DEBUG:netmiko:Command: terminal length 0

DEBUG:netmiko:write_channel: b'terminal length 0\n'
DEBUG:netmiko:Pattern is: terminal\ length\ 0
DEBUG:netmiko:_read_channel_expect read_data: 
cisco3#
DEBUG:netmiko:_read_channel_expect read_data: 
cisco3#
cisco3#
cisco3#
DEBUG:netmiko:_read_channel_expect read_data: te
DEBUG:netmiko:_read_channel_expect read_data: rminal length 0
cisco3#
DEBUG:netmiko:Pattern found: terminal\ length\ 0 
cisco3#
cisco3#
cisco3#
cisco3#terminal length 0
cisco3#
DEBUG:netmiko:
cisco3#
cisco3#
cisco3#
cisco3#terminal length 0
cisco3#
DEBUG:netmiko:Exiting disable_paging
DEBUG:netmiko:write_channel: b'terminal width 511\n'
DEBUG:netmiko:Pattern is: terminal\ width\ 511
DEBUG:netmiko:_read_channel_expect read_data: t
DEBUG:netmiko:_read_channel_expect read_data: erminal width 511
cisco3#
DEBUG:netmiko:Pattern found: terminal\ width\ 511 terminal width 511
cisco3#
DEBUG:netmiko:read_channel: 
DEBUG:netmiko:read_channel: 
DEBUG:netmiko:write_channel: b'\n'
DEBUG:netmiko:read_channel: 
DEBUG:netmiko:read_channel: 
DEBUG:netmiko:write_channel: b'\n'
DEBUG:netmiko:Sleep time: 0.1
DEBUG:netmiko:read_channel: 
DEBUG:netmiko:write_channel: b'\n'
DEBUG:netmiko:Sleep time: 0.2
DEBUG:netmiko:read_channel: 
DEBUG:netmiko:write_channel: b'\n'
DEBUG:netmiko:Sleep time: 0.4
DEBUG:netmiko:read_channel: 
DEBUG:netmiko:write_channel: b'\n'
DEBUG:netmiko:Sleep time: 0.8
DEBUG:netmiko:read_channel: 
DEBUG:netmiko:write_channel: b'\n'
DEBUG:netmiko:Sleep time: 1.6
DEBUG:netmiko:read_channel: 
DEBUG:netmiko:write_channel: b'\n'
DEBUG:netmiko:Sleep time: 3.2
DEBUG:netmiko:read_channel: 
cisco3#
cisco3#
cisco3#
cisco3#
cisco3#
cisco3#
cisco3#
DEBUG:netmiko:read_channel: 
DEBUG:netmiko:(find_prompt): prompt is cisco3#
DEBUG:netmiko:read_channel: 
DEBUG:netmiko:write_channel: b'show version\n'
DEBUG:netmiko:read_channel: 
DEBUG:netmiko:read_channel: 
DEBUG:netmiko:read_channel: 
DEBUG:netmiko:read_channel: 
DEBUG:netmiko:read_channel: 
DEBUG:netmiko:read_channel: 
DEBUG:netmiko:read_channel: show version
Cisco IOS XE Software, Version 16.08.01
Cisco IOS Software [Fuji], ISR Software (ARMV8EB_LINUX_IOSD-UNIVERSALK9_IAS-M), Version 16.8.1, RELEASE SOFTWARE (fc3)
Technical Support: http://www.cisco.com/techsupport
Copyright (c) 1986-2018 by Cisco Systems, Inc.
Compiled Tue 27-Mar-18 10:56 by mcpre


Cisco IOS-XE software, Copyright (c) 2005-2018 by cisco Systems, Inc.
All rights reserved.  Certain components of Cisco IOS-XE software are
licensed under the GNU General Public License ("GPL") Version 2.0.  The
software code licensed under GPL Version 2.0 is free software that comes
with ABSOLUTELY NO WARRANTY.  You can redistribute and/or modify such
GPL code under the terms of GPL Version 2.0.  For more details, see the
documentation or "License Notice" file accompanying the IOS-XE software,
or the applicable URL provided on the flyer accompanying the IOS-XE
software.


ROM: IOS-XE ROMMON

cisco3 uptime is 20 weeks, 1 day, 22 hours, 49 minutes
Uptime for this control processor is 20 weeks, 1 day, 22 hours, 51 minutes
System returned to ROM by Reload Command at 13:54:45 PDT Mon May 13 2019
System restarted at 13:58:30 PDT Mon May 13 2019
System image file is "bootflash:c1100-universalk9_ias.16.08.01.SPA.bin"
Last reload reason: Reload Command



This product contains cryptographic features and is subject to United
States and local country laws governing import, export, transfer and
use. Delivery of Cisco cryptographic products does not imply
third-party authority to import, export, distribute or use encryption.
Importers, exporters, distributors and users are responsible for
compliance with U.S. and local country laws. By using this product you
agree to comply with applicable laws and regulations. If you are unable
to comply with U.S. and local laws, return this product immediately.

A summary of U.S. laws governing Cisco cryptographic products may be found at:
http://www.cisco.com/wwl/export/crypto/tool/stqrg.html

If you require further assistance please contact us by sending email to
export@cisco.com.



Suite License Information for Module:'esg' 

--------------------------------------------------------------------------------
Suite                 Suite Current         Type           Suite Next reboot     
--------------------------------------------------------------------------------
FoundationSuiteK9     None                  None           None                  
securityk9
appxk9


Technology Package License Information: 

-----------------------------------------------------------------
Technology    Technology-package           Technology-package
              Current       Type           Next reboot  
------------------------------------------------------------------
appxk9           None             None             None
securityk9       None             None             None
ipbase           ipbasek9         Permanent        ipbasek9

cisco C1111-4P (1RU) processor with 1456982K/6147K bytes of memory.
Processor board ID FGL222290LB
1 Virtual Ethernet interface
6 Gigabit Ethernet interfaces
32768K bytes of non-volatile configuration memory.
4194304K bytes of physical memory.
2863103K bytes of flash memory at bootflash:.
0K bytes of WebUI ODM Files at webui:.

Configuration register is 0x2102

cisco3#
DEBUG:paramiko.transport:starting thread (client mode): 0xa2c884e0
DEBUG:paramiko.transport:Local version/idstring: SSH-2.0-paramiko_2.6.0
DEBUG:paramiko.transport:Remote version/idstring: SSH-2.0-Cisco-1.25
INFO:paramiko.transport:Connected (version 2.0, client Cisco-1.25)
DEBUG:paramiko.transport:kex algos:['diffie-hellman-group-exchange-sha1', 'diffie-hellman-group14-sha1'] server key:['ssh-rsa'] client encrypt:['aes128-ctr', 'aes192-ctr', 'aes256-ctr'] server encrypt:['aes128-ctr', 'aes192-ctr', 'aes256-ctr'] client mac:['hmac-sha2-256', 'hmac-sha2-512', 'hmac-sha1', 'hmac-sha1-96'] server mac:['hmac-sha2-256', 'hmac-sha2-512', 'hmac-sha1', 'hmac-sha1-96'] client compress:['none'] server compress:['none'] client lang:[''] server lang:[''] kex follows?False
DEBUG:paramiko.transport:Kex agreed: diffie-hellman-group-exchange-sha1
DEBUG:paramiko.transport:HostKey agreed: ssh-rsa
DEBUG:paramiko.transport:Cipher agreed: aes128-ctr
DEBUG:paramiko.transport:MAC agreed: hmac-sha2-256
DEBUG:paramiko.transport:Compression agreed: none
DEBUG:paramiko.transport:Got server p (2048 bits)
DEBUG:paramiko.transport:kex engine KexGex specified hash_algo <built-in function openssl_sha1>
DEBUG:paramiko.transport:Switch to new keys ...
DEBUG:paramiko.transport:Adding ssh-rsa host key for cisco3.lasthop.io: b'31c7c985b918fcdf9defd03407b24e3e'
DEBUG:paramiko.transport:userauth is OK
INFO:paramiko.transport:Authentication (password) successful!
DEBUG:paramiko.transport:[chan 0] Max packet in: 32768 bytes
DEBUG:paramiko.transport:[chan 0] Max packet out: 4096 bytes
DEBUG:paramiko.transport:Secsh channel 0 opened.
DEBUG:paramiko.transport:[chan 0] Sesch channel 0 request ok
DEBUG:paramiko.transport:[chan 0] Sesch channel 0 request ok
DEBUG:netmiko:read_channel: 


cisco3#
DEBUG:netmiko:read_channel: 
DEBUG:netmiko:read_channel: 
DEBUG:netmiko:read_channel: 
DEBUG:netmiko:write_channel: b'\n'
DEBUG:netmiko:read_channel: 
DEBUG:netmiko:read_channel: 
DEBUG:netmiko:write_channel: b'\n'
DEBUG:netmiko:Sleep time: 0.1
DEBUG:netmiko:read_channel: 
DEBUG:netmiko:write_channel: b'\n'
DEBUG:netmiko:Sleep time: 0.2
DEBUG:netmiko:read_channel: 
DEBUG:netmiko:write_channel: b'\n'
DEBUG:netmiko:Sleep time: 0.4
DEBUG:netmiko:read_channel: 
DEBUG:netmiko:write_channel: b'\n'
DEBUG:netmiko:Sleep time: 0.8
DEBUG:netmiko:read_channel: 
DEBUG:netmiko:write_channel: b'\n'
DEBUG:netmiko:Sleep time: 1.6
DEBUG:netmiko:read_channel: 
DEBUG:netmiko:write_channel: b'\n'
DEBUG:netmiko:Sleep time: 3.2
DEBUG:netmiko:read_channel: 
cisco3#
cisco3#
cisco3#
cisco3#
cisco3#

DEBUG:netmiko:read_channel: 
DEBUG:netmiko:(find_prompt): prompt is cisco3#
DEBUG:netmiko:read_channel: 
DEBUG:netmiko:In disable_paging
DEBUG:netmiko:Command: terminal length 0

DEBUG:netmiko:write_channel: b'terminal length 0\n'
DEBUG:netmiko:Pattern is: terminal\ length\ 0
DEBUG:netmiko:_read_channel_expect read_data: cisco3#
DEBUG:netmiko:_read_channel_expect read_data: 
cisco3#
DEBUG:netmiko:_read_channel_expect read_data: t
DEBUG:netmiko:_read_channel_expect read_data: erminal length 0
DEBUG:netmiko:Pattern found: terminal\ length\ 0 cisco3#
cisco3#terminal length 0
DEBUG:netmiko:cisco3#
cisco3#terminal length 0
DEBUG:netmiko:Exiting disable_paging
DEBUG:netmiko:write_channel: b'terminal width 511\n'
DEBUG:netmiko:Pattern is: terminal\ width\ 511
DEBUG:netmiko:_read_channel_expect read_data: 

DEBUG:netmiko:_read_channel_expect read_data: cisco3#
DEBUG:netmiko:_read_channel_expect read_data: t
DEBUG:netmiko:_read_channel_expect read_data: erminal width 511
DEBUG:netmiko:Pattern found: terminal\ width\ 511 
cisco3#terminal width 511
DEBUG:netmiko:read_channel: 
cisco3#
DEBUG:netmiko:read_channel: 
DEBUG:netmiko:write_channel: b'\n'
DEBUG:netmiko:read_channel: 
DEBUG:netmiko:read_channel: 
DEBUG:netmiko:write_channel: b'\n'
DEBUG:netmiko:Sleep time: 0.1
DEBUG:netmiko:read_channel: 
DEBUG:netmiko:write_channel: b'\n'
DEBUG:netmiko:Sleep time: 0.2
DEBUG:netmiko:read_channel: 
DEBUG:netmiko:write_channel: b'\n'
DEBUG:netmiko:Sleep time: 0.4
DEBUG:netmiko:read_channel: 
DEBUG:netmiko:write_channel: b'\n'
DEBUG:netmiko:Sleep time: 0.8
DEBUG:netmiko:read_channel: 
cisco3#
DEBUG:netmiko:read_channel: 
DEBUG:netmiko:(find_prompt): prompt is cisco3#
DEBUG:netmiko:read_channel: 
DEBUG:netmiko:write_channel: b'show version\n'
DEBUG:netmiko:read_channel: 
DEBUG:netmiko:read_channel: 
cisco3#
cisco3#
cisco3#
cisco3#
DEBUG:paramiko.transport:starting thread (client mode): 0x2a49bdd8
DEBUG:paramiko.transport:Local version/idstring: SSH-2.0-paramiko_2.6.0
DEBUG:paramiko.transport:Remote version/idstring: SSH-2.0-Cisco-1.25
INFO:paramiko.transport:Connected (version 2.0, client Cisco-1.25)
DEBUG:paramiko.transport:kex algos:['diffie-hellman-group-exchange-sha1', 'diffie-hellman-group14-sha1'] server key:['ssh-rsa'] client encrypt:['aes128-ctr', 'aes192-ctr', 'aes256-ctr'] server encrypt:['aes128-ctr', 'aes192-ctr', 'aes256-ctr'] client mac:['hmac-sha2-256', 'hmac-sha2-512', 'hmac-sha1', 'hmac-sha1-96'] server mac:['hmac-sha2-256', 'hmac-sha2-512', 'hmac-sha1', 'hmac-sha1-96'] client compress:['none'] server compress:['none'] client lang:[''] server lang:[''] kex follows?False
DEBUG:paramiko.transport:Kex agreed: diffie-hellman-group-exchange-sha1
DEBUG:paramiko.transport:HostKey agreed: ssh-rsa
DEBUG:paramiko.transport:Cipher agreed: aes128-ctr
DEBUG:paramiko.transport:MAC agreed: hmac-sha2-256
DEBUG:paramiko.transport:Compression agreed: none
DEBUG:paramiko.transport:Got server p (2048 bits)
DEBUG:paramiko.transport:kex engine KexGex specified hash_algo <built-in function openssl_sha1>
DEBUG:paramiko.transport:Switch to new keys ...
DEBUG:paramiko.transport:Adding ssh-rsa host key for cisco3.lasthop.io: b'31c7c985b918fcdf9defd03407b24e3e'
DEBUG:paramiko.transport:userauth is OK
INFO:paramiko.transport:Authentication (password) successful!
DEBUG:paramiko.transport:[chan 0] Max packet in: 32768 bytes
DEBUG:paramiko.transport:[chan 0] Max packet out: 4096 bytes
DEBUG:paramiko.transport:Secsh channel 0 opened.
DEBUG:paramiko.transport:[chan 0] Sesch channel 0 request ok
DEBUG:paramiko.transport:[chan 0] Sesch channel 0 request ok
DEBUG:netmiko:read_channel: 


cisco3#
DEBUG:netmiko:read_channel: 
DEBUG:netmiko:read_channel: 
DEBUG:netmiko:read_channel: 
DEBUG:paramiko.transport:starting thread (client mode): 0x1c5e3898
DEBUG:paramiko.transport:Local version/idstring: SSH-2.0-paramiko_2.6.0
DEBUG:paramiko.transport:Remote version/idstring: SSH-2.0-Cisco-1.25
INFO:paramiko.transport:Connected (version 2.0, client Cisco-1.25)
DEBUG:paramiko.transport:kex algos:['diffie-hellman-group-exchange-sha1', 'diffie-hellman-group14-sha1'] server key:['ssh-rsa'] client encrypt:['aes128-ctr', 'aes192-ctr', 'aes256-ctr'] server encrypt:['aes128-ctr', 'aes192-ctr', 'aes256-ctr'] client mac:['hmac-sha2-256', 'hmac-sha2-512', 'hmac-sha1', 'hmac-sha1-96'] server mac:['hmac-sha2-256', 'hmac-sha2-512', 'hmac-sha1', 'hmac-sha1-96'] client compress:['none'] server compress:['none'] client lang:[''] server lang:[''] kex follows?False
DEBUG:paramiko.transport:Kex agreed: diffie-hellman-group-exchange-sha1
DEBUG:paramiko.transport:HostKey agreed: ssh-rsa
DEBUG:paramiko.transport:Cipher agreed: aes128-ctr
DEBUG:paramiko.transport:MAC agreed: hmac-sha2-256
DEBUG:paramiko.transport:Compression agreed: none
DEBUG:paramiko.transport:Got server p (2048 bits)
DEBUG:paramiko.transport:kex engine KexGex specified hash_algo <built-in function openssl_sha1>
DEBUG:paramiko.transport:Switch to new keys ...
DEBUG:paramiko.transport:Adding ssh-rsa host key for cisco3.lasthop.io: b'31c7c985b918fcdf9defd03407b24e3e'
DEBUG:paramiko.transport:userauth is OK
INFO:paramiko.transport:Authentication (password) successful!
DEBUG:paramiko.transport:[chan 0] Max packet in: 32768 bytes
DEBUG:paramiko.transport:[chan 0] Max packet out: 4096 bytes
DEBUG:paramiko.transport:Secsh channel 0 opened.
DEBUG:paramiko.transport:[chan 0] Sesch channel 0 request ok
DEBUG:paramiko.transport:[chan 0] Sesch channel 0 request ok
DEBUG:netmiko:read_channel: 


cisco3#
DEBUG:netmiko:read_channel: 
DEBUG:netmiko:read_channel: 
DEBUG:netmiko:read_channel: 
DEBUG:netmiko:write_channel: b'\n'
DEBUG:netmiko:read_channel: 
DEBUG:netmiko:read_channel: 
DEBUG:netmiko:write_channel: b'\n'
DEBUG:netmiko:Sleep time: 0.1
DEBUG:netmiko:read_channel: 
DEBUG:netmiko:write_channel: b'\n'
DEBUG:netmiko:Sleep time: 0.2
DEBUG:netmiko:read_channel: 
DEBUG:netmiko:write_channel: b'\n'
DEBUG:netmiko:Sleep time: 0.4
DEBUG:netmiko:read_channel: 
DEBUG:netmiko:write_channel: b'\n'
DEBUG:netmiko:Sleep time: 0.8
DEBUG:netmiko:read_channel: 
cisco3#
DEBUG:netmiko:read_channel: 
cisco3#
cisco3#
cisco3#
cisco3#
DEBUG:paramiko.transport:starting thread (client mode): 0x1b7e4898
DEBUG:paramiko.transport:Local version/idstring: SSH-2.0-paramiko_2.6.0
DEBUG:paramiko.transport:Remote version/idstring: SSH-2.0-Cisco-1.25
INFO:paramiko.transport:Connected (version 2.0, client Cisco-1.25)
DEBUG:paramiko.transport:kex algos:['diffie-hellman-group-exchange-sha1', 'diffie-hellman-group14-sha1'] server key:['ssh-rsa'] client encrypt:['aes128-ctr', 'aes192-ctr', 'aes256-ctr'] server encrypt:['aes128-ctr', 'aes192-ctr', 'aes256-ctr'] client mac:['hmac-sha2-256', 'hmac-sha2-512', 'hmac-sha1', 'hmac-sha1-96'] server mac:['hmac-sha2-256', 'hmac-sha2-512', 'hmac-sha1', 'hmac-sha1-96'] client compress:['none'] server compress:['none'] client lang:[''] server lang:[''] kex follows?False
DEBUG:paramiko.transport:Kex agreed: diffie-hellman-group-exchange-sha1
DEBUG:paramiko.transport:HostKey agreed: ssh-rsa
DEBUG:paramiko.transport:Cipher agreed: aes128-ctr
DEBUG:paramiko.transport:MAC agreed: hmac-sha2-256
DEBUG:paramiko.transport:Compression agreed: none
DEBUG:paramiko.transport:Got server p (2048 bits)
DEBUG:paramiko.transport:kex engine KexGex specified hash_algo <built-in function openssl_sha1>
DEBUG:paramiko.transport:Switch to new keys ...
DEBUG:paramiko.transport:Adding ssh-rsa host key for cisco3.lasthop.io: b'31c7c985b918fcdf9defd03407b24e3e'
DEBUG:paramiko.transport:userauth is OK
INFO:paramiko.transport:Authentication (password) successful!
DEBUG:paramiko.transport:[chan 0] Max packet in: 32768 bytes
DEBUG:paramiko.transport:[chan 0] Max packet out: 4096 bytes
DEBUG:paramiko.transport:Secsh channel 0 opened.
DEBUG:paramiko.transport:[chan 0] Sesch channel 0 request ok
DEBUG:paramiko.transport:[chan 0] Sesch channel 0 request ok
DEBUG:netmiko:read_channel: 


cisco3#
DEBUG:netmiko:read_channel: 
DEBUG:netmiko:read_channel: 
DEBUG:netmiko:read_channel: 
DEBUG:netmiko:write_channel: b'\n'
DEBUG:netmiko:read_channel: 
DEBUG:netmiko:read_channel: 
DEBUG:netmiko:write_channel: b'\n'
DEBUG:netmiko:Sleep time: 0.1
DEBUG:netmiko:read_channel: 
DEBUG:netmiko:write_channel: b'\n'
DEBUG:netmiko:Sleep time: 0.2
DEBUG:netmiko:read_channel: 
DEBUG:netmiko:write_channel: b'\n'
DEBUG:netmiko:Sleep time: 0.4
DEBUG:netmiko:read_channel: 
DEBUG:netmiko:write_channel: b'\n'
DEBUG:netmiko:Sleep time: 0.8
DEBUG:netmiko:read_channel: 
cisco3#
DEBUG:netmiko:read_channel: 
DEBUG:netmiko:(find_prompt): prompt is cisco3#
DEBUG:netmiko:read_channel: 
DEBUG:netmiko:In disable_paging
DEBUG:netmiko:Command: terminal length 0

DEBUG:netmiko:write_channel: b'terminal length 0\n'
DEBUG:netmiko:Pattern is: terminal\ length\ 0
DEBUG:netmiko:_read_channel_expect read_data: 
cisco3#
DEBUG:netmiko:_read_channel_expect read_data: 
cisco3#
cisco3#
cisco3#
DEBUG:netmiko:_read_channel_expect read_data: te
DEBUG:netmiko:_read_channel_expect read_data: rminal length 0
cisco3#
DEBUG:netmiko:Pattern found: terminal\ length\ 0 
cisco3#
cisco3#
cisco3#
cisco3#terminal length 0
cisco3#
DEBUG:netmiko:
cisco3#
cisco3#
cisco3#
cisco3#terminal length 0
cisco3#
DEBUG:netmiko:Exiting disable_paging
DEBUG:netmiko:write_channel: b'terminal width 511\n'
DEBUG:netmiko:Pattern is: terminal\ width\ 511
DEBUG:netmiko:_read_channel_expect read_data: t
DEBUG:netmiko:_read_channel_expect read_data: erminal width 51
DEBUG:netmiko:_read_channel_expect read_data: 1
cisco3#
DEBUG:netmiko:Pattern found: terminal\ width\ 511 terminal width 511
cisco3#
DEBUG:netmiko:read_channel: 
DEBUG:netmiko:read_channel: 
DEBUG:netmiko:write_channel: b'\n'
DEBUG:netmiko:read_channel: 
DEBUG:netmiko:read_channel: 
DEBUG:netmiko:write_channel: b'\n'
DEBUG:netmiko:Sleep time: 0.1
DEBUG:netmiko:read_channel: 
DEBUG:netmiko:write_channel: b'\n'
DEBUG:netmiko:Sleep time: 0.2
DEBUG:netmiko:read_channel: 
DEBUG:netmiko:write_channel: b'\n'
DEBUG:netmiko:Sleep time: 0.4
DEBUG:netmiko:read_channel: 
DEBUG:netmiko:write_channel: b'\n'
DEBUG:netmiko:Sleep time: 0.8
DEBUG:netmiko:read_channel: 
cisco3#
DEBUG:netmiko:read_channel: 
DEBUG:netmiko:(find_prompt): prompt is cisco3#
DEBUG:netmiko:read_channel: 
DEBUG:netmiko:write_channel: b'show version\n'
DEBUG:netmiko:read_channel: 
DEBUG:netmiko:read_channel: 
DEBUG:netmiko:read_channel: 
DEBUG:netmiko:read_channel: 
DEBUG:netmiko:read_channel: 
DEBUG:netmiko:read_channel: 
DEBUG:netmiko:read_channel: 
DEBUG:netmiko:read_channel: 
DEBUG:netmiko:read_channel: 
DEBUG:netmiko:read_channel: 
DEBUG:netmiko:read_channel: 
DEBUG:netmiko:read_channel: 
DEBUG:netmiko:read_channel: 
DEBUG:netmiko:read_channel: 
DEBUG:netmiko:read_channel: 
DEBUG:netmiko:read_channel: 
DEBUG:netmiko:read_channel: 
DEBUG:netmiko:read_channel: 
DEBUG:netmiko:read_channel: 
DEBUG:netmiko:read_channel: 
DEBUG:netmiko:read_channel: 
cisco3#
cisco3#
cisco3#
cisco3#
DEBUG:paramiko.transport:starting thread (client mode): 0xb16d550
DEBUG:paramiko.transport:Local version/idstring: SSH-2.0-paramiko_2.6.0
DEBUG:paramiko.transport:Remote version/idstring: SSH-2.0-Cisco-1.25
INFO:paramiko.transport:Connected (version 2.0, client Cisco-1.25)
DEBUG:paramiko.transport:kex algos:['diffie-hellman-group-exchange-sha1', 'diffie-hellman-group14-sha1'] server key:['ssh-rsa'] client encrypt:['aes128-ctr', 'aes192-ctr', 'aes256-ctr'] server encrypt:['aes128-ctr', 'aes192-ctr', 'aes256-ctr'] client mac:['hmac-sha2-256', 'hmac-sha2-512', 'hmac-sha1', 'hmac-sha1-96'] server mac:['hmac-sha2-256', 'hmac-sha2-512', 'hmac-sha1', 'hmac-sha1-96'] client compress:['none'] server compress:['none'] client lang:[''] server lang:[''] kex follows?False
DEBUG:paramiko.transport:Kex agreed: diffie-hellman-group-exchange-sha1
DEBUG:paramiko.transport:HostKey agreed: ssh-rsa
DEBUG:paramiko.transport:Cipher agreed: aes128-ctr
DEBUG:paramiko.transport:MAC agreed: hmac-sha2-256
DEBUG:paramiko.transport:Compression agreed: none
DEBUG:paramiko.transport:Got server p (2048 bits)
DEBUG:paramiko.transport:kex engine KexGex specified hash_algo <built-in function openssl_sha1>
DEBUG:paramiko.transport:Switch to new keys ...
DEBUG:paramiko.transport:Adding ssh-rsa host key for cisco3.lasthop.io: b'31c7c985b918fcdf9defd03407b24e3e'
DEBUG:paramiko.transport:userauth is OK
INFO:paramiko.transport:Authentication (password) successful!
DEBUG:paramiko.transport:[chan 0] Max packet in: 32768 bytes
DEBUG:paramiko.transport:[chan 0] Max packet out: 4096 bytes
DEBUG:paramiko.transport:Secsh channel 0 opened.
DEBUG:paramiko.transport:[chan 0] Sesch channel 0 request ok
DEBUG:paramiko.transport:[chan 0] Sesch channel 0 request ok
DEBUG:netmiko:read_channel: 


cisco3#
DEBUG:netmiko:read_channel: 
DEBUG:netmiko:read_channel: 
DEBUG:netmiko:read_channel: 
DEBUG:netmiko:write_channel: b'\n'
DEBUG:netmiko:read_channel: 
DEBUG:netmiko:read_channel: 
DEBUG:netmiko:write_channel: b'\n'
DEBUG:netmiko:Sleep time: 0.1
DEBUG:netmiko:read_channel: 
DEBUG:netmiko:write_channel: b'\n'
DEBUG:netmiko:Sleep time: 0.2
DEBUG:netmiko:read_channel: 
DEBUG:netmiko:write_channel: b'\n'
DEBUG:netmiko:Sleep time: 0.4
DEBUG:netmiko:read_channel: 
DEBUG:netmiko:write_channel: b'\n'
DEBUG:netmiko:Sleep time: 0.8
DEBUG:netmiko:read_channel: 
cisco3#
DEBUG:netmiko:read_channel: 
DEBUG:netmiko:(find_prompt): prompt is cisco3#
DEBUG:netmiko:read_channel: 
DEBUG:netmiko:In disable_paging
DEBUG:netmiko:Command: terminal length 0

DEBUG:netmiko:write_channel: b'terminal length 0\n'
DEBUG:netmiko:Pattern is: terminal\ length\ 0
DEBUG:netmiko:_read_channel_expect read_data: 
cisco3#
DEBUG:netmiko:_read_channel_expect read_data: 
cisco3#
cisco3#
cisco3#
DEBUG:netmiko:_read_channel_expect read_data: t
DEBUG:netmiko:_read_channel_expect read_data: erminal length 0
cisco3#
DEBUG:netmiko:Pattern found: terminal\ length\ 0 
cisco3#
cisco3#
cisco3#
cisco3#terminal length 0
cisco3#
DEBUG:netmiko:
cisco3#
cisco3#
cisco3#
cisco3#terminal length 0
cisco3#
DEBUG:netmiko:Exiting disable_paging
DEBUG:netmiko:write_channel: b'terminal width 511\n'
DEBUG:netmiko:Pattern is: terminal\ width\ 511
DEBUG:netmiko:_read_channel_expect read_data: t
DEBUG:netmiko:_read_channel_expect read_data: erminal width 511
cisco3#
DEBUG:netmiko:Pattern found: terminal\ width\ 511 terminal width 511
cisco3#
DEBUG:netmiko:read_channel: 
DEBUG:netmiko:read_channel: 
DEBUG:netmiko:write_channel: b'\n'
DEBUG:netmiko:read_channel: 
DEBUG:netmiko:read_channel: 
DEBUG:netmiko:write_channel: b'\n'
DEBUG:netmiko:Sleep time: 0.1
DEBUG:netmiko:read_channel: 
DEBUG:netmiko:write_channel: b'\n'
DEBUG:netmiko:Sleep time: 0.2
DEBUG:netmiko:read_channel: 
DEBUG:netmiko:write_channel: b'\n'
DEBUG:netmiko:Sleep time: 0.4
DEBUG:netmiko:read_channel: 
DEBUG:netmiko:write_channel: b'\n'
DEBUG:netmiko:Sleep time: 0.8
DEBUG:netmiko:read_channel: 
cisco3#
DEBUG:netmiko:read_channel: 
DEBUG:netmiko:(find_prompt): prompt is cisco3#
DEBUG:netmiko:read_channel: 
cisco3#
cisco3#
cisco3#
cisco3#
DEBUG:netmiko:Clear buffer detect items in channel
DEBUG:netmiko:read_channel: 
DEBUG:netmiko:write_channel: b'show version\n'
DEBUG:netmiko:Pattern is: show\ version
DEBUG:netmiko:_read_channel_expect read_data: sh
DEBUG:netmiko:_read_channel_expect read_data: ow ver
DEBUG:netmiko:_read_channel_expect read_data: si
DEBUG:netmiko:_read_channel_expect read_data: on

DEBUG:netmiko:Pattern found: show\ version show version

DEBUG:netmiko:read_channel: 
DEBUG:netmiko:read_channel: 
DEBUG:netmiko:read_channel: 
DEBUG:netmiko:read_channel: 
DEBUG:netmiko:read_channel: 
DEBUG:netmiko:read_channel: 
DEBUG:netmiko:read_channel: 
DEBUG:netmiko:read_channel: 
DEBUG:netmiko:read_channel: 
DEBUG:netmiko:read_channel: 
DEBUG:netmiko:read_channel: Cisco IOS XE Software, Version 16.08.01
Cisco IOS Software [Fuji], ISR Software (ARMV8EB_LINUX_IOSD-UNIVERSALK9_IAS-M), Version 16.8.1, RELEASE SOFTWARE (fc3)
Technical Support: http://www.cisco.com/techsupport
Copyright (c) 1986-2018 by Cisco Systems, Inc.
Compiled Tue 27-Mar-18 10:56 by mcpre


Cisco IOS-XE software, Copyright (c) 2005-2018 by cisco Systems, Inc.
All rights reserved.  Certain components of Cisco IOS-XE software are
licensed under the GNU General Public License ("GPL") Version 2.0.  The
software code licensed under GPL Version 2.0 is free software that comes
with ABSOLUTELY NO WARRANTY.  You can redistribute and/or modify such
GPL code under the terms of GPL Version 2.0.  For more details, see the
documentation or "License Notice" file accompanying the IOS-XE software,
or the applicable URL provided on the flyer accompanying the IOS-XE
software.


ROM: IOS-XE ROMMON

cisco3 uptime is 20 weeks, 1 day, 23 hours, 19 minutes
Uptime for this control processor is 20 weeks, 1 day, 23 hours, 22 minutes
System returned to ROM by Reload Command at 13:54:45 PDT Mon May 13 2019
System restarted at 13:58:30 PDT Mon May 13 2019
System image file is "bootflash:c1100-universalk9_ias.16.08.01.SPA.bin"
Last reload reason: Reload Command



This product contains cryptographic features and is subject to United
States and local country laws governing import, export, transfer and
use. Delivery of Cisco cryptographic products does not imply
third-party authority to import, export, distribute or use encryption.
Importers, exporters, distributors and users are responsible for
compliance with U.S. and local country laws. By using this product you
agree to comply with applicable laws and regulations. If you are unable
to comply with U.S. and local laws, return this product immediately.

A summary of U.S. laws governing Cisco cryptographic products may be found at:
http://www.cisco.com/wwl/export/crypto/tool/stqrg.html

If you require further assistance please contact us by sending email to
export@cisco.com.



Suite License Information for Module:'esg' 

--------------------------------------------------------------------------------
Suite                 Suite Current         Type           Suite Next reboot     
--------------------------------------------------------------------------------
FoundationSuiteK9     None                  None           None                  
securityk9
appxk9


Technology Package License Information: 

-----------------------------------------------------------------
Technology    Technology-package           Technology-package
              Current       Type           Next reboot  
------------------------------------------------------------------
appxk9           None             None             None
securityk9       None             None             None
ipbase           ipbasek9         Permanent        ipbasek9

cisco C1111-4P (1RU) processor with 1456982K/6147K bytes of memory.
Processor board ID FGL222290LB
1 Virtual Ethernet interface
6 Gigabit Ethernet interfaces
32768K bytes of non-volatile configuration memory.
4194304K bytes of physical memory.
2863103K bytes of flash memory at bootflash:.
0K bytes of WebUI ODM Files at webui:.

Configuration register is 0x2102

cisco3#
DEBUG:paramiko.transport:starting thread (client mode): 0x1cd4550
DEBUG:paramiko.transport:Local version/idstring: SSH-2.0-paramiko_2.6.0
DEBUG:paramiko.transport:Remote version/idstring: SSH-2.0-Cisco-1.25
INFO:paramiko.transport:Connected (version 2.0, client Cisco-1.25)
DEBUG:paramiko.transport:kex algos:['diffie-hellman-group-exchange-sha1', 'diffie-hellman-group14-sha1'] server key:['ssh-rsa'] client encrypt:['aes128-ctr', 'aes192-ctr', 'aes256-ctr'] server encrypt:['aes128-ctr', 'aes192-ctr', 'aes256-ctr'] client mac:['hmac-sha2-256', 'hmac-sha2-512', 'hmac-sha1', 'hmac-sha1-96'] server mac:['hmac-sha2-256', 'hmac-sha2-512', 'hmac-sha1', 'hmac-sha1-96'] client compress:['none'] server compress:['none'] client lang:[''] server lang:[''] kex follows?False
DEBUG:paramiko.transport:Kex agreed: diffie-hellman-group-exchange-sha1
DEBUG:paramiko.transport:HostKey agreed: ssh-rsa
DEBUG:paramiko.transport:Cipher agreed: aes128-ctr
DEBUG:paramiko.transport:MAC agreed: hmac-sha2-256
DEBUG:paramiko.transport:Compression agreed: none
DEBUG:paramiko.transport:Got server p (2048 bits)
DEBUG:paramiko.transport:kex engine KexGex specified hash_algo <built-in function openssl_sha1>
DEBUG:paramiko.transport:Switch to new keys ...
DEBUG:paramiko.transport:Adding ssh-rsa host key for cisco3.lasthop.io: b'31c7c985b918fcdf9defd03407b24e3e'
DEBUG:paramiko.transport:userauth is OK
INFO:paramiko.transport:Authentication (password) successful!
DEBUG:paramiko.transport:[chan 0] Max packet in: 32768 bytes
DEBUG:paramiko.transport:[chan 0] Max packet out: 4096 bytes
DEBUG:paramiko.transport:Secsh channel 0 opened.
DEBUG:paramiko.transport:[chan 0] Sesch channel 0 request ok
DEBUG:paramiko.transport:[chan 0] Sesch channel 0 request ok
DEBUG:netmiko:read_channel: 


cisco3#
DEBUG:netmiko:read_channel: 
DEBUG:netmiko:read_channel: 
DEBUG:netmiko:read_channel: 
DEBUG:netmiko:write_channel: b'\n'
DEBUG:netmiko:read_channel: 
DEBUG:netmiko:read_channel: 
DEBUG:netmiko:write_channel: b'\n'
DEBUG:netmiko:Sleep time: 0.1
DEBUG:netmiko:read_channel: 
DEBUG:netmiko:write_channel: b'\n'
DEBUG:netmiko:Sleep time: 0.2
DEBUG:netmiko:read_channel: 
DEBUG:netmiko:write_channel: b'\n'
DEBUG:netmiko:Sleep time: 0.4
DEBUG:netmiko:read_channel: 
DEBUG:netmiko:write_channel: b'\n'
DEBUG:netmiko:Sleep time: 0.8
DEBUG:netmiko:read_channel: 
cisco3#
DEBUG:netmiko:read_channel: 
DEBUG:netmiko:(find_prompt): prompt is cisco3#
DEBUG:netmiko:read_channel: 
DEBUG:netmiko:In disable_paging
DEBUG:netmiko:Command: terminal length 0

DEBUG:netmiko:write_channel: b'terminal length 0\n'
DEBUG:netmiko:Pattern is: terminal\ length\ 0
DEBUG:netmiko:_read_channel_expect read_data: 
cisco3#
DEBUG:netmiko:_read_channel_expect read_data: 
cisco3#
cisco3#
cisco3#
DEBUG:netmiko:_read_channel_expect read_data: t
DEBUG:netmiko:_read_channel_expect read_data: erminal length 0
cisco3#
DEBUG:netmiko:Pattern found: terminal\ length\ 0 
cisco3#
cisco3#
cisco3#
cisco3#terminal length 0
cisco3#
DEBUG:netmiko:
cisco3#
cisco3#
cisco3#
cisco3#terminal length 0
cisco3#
DEBUG:netmiko:Exiting disable_paging
DEBUG:netmiko:write_channel: b'terminal width 511\n'
DEBUG:netmiko:Pattern is: terminal\ width\ 511
DEBUG:netmiko:_read_channel_expect read_data: t
DEBUG:netmiko:_read_channel_expect read_data: erminal width 5
DEBUG:netmiko:_read_channel_expect read_data: 11
cisco3#
DEBUG:netmiko:Pattern found: terminal\ width\ 511 terminal width 511
cisco3#
DEBUG:netmiko:read_channel: 
DEBUG:netmiko:read_channel: 
DEBUG:netmiko:write_channel: b'\n'
DEBUG:netmiko:read_channel: 
DEBUG:netmiko:read_channel: 
DEBUG:netmiko:write_channel: b'\n'
DEBUG:netmiko:Sleep time: 0.1
DEBUG:netmiko:read_channel: 
DEBUG:netmiko:write_channel: b'\n'
DEBUG:netmiko:Sleep time: 0.2
DEBUG:netmiko:read_channel: 
DEBUG:netmiko:write_channel: b'\n'
DEBUG:netmiko:Sleep time: 0.4
DEBUG:netmiko:read_channel: 
DEBUG:netmiko:write_channel: b'\n'
DEBUG:netmiko:Sleep time: 0.8
DEBUG:netmiko:read_channel: 
DEBUG:netmiko:write_channel: b'\n'
DEBUG:netmiko:Sleep time: 1.6
DEBUG:netmiko:read_channel: 
cisco3#
DEBUG:netmiko:read_channel: 
DEBUG:netmiko:(find_prompt): prompt is cisco3#
DEBUG:netmiko:read_channel: 
cisco3#
cisco3#
cisco3#
cisco3#
cisco3#
DEBUG:netmiko:Clear buffer detect items in channel
DEBUG:netmiko:read_channel: 
DEBUG:netmiko:write_channel: b'show version\n'
DEBUG:netmiko:Pattern is: show\ version
DEBUG:netmiko:_read_channel_expect read_data: sh
DEBUG:netmiko:_read_channel_expect read_data: ow version

DEBUG:netmiko:Pattern found: show\ version show version

DEBUG:netmiko:read_channel: 
DEBUG:netmiko:read_channel: Cisco IOS XE Software, Version 16.08.01
Cisco IOS Software [Fuji], ISR Software (ARMV8EB_LINUX_IOSD-UNIVERSALK9_IAS-M), Version 16.8.1, RELEASE SOFTWARE (fc3)
Technical Support: http://www.cisco.com/techsupport
Copyright (c) 1986-2018 by Cisco Systems, Inc.
Compiled Tue 27-Mar-18 10:56 by mcpre


Cisco IOS-XE software, Copyright (c) 2005-2018 by cisco Systems, Inc.
All rights reserved.  Certain components of Cisco IOS-XE software are
licensed under the GNU General Public License ("GPL") Version 2.0.  The
software code licensed under GPL Version 2.0 is free software that comes
with ABSOLUTELY NO WARRANTY.  You can redistribute and/or modify such
GPL code under the terms of GPL Version 2.0.  For more details, see the
documentation or "License Notice" file accompanying the IOS-XE software,
or the applicable URL provided on the flyer accompanying the IOS-XE
software.


ROM: IOS-XE ROMMON

cisco3 uptime is 20 weeks, 1 day, 23 hours, 20 minutes
Uptime for this control processor is 20 weeks, 1 day, 23 hours, 22 minutes
System returned to ROM by Reload Command at 13:54:45 PDT Mon May 13 2019
System restarted at 13:58:30 PDT Mon May 13 2019
System image file is "bootflash:c1100-universalk9_ias.16.08.01.SPA.bin"
Last reload reason: Reload Command



This product contains cryptographic features and is subject to United
States and local country laws governing import, export, transfer and
use. Delivery of Cisco cryptographic products does not imply
third-party authority to import, export, distribute or use encryption.
Importers, exporters, distributors and users are responsible for
compliance with U.S. and local country laws. By using this product you
agree to comply with applicable laws and regulations. If you are unable
to comply with U.S. and local laws, return this product immediately.

A summary of U.S. laws governing Cisco cryptographic products may be found at:
http://www.cisco.com/wwl/export/crypto/tool/stqrg.html

If you require further assistance please contact us by sending email to
export@cisco.com.



Suite License Information for Module:'esg' 

--------------------------------------------------------------------------------
Suite                 Suite Current         Type           Suite Next reboot     
--------------------------------------------------------------------------------
FoundationSuiteK9     None                  None           None                  
securityk9
appxk9


Technology Package License Information: 

-----------------------------------------------------------------
Technology    Technology-package           Technology-package
              Current       Type           Next reboot  
------------------------------------------------------------------
appxk9           None             None             None
securityk9       None             None             None
ipbase           ipbasek9         Permanent        ipbasek9

cisco C1111-4P (1RU) processor with 1456982K/6147K bytes of memory.
Processor board ID FGL222290LB
1 Virtual Ethernet interface
6 Gigabit Ethernet interfaces
32768K bytes of non-volatile configuration memory.
4194304K bytes of physical memory.
2863103K bytes of flash memory at bootflash:.
0K bytes of WebUI ODM Files at webui:.

Configuration register is 0x2102

cisco3#
DEBUG:paramiko.transport:starting thread (client mode): 0x1ff23080
DEBUG:paramiko.transport:Local version/idstring: SSH-2.0-paramiko_2.6.0
DEBUG:paramiko.transport:Remote version/idstring: SSH-2.0-Cisco-1.25
INFO:paramiko.transport:Connected (version 2.0, client Cisco-1.25)
DEBUG:paramiko.transport:kex algos:['diffie-hellman-group-exchange-sha1', 'diffie-hellman-group14-sha1'] server key:['ssh-rsa'] client encrypt:['aes128-ctr', 'aes192-ctr', 'aes256-ctr'] server encrypt:['aes128-ctr', 'aes192-ctr', 'aes256-ctr'] client mac:['hmac-sha2-256', 'hmac-sha2-512', 'hmac-sha1', 'hmac-sha1-96'] server mac:['hmac-sha2-256', 'hmac-sha2-512', 'hmac-sha1', 'hmac-sha1-96'] client compress:['none'] server compress:['none'] client lang:[''] server lang:[''] kex follows?False
DEBUG:paramiko.transport:Kex agreed: diffie-hellman-group-exchange-sha1
DEBUG:paramiko.transport:HostKey agreed: ssh-rsa
DEBUG:paramiko.transport:Cipher agreed: aes128-ctr
DEBUG:paramiko.transport:MAC agreed: hmac-sha2-256
DEBUG:paramiko.transport:Compression agreed: none
DEBUG:paramiko.transport:Got server p (2048 bits)
DEBUG:paramiko.transport:kex engine KexGex specified hash_algo <built-in function openssl_sha1>
DEBUG:paramiko.transport:Switch to new keys ...
DEBUG:paramiko.transport:Adding ssh-rsa host key for cisco3.lasthop.io: b'31c7c985b918fcdf9defd03407b24e3e'
DEBUG:paramiko.transport:userauth is OK
INFO:paramiko.transport:Authentication (password) successful!
DEBUG:paramiko.transport:[chan 0] Max packet in: 32768 bytes
DEBUG:paramiko.transport:[chan 0] Max packet out: 4096 bytes
DEBUG:paramiko.transport:Secsh channel 0 opened.
DEBUG:paramiko.transport:[chan 0] Sesch channel 0 request ok
DEBUG:paramiko.transport:[chan 0] Sesch channel 0 request ok
DEBUG:netmiko:read_channel: 

cisco3#
DEBUG:netmiko:read_channel: 
DEBUG:netmiko:read_channel: 
DEBUG:netmiko:read_channel: 
DEBUG:netmiko:write_channel: b'\n'
DEBUG:netmiko:read_channel: 
DEBUG:netmiko:read_channel: 
DEBUG:netmiko:write_channel: b'\n'
DEBUG:netmiko:Sleep time: 0.1
DEBUG:netmiko:read_channel: 
DEBUG:netmiko:write_channel: b'\n'
DEBUG:netmiko:Sleep time: 0.2
DEBUG:netmiko:read_channel: 
DEBUG:netmiko:write_channel: b'\n'
DEBUG:netmiko:Sleep time: 0.4
DEBUG:netmiko:read_channel: 
DEBUG:netmiko:write_channel: b'\n'
DEBUG:netmiko:Sleep time: 0.8
DEBUG:netmiko:read_channel: 
cisco3#
DEBUG:netmiko:read_channel: 
DEBUG:netmiko:(find_prompt): prompt is cisco3#
DEBUG:netmiko:read_channel: 
DEBUG:netmiko:In disable_paging
DEBUG:netmiko:Command: terminal length 0

DEBUG:netmiko:write_channel: b'terminal length 0\n'
DEBUG:netmiko:Pattern is: terminal\ length\ 0
DEBUG:netmiko:_read_channel_expect read_data: 
cisco3#
DEBUG:netmiko:_read_channel_expect read_data: 
cisco3#
cisco3#
cisco3#
DEBUG:netmiko:_read_channel_expect read_data: te
DEBUG:netmiko:_read_channel_expect read_data: rminal length 0
cisco3#
DEBUG:netmiko:Pattern found: terminal\ length\ 0 
cisco3#
cisco3#
cisco3#
cisco3#terminal length 0
cisco3#
DEBUG:netmiko:
cisco3#
cisco3#
cisco3#
cisco3#terminal length 0
cisco3#
DEBUG:netmiko:Exiting disable_paging
DEBUG:netmiko:write_channel: b'terminal width 511\n'
DEBUG:netmiko:Pattern is: terminal\ width\ 511
DEBUG:netmiko:_read_channel_expect read_data: t
DEBUG:netmiko:_read_channel_expect read_data: erminal width 511
cisco3#
DEBUG:netmiko:Pattern found: terminal\ width\ 511 terminal width 511
cisco3#
DEBUG:netmiko:read_channel: 
DEBUG:netmiko:read_channel: 
DEBUG:netmiko:write_channel: b'\n'
DEBUG:netmiko:read_channel: 
DEBUG:netmiko:read_channel: 
DEBUG:netmiko:write_channel: b'\n'
DEBUG:netmiko:Sleep time: 0.1
DEBUG:netmiko:read_channel: 
DEBUG:netmiko:write_channel: b'\n'
DEBUG:netmiko:Sleep time: 0.2
DEBUG:netmiko:read_channel: 
DEBUG:netmiko:write_channel: b'\n'
DEBUG:netmiko:Sleep time: 0.4
DEBUG:netmiko:read_channel: 
DEBUG:netmiko:write_channel: b'\n'
DEBUG:netmiko:Sleep time: 0.8
DEBUG:netmiko:read_channel: 
cisco3#
DEBUG:netmiko:read_channel: 
DEBUG:netmiko:(find_prompt): prompt is cisco3#
DEBUG:netmiko:read_channel: 
cisco3#
cisco3#
cisco3#
cisco3#
DEBUG:netmiko:Clear buffer detect items in channel
DEBUG:netmiko:read_channel: 
DEBUG:netmiko:write_channel: b'show version\n'
DEBUG:netmiko:Pattern is: show\ version
DEBUG:netmiko:_read_channel_expect read_data: sh
DEBUG:netmiko:_read_channel_expect read_data: ow version

DEBUG:netmiko:Pattern found: show\ version show version

DEBUG:netmiko:read_channel: 
DEBUG:netmiko:read_channel: 
DEBUG:netmiko:read_channel: 
DEBUG:netmiko:read_channel: 
DEBUG:netmiko:read_channel: 
DEBUG:netmiko:read_channel: 
DEBUG:netmiko:read_channel: 
DEBUG:netmiko:read_channel: 
DEBUG:netmiko:read_channel: 
DEBUG:netmiko:read_channel: 
DEBUG:netmiko:read_channel: Cisco IOS XE Software, Version 16.08.01
Cisco IOS Software [Fuji], ISR Software (ARMV8EB_LINUX_IOSD-UNIVERSALK9_IAS-M), Version 16.8.1, RELEASE SOFTWARE (fc3)
Technical Support: http://www.cisco.com/techsupport
Copyright (c) 1986-2018 by Cisco Systems, Inc.
Compiled Tue 27-Mar-18 10:56 by mcpre


Cisco IOS-XE software, Copyright (c) 2005-2018 by cisco Systems, Inc.
All rights reserved.  Certain components of Cisco IOS-XE software are
licensed under the GNU General Public License ("GPL") Version 2.0.  The
software code licensed under GPL Version 2.0 is free software that comes
with ABSOLUTELY NO WARRANTY.  You can redistribute and/or modify such
GPL code under the terms of GPL Version 2.0.  For more details, see the
documentation or "License Notice" file accompanying the IOS-XE software,
or the applicable URL provided on the flyer accompanying the IOS-XE
software.


ROM: IOS-XE ROMMON

cisco3 uptime is 20 weeks, 1 day, 23 hours, 25 minutes
Uptime for this control processor is 20 weeks, 1 day, 23 hours, 27 minutes
System returned to ROM by Reload Command at 13:54:45 PDT Mon May 13 2019
System restarted at 13:58:30 PDT Mon May 13 2019
System image file is "bootflash:c1100-universalk9_ias.16.08.01.SPA.bin"
Last reload reason: Reload Command



This product contains cryptographic features and is subject to United
States and local country laws governing import, export, transfer and
use. Delivery of Cisco cryptographic products does not imply
third-party authority to import, export, distribute or use encryption.
Importers, exporters, distributors and users are responsible for
compliance with U.S. and local country laws. By using this product you
agree to comply with applicable laws and regulations. If you are unable
to comply with U.S. and local laws, return this product immediately.

A summary of U.S. laws governing Cisco cryptographic products may be found at:
http://www.cisco.com/wwl/export/crypto/tool/stqrg.html

If you require further assistance please contact us by sending email to
export@cisco.com.



Suite License Information for Module:'esg' 

--------------------------------------------------------------------------------
Suite                 Suite Current         Type           Suite Next reboot     
--------------------------------------------------------------------------------
FoundationSuiteK9     None                  None           None                  
securityk9
appxk9


Technology Package License Information: 

-----------------------------------------------------------------
Technology    Technology-package           Technology-package
              Current       Type           Next reboot  
------------------------------------------------------------------
appxk9           None             None             None
securityk9       None             None             None
ipbase           ipbasek9         Permanent        ipbasek9

cisco C1111-4P (1RU) processor with 1456982K/6147K bytes of memory.
Processor board ID FGL222290LB
1 Virtual Ethernet interface
6 Gigabit Ethernet interfaces
32768K bytes of non-volatile configuration memory.
4194304K bytes of physical memory.
2863103K bytes of flash memory at bootflash:.
0K bytes of WebUI ODM Files at webui:.

Configuration register is 0x2102

cisco3#
DEBUG:netmiko:read_channel: 
DEBUG:netmiko:write_channel: b'\n'
DEBUG:netmiko:read_channel: 
DEBUG:netmiko:read_channel: 
DEBUG:netmiko:write_channel: b'\n'
DEBUG:netmiko:Sleep time: 0.1
DEBUG:netmiko:read_channel: 
DEBUG:netmiko:write_channel: b'\n'
DEBUG:netmiko:Sleep time: 0.2
DEBUG:netmiko:read_channel: 
DEBUG:netmiko:write_channel: b'\n'
DEBUG:netmiko:Sleep time: 0.4
DEBUG:netmiko:read_channel: 
DEBUG:netmiko:write_channel: b'\n'
DEBUG:netmiko:Sleep time: 0.8
DEBUG:netmiko:read_channel: 
cisco3#
DEBUG:netmiko:read_channel: 
DEBUG:netmiko:(find_prompt): prompt is cisco3#
DEBUG:netmiko:read_channel: 
cisco3#
cisco3#
cisco3#
cisco3#
DEBUG:netmiko:Clear buffer detect items in channel
DEBUG:netmiko:read_channel: 
DEBUG:netmiko:write_channel: b'show version\n'
DEBUG:netmiko:Pattern is: show\ version
DEBUG:netmiko:_read_channel_expect read_data: s
DEBUG:netmiko:_read_channel_expect read_data: how version

DEBUG:netmiko:Pattern found: show\ version show version

DEBUG:netmiko:read_channel: 
DEBUG:netmiko:read_channel: 
DEBUG:netmiko:read_channel: 
DEBUG:netmiko:read_channel: 
DEBUG:netmiko:read_channel: 
DEBUG:netmiko:read_channel: 
DEBUG:netmiko:read_channel: 
DEBUG:netmiko:read_channel: 
DEBUG:netmiko:read_channel: 
DEBUG:netmiko:read_channel: 
DEBUG:netmiko:read_channel: Cisco IOS XE Software, Version 16.08.01
Cisco IOS Software [Fuji], ISR Software (ARMV8EB_LINUX_IOSD-UNIVERSALK9_IAS-M), Version 16.8.1, RELEASE SOFTWARE (fc3)
Technical Support: http://www.cisco.com/techsupport
Copyright (c) 1986-2018 by Cisco Systems, Inc.
Compiled Tue 27-Mar-18 10:56 by mcpre


Cisco IOS-XE software, Copyright (c) 2005-2018 by cisco Systems, Inc.
All rights reserved.  Certain components of Cisco IOS-XE software are
licensed under the GNU General Public License ("GPL") Version 2.0.  The
software code licensed under GPL Version 2.0 is free software that comes
with ABSOLUTELY NO WARRANTY.  You can redistribute and/or modify such
GPL code under the terms of GPL Version 2.0.  For more details, see the
documentation or "License Notice" file accompanying the IOS-XE software,
or the applicable URL provided on the flyer accompanying the IOS-XE
software.


ROM: IOS-XE ROMMON

cisco3 uptime is 20 weeks, 1 day, 23 hours, 25 minutes
Uptime for this control processor is 20 weeks, 1 day, 23 hours, 27 minutes
System returned to ROM by Reload Command at 13:54:45 PDT Mon May 13 2019
System restarted at 13:58:30 PDT Mon May 13 2019
System image file is "bootflash:c1100-universalk9_ias.16.08.01.SPA.bin"
Last reload reason: Reload Command



This product contains cryptographic features and is subject to United
States and local country laws governing import, export, transfer and
use. Delivery of Cisco cryptographic products does not imply
third-party authority to import, export, distribute or use encryption.
Importers, exporters, distributors and users are responsible for
compliance with U.S. and local country laws. By using this product you
agree to comply with applicable laws and regulations. If you are unable
to comply with U.S. and local laws, return this product immediately.

A summary of U.S. laws governing Cisco cryptographic products may be found at:
http://www.cisco.com/wwl/export/crypto/tool/stqrg.html

If you require further assistance please contact us by sending email to
export@cisco.com.



Suite License Information for Module:'esg' 

--------------------------------------------------------------------------------
Suite                 Suite Current         Type           Suite Next reboot     
--------------------------------------------------------------------------------
FoundationSuiteK9     None                  None           None                  
securityk9
appxk9


Technology Package License Information: 

-----------------------------------------------------------------
Technology    Technology-package           Technology-package
              Current       Type           Next reboot  
------------------------------------------------------------------
appxk9           None             None             None
securityk9       None             None             None
ipbase           ipbasek9         Permanent        ipbasek9

cisco C1111-4P (1RU) processor with 1456982K/6147K bytes of memory.
Processor board ID FGL222290LB
1 Virtual Ethernet interface
6 Gigabit Ethernet interfaces
32768K bytes of non-volatile configuration memory.
4194304K bytes of physical memory.
2863103K bytes of flash memory at bootflash:.
0K bytes of WebUI ODM Files at webui:.

Configuration register is 0x2102

cisco3#
DEBUG:paramiko.transport:starting thread (client mode): 0x1ff11c18
DEBUG:paramiko.transport:Local version/idstring: SSH-2.0-paramiko_2.6.0
DEBUG:paramiko.transport:Remote version/idstring: SSH-2.0-Cisco-1.25
INFO:paramiko.transport:Connected (version 2.0, client Cisco-1.25)
DEBUG:paramiko.transport:kex algos:['diffie-hellman-group-exchange-sha1', 'diffie-hellman-group14-sha1'] server key:['ssh-rsa'] client encrypt:['aes128-ctr', 'aes192-ctr', 'aes256-ctr'] server encrypt:['aes128-ctr', 'aes192-ctr', 'aes256-ctr'] client mac:['hmac-sha2-256', 'hmac-sha2-512', 'hmac-sha1', 'hmac-sha1-96'] server mac:['hmac-sha2-256', 'hmac-sha2-512', 'hmac-sha1', 'hmac-sha1-96'] client compress:['none'] server compress:['none'] client lang:[''] server lang:[''] kex follows?False
DEBUG:paramiko.transport:Kex agreed: diffie-hellman-group-exchange-sha1
DEBUG:paramiko.transport:HostKey agreed: ssh-rsa
DEBUG:paramiko.transport:Cipher agreed: aes128-ctr
DEBUG:paramiko.transport:MAC agreed: hmac-sha2-256
DEBUG:paramiko.transport:Compression agreed: none
DEBUG:paramiko.transport:Got server p (2048 bits)
DEBUG:paramiko.transport:kex engine KexGex specified hash_algo <built-in function openssl_sha1>
DEBUG:paramiko.transport:Switch to new keys ...
DEBUG:paramiko.transport:Adding ssh-rsa host key for cisco3.lasthop.io: b'31c7c985b918fcdf9defd03407b24e3e'
DEBUG:paramiko.transport:userauth is OK
INFO:paramiko.transport:Authentication (password) successful!
DEBUG:paramiko.transport:[chan 0] Max packet in: 32768 bytes
DEBUG:paramiko.transport:[chan 0] Max packet out: 4096 bytes
DEBUG:paramiko.transport:Secsh channel 0 opened.
DEBUG:paramiko.transport:[chan 0] Sesch channel 0 request ok
DEBUG:paramiko.transport:[chan 0] Sesch channel 0 request ok
DEBUG:netmiko:read_channel: 


cisco3#
DEBUG:netmiko:read_channel: 
DEBUG:netmiko:read_channel: 
DEBUG:netmiko:read_channel: 
DEBUG:netmiko:write_channel: b'\n'
DEBUG:netmiko:read_channel: 
DEBUG:netmiko:read_channel: 
DEBUG:netmiko:write_channel: b'\n'
DEBUG:netmiko:Sleep time: 0.1
DEBUG:netmiko:read_channel: 
DEBUG:netmiko:write_channel: b'\n'
DEBUG:netmiko:Sleep time: 0.2
DEBUG:netmiko:read_channel: 
DEBUG:netmiko:write_channel: b'\n'
DEBUG:netmiko:Sleep time: 0.4
DEBUG:netmiko:read_channel: 
DEBUG:netmiko:write_channel: b'\n'
DEBUG:netmiko:Sleep time: 0.8
DEBUG:netmiko:read_channel: 
cisco3#
DEBUG:netmiko:read_channel: 
DEBUG:netmiko:(find_prompt): prompt is cisco3#
DEBUG:netmiko:read_channel: 
DEBUG:netmiko:In disable_paging
DEBUG:netmiko:Command: terminal length 0

DEBUG:netmiko:write_channel: b'terminal length 0\n'
DEBUG:netmiko:Pattern is: terminal\ length\ 0
DEBUG:netmiko:_read_channel_expect read_data: 
cisco3#

DEBUG:netmiko:_read_channel_expect read_data: cisco3#
cisco3#
cisco3#
DEBUG:netmiko:_read_channel_expect read_data: t
DEBUG:netmiko:_read_channel_expect read_data: erminal length 0
cisco3#
DEBUG:netmiko:Pattern found: terminal\ length\ 0 
cisco3#
cisco3#
cisco3#
cisco3#terminal length 0
cisco3#
DEBUG:netmiko:
cisco3#
cisco3#
cisco3#
cisco3#terminal length 0
cisco3#
DEBUG:netmiko:Exiting disable_paging
DEBUG:netmiko:write_channel: b'terminal width 511\n'
DEBUG:netmiko:Pattern is: terminal\ width\ 511
DEBUG:netmiko:_read_channel_expect read_data: t
DEBUG:netmiko:_read_channel_expect read_data: erminal width 511
cisco3#
DEBUG:netmiko:Pattern found: terminal\ width\ 511 terminal width 511
cisco3#
DEBUG:netmiko:read_channel: 
DEBUG:netmiko:read_channel: 
DEBUG:netmiko:write_channel: b'\n'
DEBUG:netmiko:read_channel: 
DEBUG:netmiko:read_channel: 
DEBUG:netmiko:write_channel: b'\n'
DEBUG:netmiko:Sleep time: 0.1
DEBUG:netmiko:read_channel: 
DEBUG:netmiko:write_channel: b'\n'
DEBUG:netmiko:Sleep time: 0.2
DEBUG:netmiko:read_channel: 
DEBUG:netmiko:write_channel: b'\n'
DEBUG:netmiko:Sleep time: 0.4
DEBUG:netmiko:write_channel: b'\n'
DEBUG:netmiko:Pattern is: #
DEBUG:paramiko.transport:starting thread (client mode): 0x8fc56a90
DEBUG:paramiko.transport:Local version/idstring: SSH-2.0-paramiko_2.6.0
DEBUG:paramiko.transport:Remote version/idstring: SSH-2.0-Cisco-1.25
INFO:paramiko.transport:Connected (version 2.0, client Cisco-1.25)
DEBUG:paramiko.transport:kex algos:['diffie-hellman-group-exchange-sha1', 'diffie-hellman-group14-sha1'] server key:['ssh-rsa'] client encrypt:['aes128-ctr', 'aes192-ctr', 'aes256-ctr'] server encrypt:['aes128-ctr', 'aes192-ctr', 'aes256-ctr'] client mac:['hmac-sha2-256', 'hmac-sha2-512', 'hmac-sha1', 'hmac-sha1-96'] server mac:['hmac-sha2-256', 'hmac-sha2-512', 'hmac-sha1', 'hmac-sha1-96'] client compress:['none'] server compress:['none'] client lang:[''] server lang:[''] kex follows?False
DEBUG:paramiko.transport:Kex agreed: diffie-hellman-group-exchange-sha1
DEBUG:paramiko.transport:HostKey agreed: ssh-rsa
DEBUG:paramiko.transport:Cipher agreed: aes128-ctr
DEBUG:paramiko.transport:MAC agreed: hmac-sha2-256
DEBUG:paramiko.transport:Compression agreed: none
DEBUG:paramiko.transport:Got server p (2048 bits)
DEBUG:paramiko.transport:kex engine KexGex specified hash_algo <built-in function openssl_sha1>
DEBUG:paramiko.transport:Switch to new keys ...
DEBUG:paramiko.transport:Adding ssh-rsa host key for cisco3.lasthop.io: b'31c7c985b918fcdf9defd03407b24e3e'
DEBUG:paramiko.transport:userauth is OK
INFO:paramiko.transport:Authentication (password) successful!
DEBUG:paramiko.transport:[chan 0] Max packet in: 32768 bytes
DEBUG:paramiko.transport:[chan 0] Max packet out: 4096 bytes
DEBUG:paramiko.transport:Secsh channel 0 opened.
DEBUG:paramiko.transport:[chan 0] Sesch channel 0 request ok
DEBUG:paramiko.transport:[chan 0] Sesch channel 0 request ok
DEBUG:netmiko:read_channel: 


cisco3#
DEBUG:netmiko:read_channel: 
DEBUG:netmiko:read_channel: 
DEBUG:netmiko:read_channel: 
DEBUG:netmiko:write_channel: b'\n'
DEBUG:netmiko:read_channel: 
DEBUG:netmiko:read_channel: 
DEBUG:netmiko:write_channel: b'\n'
DEBUG:netmiko:Sleep time: 0.1
DEBUG:netmiko:read_channel: 
DEBUG:netmiko:write_channel: b'\n'
DEBUG:netmiko:Sleep time: 0.2
DEBUG:netmiko:read_channel: 
DEBUG:netmiko:write_channel: b'\n'
DEBUG:netmiko:Sleep time: 0.4
DEBUG:netmiko:read_channel: 
DEBUG:netmiko:write_channel: b'\n'
DEBUG:netmiko:Sleep time: 0.8
DEBUG:netmiko:read_channel: 
cisco3#
DEBUG:netmiko:read_channel: 
DEBUG:netmiko:(find_prompt): prompt is cisco3#
DEBUG:netmiko:read_channel: 
DEBUG:netmiko:In disable_paging
DEBUG:netmiko:Command: terminal length 0

DEBUG:netmiko:write_channel: b'terminal length 0\n'
DEBUG:netmiko:Pattern is: terminal\ length\ 0
DEBUG:netmiko:_read_channel_expect read_data: 
cisco3#
DEBUG:netmiko:_read_channel_expect read_data: 
cisco3#
cisco3#
cisco3#
DEBUG:netmiko:_read_channel_expect read_data: te
DEBUG:netmiko:_read_channel_expect read_data: rminal length 0

DEBUG:netmiko:Pattern found: terminal\ length\ 0 
cisco3#
cisco3#
cisco3#
cisco3#terminal length 0

DEBUG:netmiko:
cisco3#
cisco3#
cisco3#
cisco3#terminal length 0

DEBUG:netmiko:Exiting disable_paging
DEBUG:netmiko:write_channel: b'terminal width 511\n'
DEBUG:netmiko:Pattern is: terminal\ width\ 511
DEBUG:netmiko:_read_channel_expect read_data: cisco3#
DEBUG:netmiko:_read_channel_expect read_data: t
DEBUG:netmiko:_read_channel_expect read_data: erminal width 511

DEBUG:netmiko:Pattern found: terminal\ width\ 511 cisco3#terminal width 511

DEBUG:netmiko:read_channel: 
DEBUG:netmiko:read_channel: 
DEBUG:netmiko:write_channel: b'\n'
DEBUG:netmiko:read_channel: 
DEBUG:netmiko:read_channel: 
DEBUG:netmiko:write_channel: b'\n'
DEBUG:netmiko:Sleep time: 0.1
DEBUG:netmiko:read_channel: 
DEBUG:netmiko:write_channel: b'\n'
DEBUG:netmiko:Sleep time: 0.2
DEBUG:netmiko:read_channel: cisco3#
DEBUG:netmiko:read_channel: 
DEBUG:netmiko:(find_prompt): prompt is cisco3#
DEBUG:netmiko:read_channel: 
DEBUG:netmiko:write_channel: b'show version\n'
DEBUG:netmiko:Pattern is: show\ version
DEBUG:netmiko:_read_channel_expect read_data: 
cisco3#
DEBUG:netmiko:_read_channel_expect read_data: 
cisco3#
cisco3#
DEBUG:netmiko:_read_channel_expect read_data: show version
DEBUG:netmiko:Pattern found: show\ version 
cisco3#
cisco3#
cisco3#show version
DEBUG:netmiko:read_channel: 
DEBUG:netmiko:read_channel: 

DEBUG:netmiko:read_channel: 
DEBUG:netmiko:read_channel: 
DEBUG:netmiko:read_channel: 
DEBUG:netmiko:read_channel: Cisco IOS XE Software, Version 16.08.01
Cisco IOS Software [Fuji], ISR Software (ARMV8EB_LINUX_IOSD-UNIVERSALK9_IAS-M), Version 16.8.1, RELEASE SOFTWARE (fc3)
Technical Support: http://www.cisco.com/techsupport
Copyright (c) 1986-2018 by Cisco Systems, Inc.
Compiled Tue 27-Mar-18 10:56 by mcpre


Cisco IOS-XE software, Copyright (c) 2005-2018 by cisco Systems, Inc.
All rights reserved.  Certain components of Cisco IOS-XE software are
licensed under the GNU General Public License ("GPL") Version 2.0.  The
software code licensed under GPL Version 2.0 is free software that comes
with ABSOLUTELY NO WARRANTY.  You can redistribute and/or modify such
GPL code under the terms of GPL Version 2.0.  For more details, see the
documentation or "License Notice" file accompanying the IOS-XE software,
or the applicable URL provided on the flyer accompanying the IOS-XE
software.


ROM: IOS-XE ROMMON

cisco3 uptime is 20 weeks, 1 day, 23 hours, 26 minutes
Uptime for this control processor is 20 weeks, 1 day, 23 hours, 28 minutes
System returned to ROM by Reload Command at 13:54:45 PDT Mon May 13 2019
System restarted at 13:58:30 PDT Mon May 13 2019
System image file is "bootflash:c1100-universalk9_ias.16.08.01.SPA.bin"
Last reload reason: Reload Command



This product contains cryptographic features and is subject to United
States and local country laws governing import, export, transfer and
use. Delivery of Cisco cryptographic products does not imply
third-party authority to import, export, distribute or use encryption.
Importers, exporters, distributors and users are responsible for
compliance with U.S. and local country laws. By using this product you
agree to comply with applicable laws and regulations. If you are unable
to comply with U.S. and local laws, return this product immediately.

A summary of U.S. laws governing Cisco cryptographic products may be found at:
http://www.cisco.com/wwl/export/crypto/tool/stqrg.html

If you require further assistance please contact us by sending email to
export@cisco.com.



Suite License Information for Module:'esg' 

--------------------------------------------------------------------------------
Suite                 Suite Current         Type           Suite Next reboot     
--------------------------------------------------------------------------------
FoundationSuiteK9     None                  None           None                  
securityk9
appxk9


Technology Package License Information: 

-----------------------------------------------------------------
Technology    Technology-package           Technology-package
              Current       Type           Next reboot  
------------------------------------------------------------------
appxk9           None             None             None
securityk9       None             None             None
ipbase           ipbasek9         Permanent        ipbasek9

cisco C1111-4P (1RU) processor with 1456982K/6147K bytes of memory.
Processor board ID FGL222290LB
1 Virtual Ethernet interface
6 Gigabit Ethernet interfaces
32768K bytes of non-volatile configuration memory.
4194304K bytes of physical memory.
2863103K bytes of flash memory at bootflash:.
0K bytes of WebUI ODM Files at webui:.

Configuration register is 0x2102

cisco3#
DEBUG:paramiko.transport:starting thread (client mode): 0xa682da0
DEBUG:paramiko.transport:Local version/idstring: SSH-2.0-paramiko_2.6.0
DEBUG:paramiko.transport:Remote version/idstring: SSH-2.0-Cisco-1.25
INFO:paramiko.transport:Connected (version 2.0, client Cisco-1.25)
DEBUG:paramiko.transport:kex algos:['diffie-hellman-group-exchange-sha1', 'diffie-hellman-group14-sha1'] server key:['ssh-rsa'] client encrypt:['aes128-ctr', 'aes192-ctr', 'aes256-ctr'] server encrypt:['aes128-ctr', 'aes192-ctr', 'aes256-ctr'] client mac:['hmac-sha2-256', 'hmac-sha2-512', 'hmac-sha1', 'hmac-sha1-96'] server mac:['hmac-sha2-256', 'hmac-sha2-512', 'hmac-sha1', 'hmac-sha1-96'] client compress:['none'] server compress:['none'] client lang:[''] server lang:[''] kex follows?False
DEBUG:paramiko.transport:Kex agreed: diffie-hellman-group-exchange-sha1
DEBUG:paramiko.transport:HostKey agreed: ssh-rsa
DEBUG:paramiko.transport:Cipher agreed: aes128-ctr
DEBUG:paramiko.transport:MAC agreed: hmac-sha2-256
DEBUG:paramiko.transport:Compression agreed: none
DEBUG:paramiko.transport:Got server p (2048 bits)
DEBUG:paramiko.transport:kex engine KexGex specified hash_algo <built-in function openssl_sha1>
DEBUG:paramiko.transport:Switch to new keys ...
DEBUG:paramiko.transport:Adding ssh-rsa host key for cisco3.lasthop.io: b'31c7c985b918fcdf9defd03407b24e3e'
DEBUG:paramiko.transport:userauth is OK
INFO:paramiko.transport:Authentication (password) successful!
DEBUG:paramiko.transport:[chan 0] Max packet in: 32768 bytes
DEBUG:paramiko.transport:[chan 0] Max packet out: 4096 bytes
DEBUG:paramiko.transport:Secsh channel 0 opened.
DEBUG:paramiko.transport:[chan 0] Sesch channel 0 request ok
DEBUG:paramiko.transport:[chan 0] Sesch channel 0 request ok
DEBUG:netmiko:read_channel: 


cisco3#
DEBUG:netmiko:read_channel: 
DEBUG:netmiko:read_channel: 
DEBUG:netmiko:read_channel: 
DEBUG:netmiko:write_channel: b'\n'
DEBUG:netmiko:read_channel: 
DEBUG:netmiko:read_channel: 
DEBUG:netmiko:write_channel: b'\n'
DEBUG:netmiko:Sleep time: 0.1
DEBUG:netmiko:read_channel: 
DEBUG:netmiko:write_channel: b'\n'
DEBUG:netmiko:Sleep time: 0.2
DEBUG:netmiko:read_channel: 
DEBUG:netmiko:write_channel: b'\n'
DEBUG:netmiko:Sleep time: 0.4
DEBUG:netmiko:read_channel: 
DEBUG:netmiko:write_channel: b'\n'
DEBUG:netmiko:Sleep time: 0.8
DEBUG:netmiko:read_channel: 
cisco3#
DEBUG:netmiko:read_channel: 
DEBUG:netmiko:(find_prompt): prompt is cisco3#
DEBUG:netmiko:read_channel: 
DEBUG:netmiko:In disable_paging
DEBUG:netmiko:Command: terminal length 0

DEBUG:netmiko:write_channel: b'terminal length 0\n'
DEBUG:netmiko:Pattern is: terminal\ length\ 0
DEBUG:netmiko:_read_channel_expect read_data: 
cisco3#
DEBUG:netmiko:_read_channel_expect read_data: 
cisco3#
cisco3#
cisco3#
DEBUG:netmiko:_read_channel_expect read_data: te
DEBUG:netmiko:_read_channel_expect read_data: rminal length 0
cisco3#
DEBUG:netmiko:Pattern found: terminal\ length\ 0 
cisco3#
cisco3#
cisco3#
cisco3#terminal length 0
cisco3#
DEBUG:netmiko:
cisco3#
cisco3#
cisco3#
cisco3#terminal length 0
cisco3#
DEBUG:netmiko:Exiting disable_paging
DEBUG:netmiko:write_channel: b'terminal width 511\n'
DEBUG:netmiko:Pattern is: terminal\ width\ 511
DEBUG:netmiko:_read_channel_expect read_data: te
DEBUG:netmiko:_read_channel_expect read_data: rminal width 511
DEBUG:netmiko:Pattern found: terminal\ width\ 511 terminal width 511
DEBUG:netmiko:read_channel: 
cisco3#
DEBUG:netmiko:Clear buffer detect items in channel
DEBUG:netmiko:read_channel: 
DEBUG:netmiko:read_channel: 
DEBUG:netmiko:write_channel: b'\n'
DEBUG:netmiko:read_channel: 
DEBUG:netmiko:read_channel: 
DEBUG:netmiko:write_channel: b'\n'
DEBUG:netmiko:Sleep time: 0.1
DEBUG:netmiko:read_channel: 
DEBUG:netmiko:write_channel: b'\n'
DEBUG:netmiko:Sleep time: 0.2
DEBUG:netmiko:read_channel: 
DEBUG:netmiko:write_channel: b'\n'
DEBUG:netmiko:Sleep time: 0.4
DEBUG:netmiko:read_channel: 
DEBUG:netmiko:write_channel: b'\n'
DEBUG:netmiko:Sleep time: 0.8
DEBUG:netmiko:read_channel: 
cisco3#
DEBUG:netmiko:read_channel: 
DEBUG:netmiko:(find_prompt): prompt is cisco3#
DEBUG:netmiko:read_channel: 
cisco3#
cisco3#
cisco3#
cisco3#
DEBUG:netmiko:Clear buffer detect items in channel
DEBUG:netmiko:read_channel: 
DEBUG:netmiko:write_channel: b'show version\n'
DEBUG:netmiko:Pattern is: show\ version
DEBUG:netmiko:_read_channel_expect read_data: sh
DEBUG:netmiko:_read_channel_expect read_data: ow version

DEBUG:netmiko:Pattern found: show\ version show version

DEBUG:netmiko:read_channel: 
DEBUG:netmiko:read_channel: Cisco IOS XE Software, Version 16.08.01
Cisco IOS Software [Fuji], ISR Software (ARMV8EB_LINUX_IOSD-UNIVERSALK9_IAS-M), Version 16.8.1, RELEASE SOFTWARE (fc3)
Technical Support: http://www.cisco.com/techsupport
Copyright (c) 1986-2018 by Cisco Systems, Inc.
Compiled Tue 27-Mar-18 10:56 by mcpre


Cisco IOS-XE software, Copyright (c) 2005-2018 by cisco Systems, Inc.
All rights reserved.  Certain components of Cisco IOS-XE software are
licensed under the GNU General Public License ("GPL") Version 2.0.  The
software code licensed under GPL Version 2.0 is free software that comes
with ABSOLUTELY NO WARRANTY.  You can redistribute and/or modify such
GPL code under the terms of GPL Version 2.0.  For more details, see the
documentation or "License Notice" file accompanying the IOS-XE software,
or the applicable URL provided on the flyer accompanying the IOS-XE
software.


ROM: IOS-XE ROMMON

cisco3 uptime is 20 weeks, 1 day, 23 hours, 28 minutes
Uptime for this control processor is 20 weeks, 1 day, 23 hours, 30 minutes
System returned to ROM by Reload Command at 13:54:45 PDT Mon May 13 2019
System restarted at 13:58:31 PDT Mon May 13 2019
System image file is "bootflash:c1100-universalk9_ias.16.08.01.SPA.bin"
Last reload reason: Reload Command



This product contains cryptographic features and is subject to United
States and local country laws governing import, export, transfer and
use. Delivery of Cisco cryptographic products does not imply
third-party authority to import, export, distribute or use encryption.
Importers, exporters, distributors and users are responsible for
compliance with U.S. and local country laws. By using this product you
agree to comply with applicable laws and regulations. If you are unable
to comply with U.S. and local laws, return this product immediately.

A summary of U.S. laws governing Cisco cryptographic products may be found at:
http://www.cisco.com/wwl/export/crypto/tool/stqrg.html

If you require further assistance please contact us by sending email to
export@cisco.com.



Suite License Information for Module:'esg' 

--------------------------------------------------------------------------------
Suite                 Suite Current         Type           Suite Next reboot     
--------------------------------------------------------------------------------
FoundationSuiteK9     None                  None           None                  
securityk9
appxk9


Technology Package License Information: 

-----------------------------------------------------------------
Technology    Technology-package           Technology-package
              Current       Type           Next reboot  
------------------------------------------------------------------
appxk9           None             None             None
securityk9       None             None             None
ipbase           ipbasek9         Permanent        ipbasek9

cisco C1111-4P (1RU) processor with 1456982K/6147K bytes of memory.
Processor board ID FGL222290LB
1 Virtual Ethernet interface
6 Gigabit Ethernet interfaces
32768K bytes of non-volatile configuration memory.
4194304K bytes of physical memory.
2863103K bytes of flash memory at bootflash:.
0K bytes of WebUI ODM Files at webui:.

Configuration register is 0x2102

cisco3#
DEBUG:paramiko.transport:starting thread (client mode): 0xbf388550
DEBUG:paramiko.transport:Local version/idstring: SSH-2.0-paramiko_2.6.0
DEBUG:paramiko.transport:Remote version/idstring: SSH-2.0-Cisco-1.25
INFO:paramiko.transport:Connected (version 2.0, client Cisco-1.25)
DEBUG:paramiko.transport:kex algos:['diffie-hellman-group-exchange-sha1', 'diffie-hellman-group14-sha1'] server key:['ssh-rsa'] client encrypt:['aes128-ctr', 'aes192-ctr', 'aes256-ctr'] server encrypt:['aes128-ctr', 'aes192-ctr', 'aes256-ctr'] client mac:['hmac-sha2-256', 'hmac-sha2-512', 'hmac-sha1', 'hmac-sha1-96'] server mac:['hmac-sha2-256', 'hmac-sha2-512', 'hmac-sha1', 'hmac-sha1-96'] client compress:['none'] server compress:['none'] client lang:[''] server lang:[''] kex follows?False
DEBUG:paramiko.transport:Kex agreed: diffie-hellman-group-exchange-sha1
DEBUG:paramiko.transport:HostKey agreed: ssh-rsa
DEBUG:paramiko.transport:Cipher agreed: aes128-ctr
DEBUG:paramiko.transport:MAC agreed: hmac-sha2-256
DEBUG:paramiko.transport:Compression agreed: none
DEBUG:paramiko.transport:Got server p (2048 bits)
DEBUG:paramiko.transport:kex engine KexGex specified hash_algo <built-in function openssl_sha1>
DEBUG:paramiko.transport:Switch to new keys ...
DEBUG:paramiko.transport:Adding ssh-rsa host key for cisco3.lasthop.io: b'31c7c985b918fcdf9defd03407b24e3e'
DEBUG:paramiko.transport:userauth is OK
INFO:paramiko.transport:Authentication (password) successful!
DEBUG:paramiko.transport:[chan 0] Max packet in: 32768 bytes
DEBUG:paramiko.transport:[chan 0] Max packet out: 4096 bytes
DEBUG:paramiko.transport:Secsh channel 0 opened.
DEBUG:paramiko.transport:[chan 0] Sesch channel 0 request ok
DEBUG:paramiko.transport:[chan 0] Sesch channel 0 request ok
DEBUG:netmiko:read_channel: 


cisco3#
DEBUG:netmiko:read_channel: 
DEBUG:netmiko:read_channel: 
DEBUG:netmiko:read_channel: 
DEBUG:netmiko:write_channel: b'\n'
DEBUG:netmiko:read_channel: 
DEBUG:netmiko:read_channel: 
DEBUG:netmiko:write_channel: b'\n'
DEBUG:netmiko:Sleep time: 0.1
DEBUG:netmiko:read_channel: 
DEBUG:netmiko:write_channel: b'\n'
DEBUG:netmiko:Sleep time: 0.2
DEBUG:netmiko:read_channel: 
DEBUG:netmiko:write_channel: b'\n'
DEBUG:netmiko:Sleep time: 0.4
DEBUG:netmiko:read_channel: 
DEBUG:netmiko:write_channel: b'\n'
DEBUG:netmiko:Sleep time: 0.8
DEBUG:netmiko:read_channel: 
cisco3#
DEBUG:netmiko:read_channel: 
DEBUG:netmiko:(find_prompt): prompt is cisco3#
DEBUG:netmiko:read_channel: 
DEBUG:netmiko:In disable_paging
DEBUG:netmiko:Command: terminal length 0

DEBUG:netmiko:write_channel: b'terminal length 0\n'
DEBUG:netmiko:Pattern is: terminal\ length\ 0
DEBUG:netmiko:_read_channel_expect read_data: 
cisco3#
cisco3#
DEBUG:netmiko:_read_channel_expect read_data: 
cisco3#
cisco3#
DEBUG:netmiko:_read_channel_expect read_data: te
DEBUG:netmiko:_read_channel_expect read_data: rminal length 0
cisco3#
DEBUG:netmiko:Pattern found: terminal\ length\ 0 
cisco3#
cisco3#
cisco3#
cisco3#terminal length 0
cisco3#
DEBUG:netmiko:
cisco3#
cisco3#
cisco3#
cisco3#terminal length 0
cisco3#
DEBUG:netmiko:Exiting disable_paging
DEBUG:netmiko:write_channel: b'terminal width 511\n'
DEBUG:netmiko:Pattern is: terminal\ width\ 511
DEBUG:netmiko:_read_channel_expect read_data: te
DEBUG:netmiko:_read_channel_expect read_data: rminal width 511
cisco3#
DEBUG:netmiko:Pattern found: terminal\ width\ 511 terminal width 511
cisco3#
DEBUG:netmiko:read_channel: 
DEBUG:netmiko:read_channel: 
DEBUG:netmiko:write_channel: b'\n'
DEBUG:netmiko:read_channel: 
DEBUG:netmiko:read_channel: 
DEBUG:netmiko:write_channel: b'\n'
DEBUG:netmiko:Sleep time: 0.1
DEBUG:netmiko:read_channel: 
DEBUG:netmiko:write_channel: b'\n'
DEBUG:netmiko:Sleep time: 0.2
DEBUG:netmiko:read_channel: 
DEBUG:netmiko:write_channel: b'\n'
DEBUG:netmiko:Sleep time: 0.4
DEBUG:netmiko:read_channel: 
DEBUG:netmiko:write_channel: b'\n'
DEBUG:netmiko:Sleep time: 0.8
DEBUG:netmiko:read_channel: 
cisco3#
DEBUG:netmiko:read_channel: 
DEBUG:netmiko:(find_prompt): prompt is cisco3#
DEBUG:netmiko:read_channel: 
cisco3#
cisco3#
cisco3#
cisco3#
DEBUG:netmiko:Clear buffer detect items in channel
DEBUG:netmiko:read_channel: 
DEBUG:netmiko:write_channel: b'show version\n'
DEBUG:netmiko:Pattern is: show\ version
DEBUG:netmiko:_read_channel_expect read_data: sh
DEBUG:netmiko:_read_channel_expect read_data: ow version

DEBUG:netmiko:Pattern found: show\ version show version

DEBUG:netmiko:read_channel: 
DEBUG:netmiko:read_channel: Cisco IOS XE Software, Version 16.08.01
Cisco IOS Software [Fuji], ISR Software (ARMV8EB_LINUX_IOSD-UNIVERSALK9_IAS-M), Version 16.8.1, RELEASE SOFTWARE (fc3)
Technical Support: http://www.cisco.com/techsupport
Copyright (c) 1986-2018 by Cisco Systems, Inc.
Compiled Tue 27-Mar-18 10:56 by mcpre


Cisco IOS-XE software, Copyright (c) 2005-2018 by cisco Systems, Inc.
All rights reserved.  Certain components of Cisco IOS-XE software are
licensed under the GNU General Public License ("GPL") Version 2.0.  The
software code licensed under GPL Version 2.0 is free software that comes
with ABSOLUTELY NO WARRANTY.  You can redistribute and/or modify such
GPL code under the terms of GPL Version 2.0.  For more details, see the
documentation or "License Notice" file accompanying the IOS-XE software,
or the applicable URL provided on the flyer accompanying the IOS-XE
software.


ROM: IOS-XE ROMMON

cisco3 uptime is 20 weeks, 1 day, 23 hours, 31 minutes
Uptime for this control processor is 20 weeks, 1 day, 23 hours, 34 minutes
System returned to ROM by Reload Command at 13:54:45 PDT Mon May 13 2019
System restarted at 13:58:30 PDT Mon May 13 2019
System image file is "bootflash:c1100-universalk9_ias.16.08.01.SPA.bin"
Last reload reason: Reload Command



This product contains cryptographic features and is subject to United
States and local country laws governing import, export, transfer and
use. Delivery of Cisco cryptographic products does not imply
third-party authority to import, export, distribute or use encryption.
Importers, exporters, distributors and users are responsible for
compliance with U.S. and local country laws. By using this product you
agree to comply with applicable laws and regulations. If you are unable
to comply with U.S. and local laws, return this product immediately.

A summary of U.S. laws governing Cisco cryptographic products may be found at:
http://www.cisco.com/wwl/export/crypto/tool/stqrg.html

If you require further assistance please contact us by sending email to
export@cisco.com.



Suite License Information for Module:'esg' 

--------------------------------------------------------------------------------
Suite                 Suite Current         Type           Suite Next reboot     
--------------------------------------------------------------------------------
FoundationSuiteK9     None                  None           None                  
securityk9
appxk9


Technology Package License Information: 

-----------------------------------------------------------------
Technology    Technology-package           Technology-package
              Current       Type           Next reboot  
------------------------------------------------------------------
appxk9           None             None             None
securityk9       None             None             None
ipbase           ipbasek9         Permanent        ipbasek9

cisco C1111-4P (1RU) processor with 1456982K/6147K bytes of memory.
Processor board ID FGL222290LB
1 Virtual Ethernet interface
6 Gigabit Ethernet interfaces
32768K bytes of non-volatile configuration memory.
4194304K bytes of physical memory.
2863103K bytes of flash memory at bootflash:.
0K bytes of WebUI ODM Files at webui:.

Configuration register is 0x2102

cisco3#
DEBUG:paramiko.transport:starting thread (client mode): 0x197dad68
DEBUG:paramiko.transport:Local version/idstring: SSH-2.0-paramiko_2.6.0
DEBUG:paramiko.transport:Remote version/idstring: SSH-2.0-Cisco-1.25
INFO:paramiko.transport:Connected (version 2.0, client Cisco-1.25)
DEBUG:paramiko.transport:kex algos:['diffie-hellman-group-exchange-sha1', 'diffie-hellman-group14-sha1'] server key:['ssh-rsa'] client encrypt:['aes128-ctr', 'aes192-ctr', 'aes256-ctr'] server encrypt:['aes128-ctr', 'aes192-ctr', 'aes256-ctr'] client mac:['hmac-sha2-256', 'hmac-sha2-512', 'hmac-sha1', 'hmac-sha1-96'] server mac:['hmac-sha2-256', 'hmac-sha2-512', 'hmac-sha1', 'hmac-sha1-96'] client compress:['none'] server compress:['none'] client lang:[''] server lang:[''] kex follows?False
DEBUG:paramiko.transport:Kex agreed: diffie-hellman-group-exchange-sha1
DEBUG:paramiko.transport:HostKey agreed: ssh-rsa
DEBUG:paramiko.transport:Cipher agreed: aes128-ctr
DEBUG:paramiko.transport:MAC agreed: hmac-sha2-256
DEBUG:paramiko.transport:Compression agreed: none
DEBUG:paramiko.transport:Got server p (2048 bits)
DEBUG:paramiko.transport:kex engine KexGex specified hash_algo <built-in function openssl_sha1>
DEBUG:paramiko.transport:Switch to new keys ...
DEBUG:paramiko.transport:Adding ssh-rsa host key for cisco3.lasthop.io: b'31c7c985b918fcdf9defd03407b24e3e'
DEBUG:paramiko.transport:userauth is OK
INFO:paramiko.transport:Authentication (password) successful!
DEBUG:paramiko.transport:[chan 0] Max packet in: 32768 bytes
DEBUG:paramiko.transport:[chan 0] Max packet out: 4096 bytes
DEBUG:paramiko.transport:Secsh channel 0 opened.
DEBUG:paramiko.transport:[chan 0] Sesch channel 0 request ok
DEBUG:paramiko.transport:[chan 0] Sesch channel 0 request ok
DEBUG:netmiko:read_channel: 


cisco3#
DEBUG:netmiko:read_channel: 
DEBUG:netmiko:read_channel: 
DEBUG:netmiko:read_channel: 
DEBUG:netmiko:write_channel: b'\n'
DEBUG:netmiko:read_channel: 
DEBUG:netmiko:read_channel: 
DEBUG:netmiko:write_channel: b'\n'
DEBUG:netmiko:Sleep time: 0.1
DEBUG:netmiko:read_channel: 
DEBUG:netmiko:write_channel: b'\n'
DEBUG:netmiko:Sleep time: 0.2
DEBUG:netmiko:read_channel: 
DEBUG:netmiko:write_channel: b'\n'
DEBUG:netmiko:Sleep time: 0.4
DEBUG:netmiko:read_channel: 
DEBUG:netmiko:write_channel: b'\n'
DEBUG:netmiko:Sleep time: 0.8
DEBUG:netmiko:read_channel: 
cisco3#
DEBUG:netmiko:read_channel: 
DEBUG:netmiko:(find_prompt): prompt is cisco3#
DEBUG:netmiko:read_channel: 
DEBUG:netmiko:In disable_paging
DEBUG:netmiko:Command: terminal length 0

DEBUG:netmiko:write_channel: b'terminal length 0\n'
DEBUG:netmiko:Pattern is: terminal\ length\ 0
DEBUG:netmiko:_read_channel_expect read_data: 
cisco3#
DEBUG:netmiko:_read_channel_expect read_data: 
cisco3#
cisco3#
cisco3#
DEBUG:netmiko:_read_channel_expect read_data: t
DEBUG:netmiko:_read_channel_expect read_data: erminal length 0
cisco3#
DEBUG:netmiko:Pattern found: terminal\ length\ 0 
cisco3#
cisco3#
cisco3#
cisco3#terminal length 0
cisco3#
DEBUG:netmiko:
cisco3#
cisco3#
cisco3#
cisco3#terminal length 0
cisco3#
DEBUG:netmiko:Exiting disable_paging
DEBUG:netmiko:write_channel: b'terminal width 511\n'
DEBUG:netmiko:Pattern is: terminal\ width\ 511
DEBUG:netmiko:_read_channel_expect read_data: te
DEBUG:netmiko:_read_channel_expect read_data: rminal width 511

DEBUG:netmiko:Pattern found: terminal\ width\ 511 terminal width 511

DEBUG:netmiko:read_channel: cisco3#
DEBUG:netmiko:Clear buffer detect items in channel
DEBUG:netmiko:read_channel: 
DEBUG:netmiko:read_channel: 
DEBUG:netmiko:write_channel: b'\n'
DEBUG:netmiko:read_channel: 
DEBUG:netmiko:read_channel: 
DEBUG:netmiko:write_channel: b'\n'
DEBUG:netmiko:Sleep time: 0.1
DEBUG:netmiko:read_channel: 
DEBUG:netmiko:write_channel: b'\n'
DEBUG:netmiko:Sleep time: 0.2
DEBUG:netmiko:read_channel: 
DEBUG:netmiko:write_channel: b'\n'
DEBUG:netmiko:Sleep time: 0.4
DEBUG:netmiko:read_channel: 
DEBUG:netmiko:write_channel: b'\n'
DEBUG:netmiko:Sleep time: 0.8
DEBUG:netmiko:read_channel: 
cisco3#
DEBUG:netmiko:read_channel: 
DEBUG:netmiko:(find_prompt): prompt is cisco3#
DEBUG:netmiko:read_channel: 
cisco3#
cisco3#
cisco3#
cisco3#
DEBUG:netmiko:Clear buffer detect items in channel
DEBUG:netmiko:read_channel: 
DEBUG:netmiko:write_channel: b'show version\n'
DEBUG:netmiko:Pattern is: show\ version
DEBUG:netmiko:_read_channel_expect read_data: sh
DEBUG:netmiko:_read_channel_expect read_data: ow version

DEBUG:netmiko:Pattern found: show\ version show version

DEBUG:netmiko:read_channel: 
DEBUG:netmiko:read_channel: 
DEBUG:netmiko:read_channel: 
DEBUG:netmiko:read_channel: 
DEBUG:netmiko:read_channel: 
DEBUG:netmiko:read_channel: 
DEBUG:netmiko:read_channel: 
DEBUG:netmiko:read_channel: 
DEBUG:netmiko:read_channel: 
DEBUG:netmiko:read_channel: 
DEBUG:netmiko:read_channel: Cisco IOS XE Software, Version 16.08.01
Cisco IOS Software [Fuji], ISR Software (ARMV8EB_LINUX_IOSD-UNIVERSALK9_IAS-M), Version 16.8.1, RELEASE SOFTWARE (fc3)
Technical Support: http://www.cisco.com/techsupport
Copyright (c) 1986-2018 by Cisco Systems, Inc.
Compiled Tue 27-Mar-18 10:56 by mcpre


Cisco IOS-XE software, Copyright (c) 2005-2018 by cisco Systems, Inc.
All rights reserved.  Certain components of Cisco IOS-XE software are
licensed under the GNU General Public License ("GPL") Version 2.0.  The
software code licensed under GPL Version 2.0 is free software that comes
with ABSOLUTELY NO WARRANTY.  You can redistribute and/or modify such
GPL code under the terms of GPL Version 2.0.  For more details, see the
documentation or "License Notice" file accompanying the IOS-XE software,
or the applicable URL provided on the flyer accompanying the IOS-XE
software.


ROM: IOS-XE ROMMON

cisco3 uptime is 20 weeks, 1 day, 23 hours, 34 minutes
Uptime for this control processor is 20 weeks, 1 day, 23 hours, 36 minutes
System returned to ROM by Reload Command at 13:54:45 PDT Mon May 13 2019
System restarted at 13:58:30 PDT Mon May 13 2019
System image file is "bootflash:c1100-universalk9_ias.16.08.01.SPA.bin"
Last reload reason: Reload Command



This product contains cryptographic features and is subject to United
States and local country laws governing import, export, transfer and
use. Delivery of Cisco cryptographic products does not imply
third-party authority to import, export, distribute or use encryption.
Importers, exporters, distributors and users are responsible for
compliance with U.S. and local country laws. By using this product you
agree to comply with applicable laws and regulations. If you are unable
to comply with U.S. and local laws, return this product immediately.

A summary of U.S. laws governing Cisco cryptographic products may be found at:
http://www.cisco.com/wwl/export/crypto/tool/stqrg.html

If you require further assistance please contact us by sending email to
export@cisco.com.



Suite License Information for Module:'esg' 

--------------------------------------------------------------------------------
Suite                 Suite Current         Type           Suite Next reboot     
--------------------------------------------------------------------------------
FoundationSuiteK9     None                  None           None                  
securityk9
appxk9


Technology Package License Information: 

-----------------------------------------------------------------
Technology    Technology-package           Technology-package
              Current       Type           Next reboot  
------------------------------------------------------------------
appxk9           None             None             None
securityk9       None             None             None
ipbase           ipbasek9         Permanent        ipbasek9

cisco C1111-4P (1RU) processor with 1456982K/6147K bytes of memory.
Processor board ID FGL222290LB
1 Virtual Ethernet interface
6 Gigabit Ethernet interfaces
32768K bytes of non-volatile configuration memory.
4194304K bytes of physical memory.
2863103K bytes of flash memory at bootflash:.
0K bytes of WebUI ODM Files at webui:.

Configuration register is 0x2102

cisco3#
DEBUG:paramiko.transport:starting thread (client mode): 0x3120f048
DEBUG:paramiko.transport:Local version/idstring: SSH-2.0-paramiko_2.6.0
DEBUG:paramiko.transport:Remote version/idstring: SSH-2.0-Cisco-1.25
INFO:paramiko.transport:Connected (version 2.0, client Cisco-1.25)
DEBUG:paramiko.transport:kex algos:['diffie-hellman-group-exchange-sha1', 'diffie-hellman-group14-sha1'] server key:['ssh-rsa'] client encrypt:['aes128-ctr', 'aes192-ctr', 'aes256-ctr'] server encrypt:['aes128-ctr', 'aes192-ctr', 'aes256-ctr'] client mac:['hmac-sha2-256', 'hmac-sha2-512', 'hmac-sha1', 'hmac-sha1-96'] server mac:['hmac-sha2-256', 'hmac-sha2-512', 'hmac-sha1', 'hmac-sha1-96'] client compress:['none'] server compress:['none'] client lang:[''] server lang:[''] kex follows?False
DEBUG:paramiko.transport:Kex agreed: diffie-hellman-group-exchange-sha1
DEBUG:paramiko.transport:HostKey agreed: ssh-rsa
DEBUG:paramiko.transport:Cipher agreed: aes128-ctr
DEBUG:paramiko.transport:MAC agreed: hmac-sha2-256
DEBUG:paramiko.transport:Compression agreed: none
DEBUG:paramiko.transport:Got server p (2048 bits)
DEBUG:paramiko.transport:kex engine KexGex specified hash_algo <built-in function openssl_sha1>
DEBUG:paramiko.transport:Switch to new keys ...
DEBUG:paramiko.transport:Adding ssh-rsa host key for cisco3.lasthop.io: b'31c7c985b918fcdf9defd03407b24e3e'
DEBUG:paramiko.transport:userauth is OK
INFO:paramiko.transport:Authentication (password) successful!
DEBUG:paramiko.transport:[chan 0] Max packet in: 32768 bytes
DEBUG:paramiko.transport:[chan 0] Max packet out: 4096 bytes
DEBUG:paramiko.transport:Secsh channel 0 opened.
DEBUG:paramiko.transport:[chan 0] Sesch channel 0 request ok
DEBUG:paramiko.transport:[chan 0] Sesch channel 0 request ok
DEBUG:netmiko:read_channel: 


cisco3#
DEBUG:netmiko:read_channel: 
DEBUG:netmiko:read_channel: 
DEBUG:netmiko:read_channel: 
DEBUG:netmiko:write_channel: b'\n'
DEBUG:netmiko:read_channel: 
DEBUG:netmiko:read_channel: 
DEBUG:netmiko:write_channel: b'\n'
DEBUG:netmiko:Sleep time: 0.1
DEBUG:netmiko:read_channel: 
DEBUG:netmiko:write_channel: b'\n'
DEBUG:netmiko:Sleep time: 0.2
DEBUG:netmiko:read_channel: 
DEBUG:netmiko:write_channel: b'\n'
DEBUG:netmiko:Sleep time: 0.4
DEBUG:netmiko:read_channel: 
DEBUG:netmiko:write_channel: b'\n'
DEBUG:netmiko:Sleep time: 0.8
DEBUG:netmiko:read_channel: 
cisco3#
DEBUG:netmiko:read_channel: 
DEBUG:netmiko:(find_prompt): prompt is cisco3#
DEBUG:netmiko:read_channel: 
DEBUG:netmiko:In disable_paging
DEBUG:netmiko:Command: terminal length 0

DEBUG:netmiko:write_channel: b'terminal length 0\n'
DEBUG:netmiko:Pattern is: terminal\ length\ 0
DEBUG:netmiko:_read_channel_expect read_data: 
cisco3#
DEBUG:netmiko:_read_channel_expect read_data: 
cisco3#
cisco3#
cisco3#
DEBUG:netmiko:_read_channel_expect read_data: t
DEBUG:netmiko:_read_channel_expect read_data: erminal length 0
cisco3#
DEBUG:netmiko:Pattern found: terminal\ length\ 0 
cisco3#
cisco3#
cisco3#
cisco3#terminal length 0
cisco3#
DEBUG:netmiko:
cisco3#
cisco3#
cisco3#
cisco3#terminal length 0
cisco3#
DEBUG:netmiko:Exiting disable_paging
DEBUG:netmiko:write_channel: b'terminal width 511\n'
DEBUG:netmiko:Pattern is: terminal\ width\ 511
DEBUG:netmiko:_read_channel_expect read_data: te
DEBUG:netmiko:_read_channel_expect read_data: rminal width 
DEBUG:netmiko:_read_channel_expect read_data: 511
cisco3#
DEBUG:netmiko:Pattern found: terminal\ width\ 511 terminal width 511
cisco3#
DEBUG:netmiko:read_channel: 
DEBUG:netmiko:read_channel: 
DEBUG:netmiko:write_channel: b'\n'
DEBUG:netmiko:read_channel: 
DEBUG:netmiko:read_channel: 
DEBUG:netmiko:write_channel: b'\n'
DEBUG:netmiko:Sleep time: 0.1
DEBUG:netmiko:read_channel: 
DEBUG:netmiko:write_channel: b'\n'
DEBUG:netmiko:Sleep time: 0.2
DEBUG:netmiko:read_channel: 
DEBUG:netmiko:write_channel: b'\n'
DEBUG:netmiko:Sleep time: 0.4
DEBUG:netmiko:read_channel: 
DEBUG:netmiko:write_channel: b'\n'
DEBUG:netmiko:Sleep time: 0.8
DEBUG:netmiko:read_channel: 
cisco3#
DEBUG:netmiko:read_channel: 
DEBUG:netmiko:(find_prompt): prompt is cisco3#
DEBUG:netmiko:read_channel: 
cisco3#
cisco3#
cisco3#
cisco3#
DEBUG:netmiko:Clear buffer detect items in channel
DEBUG:netmiko:read_channel: 
DEBUG:netmiko:write_channel: b'show version\n'
DEBUG:netmiko:Pattern is: show\ version
DEBUG:netmiko:_read_channel_expect read_data: s
DEBUG:netmiko:_read_channel_expect read_data: how version

DEBUG:netmiko:Pattern found: show\ version show version

DEBUG:netmiko:read_channel: 
DEBUG:netmiko:read_channel: 
DEBUG:netmiko:read_channel: 
DEBUG:netmiko:read_channel: 
DEBUG:netmiko:read_channel: 
DEBUG:netmiko:read_channel: 
DEBUG:netmiko:read_channel: 
DEBUG:netmiko:read_channel: 
DEBUG:netmiko:read_channel: 
DEBUG:netmiko:read_channel: 
DEBUG:netmiko:read_channel: Cisco IOS XE Software, Version 16.08.01
Cisco IOS Software [Fuji], ISR Software (ARMV8EB_LINUX_IOSD-UNIVERSALK9_IAS-M), Version 16.8.1, RELEASE SOFTWARE (fc3)
Technical Support: http://www.cisco.com/techsupport
Copyright (c) 1986-2018 by Cisco Systems, Inc.
Compiled Tue 27-Mar-18 10:56 by mcpre


Cisco IOS-XE software, Copyright (c) 2005-2018 by cisco Systems, Inc.
All rights reserved.  Certain components of Cisco IOS-XE software are
licensed under the GNU General Public License ("GPL") Version 2.0.  The
software code licensed under GPL Version 2.0 is free software that comes
with ABSOLUTELY NO WARRANTY.  You can redistribute and/or modify such
GPL code under the terms of GPL Version 2.0.  For more details, see the
documentation or "License Notice" file accompanying the IOS-XE software,
or the applicable URL provided on the flyer accompanying the IOS-XE
software.


ROM: IOS-XE ROMMON

cisco3 uptime is 20 weeks, 1 day, 23 hours, 34 minutes
Uptime for this control processor is 20 weeks, 1 day, 23 hours, 37 minutes
System returned to ROM by Reload Command at 13:54:45 PDT Mon May 13 2019
System restarted at 13:58:30 PDT Mon May 13 2019
System image file is "bootflash:c1100-universalk9_ias.16.08.01.SPA.bin"
Last reload reason: Reload Command



This product contains cryptographic features and is subject to United
States and local country laws governing import, export, transfer and
use. Delivery of Cisco cryptographic products does not imply
third-party authority to import, export, distribute or use encryption.
Importers, exporters, distributors and users are responsible for
compliance with U.S. and local country laws. By using this product you
agree to comply with applicable laws and regulations. If you are unable
to comply with U.S. and local laws, return this product immediately.

A summary of U.S. laws governing Cisco cryptographic products may be found at:
http://www.cisco.com/wwl/export/crypto/tool/stqrg.html

If you require further assistance please contact us by sending email to
export@cisco.com.



Suite License Information for Module:'esg' 

--------------------------------------------------------------------------------
Suite                 Suite Current         Type           Suite Next reboot     
--------------------------------------------------------------------------------
FoundationSuiteK9     None                  None           None                  
securityk9
appxk9


Technology Package License Information: 

-----------------------------------------------------------------
Technology    Technology-package           Technology-package
              Current       Type           Next reboot  
------------------------------------------------------------------
appxk9           None             None             None
securityk9       None             None             None
ipbase           ipbasek9         Permanent        ipbasek9

cisco C1111-4P (1RU) processor with 1456982K/6147K bytes of memory.
Processor board ID FGL222290LB
1 Virtual Ethernet interface
6 Gigabit Ethernet interfaces
32768K bytes of non-volatile configuration memory.
4194304K bytes of physical memory.
2863103K bytes of flash memory at bootflash:.
0K bytes of WebUI ODM Files at webui:.

Configuration register is 0x2102

cisco3#
DEBUG:netmiko:read_channel: 
DEBUG:netmiko:write_channel: b'\n'
DEBUG:netmiko:read_channel: 
DEBUG:netmiko:read_channel: 
DEBUG:netmiko:write_channel: b'\n'
DEBUG:netmiko:Sleep time: 0.1
DEBUG:netmiko:read_channel: 
DEBUG:netmiko:write_channel: b'\n'
DEBUG:netmiko:Sleep time: 0.2
DEBUG:netmiko:read_channel: 
DEBUG:netmiko:write_channel: b'\n'
DEBUG:netmiko:Sleep time: 0.4
DEBUG:netmiko:read_channel: 
DEBUG:netmiko:write_channel: b'\n'
DEBUG:netmiko:Sleep time: 0.8
DEBUG:netmiko:read_channel: 
cisco3#
DEBUG:netmiko:read_channel: 
DEBUG:netmiko:(find_prompt): prompt is cisco3#
DEBUG:netmiko:read_channel: 
cisco3#
cisco3#
cisco3#
cisco3#
DEBUG:netmiko:Clear buffer detect items in channel
DEBUG:netmiko:read_channel: 
DEBUG:netmiko:write_channel: b'show version\n'
DEBUG:netmiko:Pattern is: show\ version
DEBUG:netmiko:_read_channel_expect read_data: s
DEBUG:netmiko:_read_channel_expect read_data: how version

DEBUG:netmiko:Pattern found: show\ version show version

DEBUG:netmiko:read_channel: 
DEBUG:netmiko:read_channel: 
DEBUG:netmiko:read_channel: 
DEBUG:netmiko:read_channel: 
DEBUG:netmiko:read_channel: 
DEBUG:netmiko:read_channel: 
DEBUG:netmiko:read_channel: 
DEBUG:netmiko:read_channel: 
DEBUG:netmiko:read_channel: 
DEBUG:netmiko:read_channel: 
DEBUG:netmiko:read_channel: Cisco IOS XE Software, Version 16.08.01
Cisco IOS Software [Fuji], ISR Software (ARMV8EB_LINUX_IOSD-UNIVERSALK9_IAS-M), Version 16.8.1, RELEASE SOFTWARE (fc3)
Technical Support: http://www.cisco.com/techsupport
Copyright (c) 1986-2018 by Cisco Systems, Inc.
Compiled Tue 27-Mar-18 10:56 by mcpre


Cisco IOS-XE software, Copyright (c) 2005-2018 by cisco Systems, Inc.
All rights reserved.  Certain components of Cisco IOS-XE software are
licensed under the GNU General Public License ("GPL") Version 2.0.  The
software code licensed under GPL Version 2.0 is free software that comes
with ABSOLUTELY NO WARRANTY.  You can redistribute and/or modify such
GPL code under the terms of GPL Version 2.0.  For more details, see the
documentation or "License Notice" file accompanying the IOS-XE software,
or the applicable URL provided on the flyer accompanying the IOS-XE
software.


ROM: IOS-XE ROMMON

cisco3 uptime is 20 weeks, 1 day, 23 hours, 34 minutes
Uptime for this control processor is 20 weeks, 1 day, 23 hours, 37 minutes
System returned to ROM by Reload Command at 13:54:45 PDT Mon May 13 2019
System restarted at 13:58:30 PDT Mon May 13 2019
System image file is "bootflash:c1100-universalk9_ias.16.08.01.SPA.bin"
Last reload reason: Reload Command



This product contains cryptographic features and is subject to United
States and local country laws governing import, export, transfer and
use. Delivery of Cisco cryptographic products does not imply
third-party authority to import, export, distribute or use encryption.
Importers, exporters, distributors and users are responsible for
compliance with U.S. and local country laws. By using this product you
agree to comply with applicable laws and regulations. If you are unable
to comply with U.S. and local laws, return this product immediately.

A summary of U.S. laws governing Cisco cryptographic products may be found at:
http://www.cisco.com/wwl/export/crypto/tool/stqrg.html

If you require further assistance please contact us by sending email to
export@cisco.com.



Suite License Information for Module:'esg' 

--------------------------------------------------------------------------------
Suite                 Suite Current         Type           Suite Next reboot     
--------------------------------------------------------------------------------
FoundationSuiteK9     None                  None           None                  
securityk9
appxk9


Technology Package License Information: 

-----------------------------------------------------------------
Technology    Technology-package           Technology-package
              Current       Type           Next reboot  
------------------------------------------------------------------
appxk9           None             None             None
securityk9       None             None             None
ipbase           ipbasek9         Permanent        ipbasek9

cisco C1111-4P (1RU) processor with 1456982K/6147K bytes of memory.
Processor board ID FGL222290LB
1 Virtual Ethernet interface
6 Gigabit Ethernet interfaces
32768K bytes of non-volatile configuration memory.
4194304K bytes of physical memory.
2863103K bytes of flash memory at bootflash:.
0K bytes of WebUI ODM Files at webui:.

Configuration register is 0x2102

cisco3#
DEBUG:paramiko.transport:starting thread (client mode): 0x30d337f0
DEBUG:paramiko.transport:Local version/idstring: SSH-2.0-paramiko_2.6.0
DEBUG:paramiko.transport:Remote version/idstring: SSH-2.0-Cisco-1.25
INFO:paramiko.transport:Connected (version 2.0, client Cisco-1.25)
DEBUG:paramiko.transport:kex algos:['diffie-hellman-group-exchange-sha1', 'diffie-hellman-group14-sha1'] server key:['ssh-rsa'] client encrypt:['aes128-ctr', 'aes192-ctr', 'aes256-ctr'] server encrypt:['aes128-ctr', 'aes192-ctr', 'aes256-ctr'] client mac:['hmac-sha2-256', 'hmac-sha2-512', 'hmac-sha1', 'hmac-sha1-96'] server mac:['hmac-sha2-256', 'hmac-sha2-512', 'hmac-sha1', 'hmac-sha1-96'] client compress:['none'] server compress:['none'] client lang:[''] server lang:[''] kex follows?False
DEBUG:paramiko.transport:Kex agreed: diffie-hellman-group-exchange-sha1
DEBUG:paramiko.transport:HostKey agreed: ssh-rsa
DEBUG:paramiko.transport:Cipher agreed: aes128-ctr
DEBUG:paramiko.transport:MAC agreed: hmac-sha2-256
DEBUG:paramiko.transport:Compression agreed: none
DEBUG:paramiko.transport:Got server p (2048 bits)
DEBUG:paramiko.transport:kex engine KexGex specified hash_algo <built-in function openssl_sha1>
DEBUG:paramiko.transport:Switch to new keys ...
DEBUG:paramiko.transport:Adding ssh-rsa host key for cisco3.lasthop.io: b'31c7c985b918fcdf9defd03407b24e3e'
DEBUG:paramiko.transport:userauth is OK
INFO:paramiko.transport:Authentication (password) successful!
DEBUG:paramiko.transport:[chan 0] Max packet in: 32768 bytes
DEBUG:paramiko.transport:[chan 0] Max packet out: 4096 bytes
DEBUG:paramiko.transport:Secsh channel 0 opened.
DEBUG:paramiko.transport:[chan 0] Sesch channel 0 request ok
DEBUG:paramiko.transport:[chan 0] Sesch channel 0 request ok
DEBUG:netmiko:read_channel: 


cisco3#
DEBUG:netmiko:read_channel: 
DEBUG:netmiko:read_channel: 
DEBUG:netmiko:read_channel: 
DEBUG:netmiko:write_channel: b'\n'
DEBUG:netmiko:read_channel: 
DEBUG:netmiko:read_channel: 
DEBUG:netmiko:write_channel: b'\n'
DEBUG:netmiko:Sleep time: 0.1
DEBUG:netmiko:read_channel: 
DEBUG:netmiko:write_channel: b'\n'
DEBUG:netmiko:Sleep time: 0.2
DEBUG:netmiko:read_channel: 
DEBUG:netmiko:write_channel: b'\n'
DEBUG:netmiko:Sleep time: 0.4
DEBUG:netmiko:read_channel: 
DEBUG:netmiko:write_channel: b'\n'
DEBUG:netmiko:Sleep time: 0.8
DEBUG:netmiko:read_channel: 
cisco3#
DEBUG:netmiko:read_channel: 
DEBUG:netmiko:(find_prompt): prompt is cisco3#
DEBUG:netmiko:read_channel: 
DEBUG:netmiko:In disable_paging
DEBUG:netmiko:Command: terminal length 0

DEBUG:netmiko:write_channel: b'terminal length 0\n'
DEBUG:netmiko:Pattern is: terminal\ length\ 0
DEBUG:netmiko:_read_channel_expect read_data: 

DEBUG:netmiko:_read_channel_expect read_data: cisco3#
cisco3#
cisco3#
cisco3#
DEBUG:netmiko:_read_channel_expect read_data: t
DEBUG:netmiko:_read_channel_expect read_data: erminal length 0
cisco3#
DEBUG:netmiko:Pattern found: terminal\ length\ 0 
cisco3#
cisco3#
cisco3#
cisco3#terminal length 0
cisco3#
DEBUG:netmiko:
cisco3#
cisco3#
cisco3#
cisco3#terminal length 0
cisco3#
DEBUG:netmiko:Exiting disable_paging
DEBUG:netmiko:write_channel: b'terminal width 511\n'
DEBUG:netmiko:Pattern is: terminal\ width\ 511
DEBUG:netmiko:_read_channel_expect read_data: t
DEBUG:netmiko:_read_channel_expect read_data: erminal width 511
cisco3#
DEBUG:netmiko:Pattern found: terminal\ width\ 511 terminal width 511
cisco3#
DEBUG:netmiko:read_channel: 
DEBUG:netmiko:read_channel: 
DEBUG:netmiko:write_channel: b'\n'
DEBUG:netmiko:read_channel: 
DEBUG:netmiko:read_channel: 
DEBUG:netmiko:write_channel: b'\n'
DEBUG:netmiko:Sleep time: 0.1
DEBUG:netmiko:read_channel: 
DEBUG:netmiko:write_channel: b'\n'
DEBUG:netmiko:Sleep time: 0.2
DEBUG:netmiko:read_channel: 
DEBUG:netmiko:write_channel: b'\n'
DEBUG:netmiko:Sleep time: 0.4
DEBUG:netmiko:read_channel: 
DEBUG:netmiko:write_channel: b'\n'
DEBUG:netmiko:Sleep time: 0.8
DEBUG:netmiko:read_channel: 
cisco3#
DEBUG:netmiko:read_channel: 
DEBUG:netmiko:(find_prompt): prompt is cisco3#
DEBUG:netmiko:write_channel: b'\n'
DEBUG:netmiko:Pattern is: #
DEBUG:netmiko:_read_channel_expect read_data: 
cisco3#
cisco3#
DEBUG:netmiko:Pattern found: # 
cisco3#
cisco3#
DEBUG:netmiko:exit_config_mode: 
DEBUG:netmiko:write_channel: b'exit\n'
DEBUG:paramiko.transport:EOF in transport thread
DEBUG:netmiko:read_channel: 
DEBUG:netmiko:read_channel: 
DEBUG:netmiko:write_channel: b'show ip interface brief\n'
DEBUG:netmiko:read_channel: 
DEBUG:netmiko:read_channel: show ip interface brief
Interface              IP-Address      OK? Method Status                Protocol
GigabitEthernet0/0/0   10.220.88.22    YES NVRAM  up                    up      
GigabitEthernet0/0/1   unassigned      YES NVRAM  administratively down down    
GigabitEthernet0/1/0   unassigned      YES unset  down                  down    
GigabitEthernet0/1/1   unassigned      YES unset  down                  down    
GigabitEthernet0/1/2   unassigned      YES unset  down                  down    
GigabitEthernet0/1/3   unassigned      YES unset  down                  down    
Vlan1                  unassigned      YES unset  up                    down    
cisco3#
DEBUG:netmiko:read_channel: 
DEBUG:netmiko:read_channel: 
DEBUG:netmiko:read_channel: 
DEBUG:netmiko:read_channel: 
DEBUG:netmiko:write_channel: b'\n'
DEBUG:netmiko:read_channel: 
DEBUG:netmiko:read_channel: 
DEBUG:netmiko:write_channel: b'\n'
DEBUG:netmiko:Sleep time: 0.1
DEBUG:netmiko:read_channel: 
DEBUG:netmiko:write_channel: b'\n'
DEBUG:netmiko:Sleep time: 0.2
DEBUG:netmiko:read_channel: 
DEBUG:netmiko:write_channel: b'\n'
DEBUG:netmiko:Sleep time: 0.4
DEBUG:netmiko:read_channel: 
DEBUG:netmiko:write_channel: b'\n'
DEBUG:netmiko:Sleep time: 0.8
DEBUG:netmiko:read_channel: 
cisco3#
DEBUG:netmiko:read_channel: 
DEBUG:netmiko:(find_prompt): prompt is cisco3#
DEBUG:netmiko:read_channel: 
cisco3#
cisco3#
cisco3#
cisco3#
DEBUG:netmiko:Clear buffer detect items in channel
DEBUG:netmiko:read_channel: 
DEBUG:netmiko:write_channel: b'show ip interface brief\n'
DEBUG:netmiko:Pattern is: show\ ip\ interface\ brief
DEBUG:netmiko:_read_channel_expect read_data: sh
DEBUG:netmiko:_read_channel_expect read_data: ow ip interf
DEBUG:netmiko:_read_channel_expect read_data: ac
DEBUG:netmiko:_read_channel_expect read_data: e brief
Interface              IP-Address      OK? Method Status                Protocol
GigabitEthernet0/0/0   10.220.88.22    YES NVRAM  up                    up      
GigabitEthernet0/0/1   unassigned      YES NVRAM  administratively down down    
GigabitEthernet0/1/0   unassigned      YES unset  down                  down    
GigabitEthernet0/1/1   unassigned      YES unset  down                  down    
GigabitEthernet0/1/2   unassigned      YES unset  down                  down    
GigabitEthernet0/1/3   unassigned      YES unset  down                  down    
Vlan1                  unassigned      YES unset  up                    down    
cisco3#
DEBUG:netmiko:Pattern found: show\ ip\ interface\ brief show ip interface brief
Interface              IP-Address      OK? Method Status                Protocol
GigabitEthernet0/0/0   10.220.88.22    YES NVRAM  up                    up      
GigabitEthernet0/0/1   unassigned      YES NVRAM  administratively down down    
GigabitEthernet0/1/0   unassigned      YES unset  down                  down    
GigabitEthernet0/1/1   unassigned      YES unset  down                  down    
GigabitEthernet0/1/2   unassigned      YES unset  down                  down    
GigabitEthernet0/1/3   unassigned      YES unset  down                  down    
Vlan1                  unassigned      YES unset  up                    down    
cisco3#
DEBUG:netmiko:read_channel: 
DEBUG:netmiko:read_channel: 
DEBUG:netmiko:read_channel: 
DEBUG:netmiko:read_channel: 
DEBUG:netmiko:read_channel: 
DEBUG:netmiko:read_channel: 
DEBUG:netmiko:read_channel: 
DEBUG:netmiko:read_channel: 
DEBUG:netmiko:read_channel: 
DEBUG:netmiko:read_channel: 
DEBUG:netmiko:read_channel: 
DEBUG:netmiko:read_channel: 
DEBUG:netmiko:read_channel: 
DEBUG:netmiko:read_channel: 
DEBUG:netmiko:read_channel: 
DEBUG:netmiko:read_channel: 
DEBUG:netmiko:read_channel: 
DEBUG:netmiko:read_channel: 
DEBUG:netmiko:read_channel: 
DEBUG:netmiko:read_channel: 
DEBUG:netmiko:read_channel: 
DEBUG:netmiko:read_channel: 
DEBUG:netmiko:read_channel: 
DEBUG:netmiko:read_channel: 
DEBUG:netmiko:read_channel: 
DEBUG:netmiko:read_channel: 
DEBUG:netmiko:read_channel: 
DEBUG:netmiko:read_channel: 
DEBUG:netmiko:read_channel: 
DEBUG:netmiko:read_channel: 
DEBUG:netmiko:read_channel: 
DEBUG:netmiko:read_channel: 
DEBUG:netmiko:read_channel: 
DEBUG:netmiko:read_channel: 
DEBUG:netmiko:read_channel: 
DEBUG:netmiko:read_channel: 
DEBUG:netmiko:read_channel: 
DEBUG:netmiko:read_channel: 
DEBUG:netmiko:read_channel: 
DEBUG:netmiko:read_channel: 
DEBUG:netmiko:read_channel: 
DEBUG:netmiko:read_channel: 
DEBUG:netmiko:read_channel: 
DEBUG:netmiko:read_channel: 
DEBUG:netmiko:read_channel: 
DEBUG:netmiko:read_channel: 
DEBUG:netmiko:read_channel: 
DEBUG:netmiko:read_channel: 
DEBUG:netmiko:read_channel: 
DEBUG:netmiko:read_channel: 
DEBUG:netmiko:read_channel: 
DEBUG:netmiko:read_channel: 
DEBUG:netmiko:read_channel: 
DEBUG:netmiko:read_channel: 
DEBUG:netmiko:read_channel: 
DEBUG:netmiko:read_channel: 
DEBUG:netmiko:read_channel: 
DEBUG:netmiko:read_channel: 
DEBUG:netmiko:read_channel: 
DEBUG:netmiko:read_channel: 
DEBUG:netmiko:read_channel: 
DEBUG:netmiko:read_channel: 
DEBUG:netmiko:read_channel: 
DEBUG:netmiko:read_channel: 
DEBUG:netmiko:read_channel: 
DEBUG:netmiko:read_channel: 
DEBUG:netmiko:read_channel: 
DEBUG:netmiko:read_channel: 
DEBUG:netmiko:read_channel: 
DEBUG:netmiko:read_channel: 
DEBUG:netmiko:read_channel: 
DEBUG:netmiko:read_channel: 
DEBUG:netmiko:read_channel: 
DEBUG:netmiko:read_channel: 
DEBUG:netmiko:read_channel: 
DEBUG:netmiko:read_channel: 
DEBUG:netmiko:read_channel: 
DEBUG:netmiko:read_channel: 
DEBUG:netmiko:read_channel: 
DEBUG:netmiko:read_channel: 
DEBUG:netmiko:read_channel: 
DEBUG:netmiko:read_channel: 
DEBUG:netmiko:read_channel: 
DEBUG:netmiko:read_channel: 
DEBUG:netmiko:read_channel: 
DEBUG:netmiko:read_channel: 
DEBUG:netmiko:read_channel: 
DEBUG:netmiko:read_channel: 
DEBUG:netmiko:read_channel: 
DEBUG:netmiko:read_channel: 
DEBUG:netmiko:read_channel: 
DEBUG:netmiko:read_channel: 
DEBUG:netmiko:read_channel: 
DEBUG:netmiko:read_channel: 
DEBUG:netmiko:read_channel: 
DEBUG:netmiko:read_channel: 
DEBUG:netmiko:read_channel: 
DEBUG:netmiko:read_channel: 
DEBUG:netmiko:read_channel: 
DEBUG:netmiko:read_channel: 
DEBUG:netmiko:read_channel: 
DEBUG:netmiko:read_channel: 
DEBUG:netmiko:read_channel: 
DEBUG:netmiko:read_channel: 
DEBUG:netmiko:read_channel: 
DEBUG:netmiko:read_channel: 
DEBUG:netmiko:read_channel: 
DEBUG:netmiko:read_channel: 
DEBUG:netmiko:read_channel: 
DEBUG:netmiko:read_channel: 
DEBUG:netmiko:read_channel: 
DEBUG:netmiko:read_channel: 
DEBUG:netmiko:read_channel: 
DEBUG:netmiko:read_channel: 
DEBUG:netmiko:read_channel: 
DEBUG:netmiko:read_channel: 
DEBUG:netmiko:read_channel: 
DEBUG:netmiko:read_channel: 
DEBUG:netmiko:read_channel: 
DEBUG:netmiko:read_channel: 
DEBUG:netmiko:read_channel: 
DEBUG:netmiko:read_channel: 
DEBUG:netmiko:read_channel: 
DEBUG:netmiko:read_channel: 
DEBUG:netmiko:read_channel: 
DEBUG:netmiko:read_channel: 
DEBUG:netmiko:read_channel: 
DEBUG:netmiko:read_channel: 
DEBUG:netmiko:read_channel: 
DEBUG:netmiko:read_channel: 
DEBUG:netmiko:read_channel: 
DEBUG:netmiko:read_channel: 
DEBUG:netmiko:read_channel: 
DEBUG:netmiko:read_channel: 
DEBUG:netmiko:read_channel: 
DEBUG:netmiko:read_channel: 
DEBUG:netmiko:read_channel: 
DEBUG:netmiko:read_channel: 
DEBUG:netmiko:read_channel: 
DEBUG:netmiko:read_channel: 
DEBUG:netmiko:read_channel: 
DEBUG:netmiko:read_channel: 
DEBUG:netmiko:read_channel: 
DEBUG:netmiko:read_channel: 
DEBUG:netmiko:read_channel: 
DEBUG:netmiko:read_channel: 
DEBUG:netmiko:read_channel: 
DEBUG:netmiko:read_channel: 
DEBUG:netmiko:read_channel: 
DEBUG:netmiko:read_channel: 
DEBUG:netmiko:read_channel: 
DEBUG:netmiko:read_channel: 
DEBUG:netmiko:read_channel: 
DEBUG:netmiko:read_channel: 
DEBUG:netmiko:read_channel: 
DEBUG:netmiko:read_channel: 
DEBUG:netmiko:read_channel: 
DEBUG:netmiko:read_channel: 
DEBUG:netmiko:read_channel: 
DEBUG:netmiko:read_channel: 
DEBUG:netmiko:read_channel: 
DEBUG:netmiko:read_channel: 
DEBUG:netmiko:read_channel: 
DEBUG:netmiko:read_channel: 
DEBUG:netmiko:read_channel: 
DEBUG:netmiko:read_channel: 
DEBUG:netmiko:read_channel: 
DEBUG:netmiko:read_channel: 
DEBUG:netmiko:read_channel: 
DEBUG:netmiko:read_channel: 
DEBUG:netmiko:read_channel: 
DEBUG:netmiko:read_channel: 
DEBUG:netmiko:read_channel: 
DEBUG:netmiko:read_channel: 
DEBUG:netmiko:read_channel: 
DEBUG:netmiko:read_channel: 
DEBUG:netmiko:read_channel: 
DEBUG:netmiko:read_channel: 
DEBUG:netmiko:read_channel: 
DEBUG:netmiko:read_channel: 
DEBUG:netmiko:read_channel: 
DEBUG:netmiko:read_channel: 
DEBUG:netmiko:read_channel: 
DEBUG:netmiko:read_channel: 
DEBUG:netmiko:read_channel: 
DEBUG:netmiko:read_channel: 
DEBUG:netmiko:read_channel: 
DEBUG:netmiko:read_channel: 
DEBUG:netmiko:read_channel: 
DEBUG:netmiko:read_channel: 
DEBUG:netmiko:read_channel: 
DEBUG:netmiko:read_channel: 
DEBUG:netmiko:read_channel: 
DEBUG:netmiko:read_channel: 
DEBUG:netmiko:read_channel: 
DEBUG:netmiko:read_channel: 
DEBUG:netmiko:read_channel: 
DEBUG:netmiko:read_channel: 
DEBUG:netmiko:read_channel: 
DEBUG:netmiko:read_channel: 
DEBUG:netmiko:read_channel: 
DEBUG:netmiko:read_channel: 
DEBUG:netmiko:read_channel: 
DEBUG:netmiko:read_channel: 
DEBUG:netmiko:read_channel: 
DEBUG:netmiko:read_channel: 
DEBUG:netmiko:read_channel: 
DEBUG:netmiko:read_channel: 
DEBUG:netmiko:read_channel: 
DEBUG:netmiko:read_channel: 
DEBUG:netmiko:read_channel: 
DEBUG:netmiko:read_channel: 
DEBUG:netmiko:read_channel: 
DEBUG:netmiko:read_channel: 
DEBUG:netmiko:read_channel: 
DEBUG:netmiko:read_channel: 
DEBUG:netmiko:read_channel: 
DEBUG:netmiko:read_channel: 
DEBUG:netmiko:read_channel: 
DEBUG:netmiko:read_channel: 
DEBUG:netmiko:read_channel: 
DEBUG:netmiko:read_channel: 
DEBUG:netmiko:read_channel: 
DEBUG:netmiko:read_channel: 
DEBUG:netmiko:read_channel: 
DEBUG:netmiko:read_channel: 
DEBUG:netmiko:read_channel: 
DEBUG:netmiko:read_channel: 
DEBUG:netmiko:read_channel: 
DEBUG:netmiko:read_channel: 
DEBUG:netmiko:read_channel: 
DEBUG:netmiko:read_channel: 
DEBUG:netmiko:read_channel: 
DEBUG:netmiko:read_channel: 
DEBUG:netmiko:read_channel: 
DEBUG:netmiko:read_channel: 
DEBUG:netmiko:read_channel: 
DEBUG:netmiko:read_channel: 
DEBUG:netmiko:read_channel: 
DEBUG:netmiko:read_channel: 
DEBUG:netmiko:read_channel: 
DEBUG:netmiko:read_channel: 
DEBUG:netmiko:read_channel: 
DEBUG:netmiko:read_channel: 
DEBUG:netmiko:read_channel: 
DEBUG:netmiko:read_channel: 
DEBUG:netmiko:read_channel: 
DEBUG:netmiko:read_channel: 
DEBUG:netmiko:read_channel: 
DEBUG:netmiko:read_channel: 
DEBUG:netmiko:read_channel: 
DEBUG:netmiko:read_channel: 
DEBUG:netmiko:read_channel: 
DEBUG:netmiko:read_channel: 
DEBUG:netmiko:read_channel: 
DEBUG:netmiko:read_channel: 
DEBUG:netmiko:read_channel: 
DEBUG:netmiko:read_channel: 
DEBUG:netmiko:read_channel: 
DEBUG:netmiko:read_channel: 
DEBUG:netmiko:read_channel: 
DEBUG:netmiko:read_channel: 
DEBUG:netmiko:read_channel: 
DEBUG:netmiko:read_channel: 
DEBUG:netmiko:read_channel: 
DEBUG:netmiko:read_channel: 
DEBUG:netmiko:read_channel: 
DEBUG:netmiko:read_channel: 
DEBUG:netmiko:read_channel: 
DEBUG:netmiko:read_channel: 
DEBUG:netmiko:read_channel: 
DEBUG:netmiko:read_channel: 
DEBUG:netmiko:read_channel: 
DEBUG:netmiko:read_channel: 
DEBUG:netmiko:read_channel: 
DEBUG:netmiko:read_channel: 
DEBUG:netmiko:read_channel: 
DEBUG:netmiko:read_channel: 
DEBUG:netmiko:read_channel: 
DEBUG:netmiko:read_channel: 
DEBUG:netmiko:read_channel: 
DEBUG:netmiko:read_channel: 
DEBUG:netmiko:read_channel: 
DEBUG:netmiko:read_channel: 
DEBUG:netmiko:read_channel: 
DEBUG:netmiko:read_channel: 
DEBUG:netmiko:read_channel: 
DEBUG:netmiko:read_channel: 
DEBUG:netmiko:read_channel: 
DEBUG:netmiko:read_channel: 
DEBUG:netmiko:read_channel: 
DEBUG:netmiko:read_channel: 
DEBUG:netmiko:read_channel: 
DEBUG:netmiko:read_channel: 
DEBUG:netmiko:read_channel: 
DEBUG:netmiko:read_channel: 
DEBUG:netmiko:read_channel: 
DEBUG:netmiko:read_channel: 
DEBUG:netmiko:read_channel: 
DEBUG:netmiko:read_channel: 
DEBUG:netmiko:read_channel: 
DEBUG:netmiko:read_channel: 
DEBUG:netmiko:read_channel: 
DEBUG:netmiko:read_channel: 
DEBUG:netmiko:read_channel: 
DEBUG:netmiko:read_channel: 
DEBUG:netmiko:read_channel: 
DEBUG:netmiko:read_channel: 
DEBUG:netmiko:read_channel: 
DEBUG:netmiko:read_channel: 
DEBUG:netmiko:read_channel: 
DEBUG:netmiko:read_channel: 
DEBUG:netmiko:read_channel: 
DEBUG:netmiko:read_channel: 
DEBUG:netmiko:read_channel: 
DEBUG:netmiko:read_channel: 
DEBUG:netmiko:read_channel: 
DEBUG:netmiko:read_channel: 
DEBUG:netmiko:read_channel: 
DEBUG:netmiko:read_channel: 
DEBUG:netmiko:read_channel: 
DEBUG:netmiko:read_channel: 
DEBUG:netmiko:read_channel: 
DEBUG:netmiko:read_channel: 
DEBUG:netmiko:read_channel: 
DEBUG:netmiko:read_channel: 
DEBUG:netmiko:read_channel: 
DEBUG:netmiko:read_channel: 
DEBUG:netmiko:read_channel: 
DEBUG:netmiko:read_channel: 
DEBUG:netmiko:read_channel: 
DEBUG:netmiko:read_channel: 
DEBUG:netmiko:read_channel: 
DEBUG:netmiko:read_channel: 
DEBUG:netmiko:read_channel: 
DEBUG:netmiko:read_channel: 
DEBUG:netmiko:read_channel: 
DEBUG:netmiko:read_channel: 
DEBUG:netmiko:read_channel: 
DEBUG:netmiko:read_channel: 
DEBUG:netmiko:read_channel: 
DEBUG:netmiko:read_channel: 
DEBUG:netmiko:read_channel: 
DEBUG:netmiko:read_channel: 
DEBUG:netmiko:read_channel: 
DEBUG:netmiko:read_channel: 
DEBUG:netmiko:read_channel: 
DEBUG:netmiko:read_channel: 
DEBUG:netmiko:read_channel: 
DEBUG:netmiko:read_channel: 
DEBUG:netmiko:read_channel: 
DEBUG:netmiko:read_channel: 
DEBUG:netmiko:read_channel: 
DEBUG:netmiko:read_channel: 
DEBUG:netmiko:read_channel: 
DEBUG:netmiko:read_channel: 
DEBUG:netmiko:read_channel: 
DEBUG:netmiko:read_channel: 
DEBUG:netmiko:read_channel: 
DEBUG:netmiko:read_channel: 
DEBUG:netmiko:read_channel: 
DEBUG:netmiko:read_channel: 
DEBUG:netmiko:read_channel: 
DEBUG:netmiko:read_channel: 
DEBUG:netmiko:read_channel: 
DEBUG:netmiko:read_channel: 
DEBUG:netmiko:read_channel: 
DEBUG:netmiko:read_channel: 
DEBUG:netmiko:read_channel: 
DEBUG:netmiko:read_channel: 
DEBUG:netmiko:read_channel: 
DEBUG:netmiko:read_channel: 
DEBUG:netmiko:read_channel: 
DEBUG:netmiko:read_channel: 
DEBUG:netmiko:read_channel: 
DEBUG:netmiko:read_channel: 
DEBUG:netmiko:read_channel: 
DEBUG:netmiko:read_channel: 
DEBUG:netmiko:read_channel: 
DEBUG:netmiko:read_channel: 
DEBUG:netmiko:read_channel: 
DEBUG:netmiko:read_channel: 
DEBUG:netmiko:read_channel: 
DEBUG:netmiko:read_channel: 
DEBUG:netmiko:read_channel: 
DEBUG:netmiko:read_channel: 
DEBUG:netmiko:read_channel: 
DEBUG:netmiko:read_channel: 
DEBUG:netmiko:read_channel: 
DEBUG:netmiko:read_channel: 
DEBUG:netmiko:read_channel: 
DEBUG:netmiko:read_channel: 
DEBUG:netmiko:read_channel: 
DEBUG:netmiko:read_channel: 
DEBUG:netmiko:read_channel: 
DEBUG:netmiko:read_channel: 
DEBUG:netmiko:read_channel: 
DEBUG:netmiko:read_channel: 
DEBUG:netmiko:read_channel: 
DEBUG:netmiko:read_channel: 
DEBUG:netmiko:read_channel: 
DEBUG:netmiko:read_channel: 
DEBUG:netmiko:read_channel: 
DEBUG:netmiko:read_channel: 
DEBUG:netmiko:read_channel: 
DEBUG:netmiko:read_channel: 
DEBUG:netmiko:read_channel: 
DEBUG:netmiko:read_channel: 
DEBUG:netmiko:read_channel: 
DEBUG:netmiko:read_channel: 
DEBUG:netmiko:read_channel: 
DEBUG:netmiko:read_channel: 
DEBUG:netmiko:read_channel: 
DEBUG:netmiko:read_channel: 
DEBUG:netmiko:read_channel: 
DEBUG:netmiko:read_channel: 
DEBUG:netmiko:read_channel: 
DEBUG:netmiko:read_channel: 
DEBUG:netmiko:read_channel: 
DEBUG:netmiko:read_channel: 
DEBUG:netmiko:read_channel: 
DEBUG:netmiko:read_channel: 
DEBUG:netmiko:read_channel: 
DEBUG:netmiko:read_channel: 
DEBUG:netmiko:read_channel: 
DEBUG:netmiko:read_channel: 
DEBUG:netmiko:read_channel: 
DEBUG:netmiko:read_channel: 
DEBUG:netmiko:read_channel: 
DEBUG:netmiko:read_channel: 
DEBUG:netmiko:read_channel: 
DEBUG:netmiko:read_channel: 
DEBUG:netmiko:read_channel: 
DEBUG:netmiko:read_channel: 
DEBUG:netmiko:read_channel: 
DEBUG:netmiko:read_channel: 
DEBUG:netmiko:read_channel: 
DEBUG:netmiko:read_channel: 
DEBUG:netmiko:read_channel: 
DEBUG:netmiko:read_channel: 
DEBUG:netmiko:read_channel: 
DEBUG:netmiko:read_channel: 
DEBUG:netmiko:read_channel: 
DEBUG:netmiko:read_channel: 
DEBUG:netmiko:read_channel: 
DEBUG:netmiko:read_channel: 
DEBUG:netmiko:read_channel: 
DEBUG:netmiko:read_channel: 
DEBUG:netmiko:read_channel: 
DEBUG:netmiko:read_channel: 
DEBUG:netmiko:read_channel: 
DEBUG:netmiko:read_channel: 
DEBUG:netmiko:read_channel: 
DEBUG:netmiko:read_channel: 
DEBUG:netmiko:read_channel: 
DEBUG:netmiko:read_channel: 
DEBUG:netmiko:read_channel: 
DEBUG:netmiko:read_channel: 
DEBUG:netmiko:read_channel: 
DEBUG:netmiko:read_channel: 
DEBUG:netmiko:read_channel: 
DEBUG:netmiko:read_channel: 
DEBUG:netmiko:read_channel: 
DEBUG:netmiko:read_channel: 
DEBUG:netmiko:read_channel: 
DEBUG:netmiko:read_channel: 
DEBUG:netmiko:read_channel: 
DEBUG:netmiko:read_channel: 
DEBUG:netmiko:read_channel: 
DEBUG:netmiko:read_channel: 
DEBUG:netmiko:read_channel: 
DEBUG:netmiko:read_channel: 
DEBUG:netmiko:read_channel: 
DEBUG:netmiko:read_channel: 
DEBUG:netmiko:read_channel: 
DEBUG:netmiko:read_channel: 
DEBUG:netmiko:read_channel: 
DEBUG:netmiko:read_channel: 
DEBUG:netmiko:read_channel: 
DEBUG:netmiko:read_channel: 
DEBUG:netmiko:read_channel: 
DEBUG:netmiko:read_channel: 
DEBUG:netmiko:read_channel: 
DEBUG:netmiko:read_channel: 
DEBUG:netmiko:read_channel: 
DEBUG:netmiko:read_channel: 
DEBUG:netmiko:read_channel: 
DEBUG:netmiko:read_channel: 
DEBUG:netmiko:read_channel: 
DEBUG:netmiko:read_channel: 
DEBUG:netmiko:read_channel: 
DEBUG:netmiko:read_channel: 
DEBUG:netmiko:read_channel: 
DEBUG:netmiko:read_channel: 
DEBUG:netmiko:read_channel: 
DEBUG:netmiko:read_channel: 
DEBUG:netmiko:read_channel: 
DEBUG:netmiko:read_channel: 
DEBUG:netmiko:read_channel: 
DEBUG:netmiko:read_channel: 
DEBUG:netmiko:read_channel: 
DEBUG:netmiko:read_channel: 
DEBUG:netmiko:write_channel: b'\n'
DEBUG:netmiko:read_channel: 
DEBUG:netmiko:read_channel: 
DEBUG:netmiko:write_channel: b'\n'
DEBUG:netmiko:Sleep time: 0.1
DEBUG:netmiko:read_channel: 
DEBUG:netmiko:write_channel: b'\n'
DEBUG:netmiko:Sleep time: 0.2
DEBUG:netmiko:read_channel: 
DEBUG:netmiko:write_channel: b'\n'
DEBUG:netmiko:Sleep time: 0.4
DEBUG:netmiko:read_channel: 
DEBUG:netmiko:write_channel: b'\n'
DEBUG:netmiko:Sleep time: 0.8
DEBUG:netmiko:read_channel: 
cisco3#
DEBUG:netmiko:read_channel: 
DEBUG:netmiko:(find_prompt): prompt is cisco3#
DEBUG:netmiko:read_channel: 
cisco3#
cisco3#
cisco3#
cisco3#
DEBUG:netmiko:Clear buffer detect items in channel
DEBUG:netmiko:read_channel: 
DEBUG:netmiko:write_channel: b'show ip interface brief\n'
DEBUG:netmiko:Pattern is: show\ ip\ interface\ brief
DEBUG:netmiko:_read_channel_expect read_data: sh
DEBUG:netmiko:_read_channel_expect read_data: ow ip interf
DEBUG:netmiko:_read_channel_expect read_data: ac
DEBUG:netmiko:_read_channel_expect read_data: e brief
Interface              IP-Address      OK? Method Status                Protocol
GigabitEthernet0/0/0   10.220.88.22    YES NVRAM  up                    up      
GigabitEthernet0/0/1   unassigned      YES NVRAM  administratively down down    
GigabitEthernet0/1/0   unassigned      YES unset  down                  down    
GigabitEthernet0/1/1   unassigned      YES unset  down                  down    
GigabitEthernet0/1/2   unassigned      YES unset  down                  down    
GigabitEthernet0/1/3   unassigned      YES unset  down                  down    
Vlan1                  unassigned      YES unset  up                    down    
cisco3#
DEBUG:netmiko:Pattern found: show\ ip\ interface\ brief show ip interface brief
Interface              IP-Address      OK? Method Status                Protocol
GigabitEthernet0/0/0   10.220.88.22    YES NVRAM  up                    up      
GigabitEthernet0/0/1   unassigned      YES NVRAM  administratively down down    
GigabitEthernet0/1/0   unassigned      YES unset  down                  down    
GigabitEthernet0/1/1   unassigned      YES unset  down                  down    
GigabitEthernet0/1/2   unassigned      YES unset  down                  down    
GigabitEthernet0/1/3   unassigned      YES unset  down                  down    
Vlan1                  unassigned      YES unset  up                    down    
cisco3#
DEBUG:netmiko:read_channel: 
DEBUG:netmiko:read_channel: 
DEBUG:netmiko:read_channel: 
DEBUG:netmiko:read_channel: 
DEBUG:netmiko:read_channel: 
DEBUG:netmiko:read_channel: 
DEBUG:netmiko:read_channel: 
DEBUG:netmiko:read_channel: 
DEBUG:netmiko:read_channel: 
DEBUG:netmiko:read_channel: 
DEBUG:netmiko:read_channel: 
DEBUG:netmiko:read_channel: 
DEBUG:netmiko:read_channel: 
DEBUG:netmiko:read_channel: 
DEBUG:netmiko:read_channel: 
DEBUG:netmiko:read_channel: 
DEBUG:netmiko:read_channel: 
DEBUG:netmiko:read_channel: 
DEBUG:netmiko:read_channel: 
DEBUG:netmiko:read_channel: 
DEBUG:netmiko:read_channel: 
DEBUG:netmiko:read_channel: 
DEBUG:netmiko:read_channel: 
DEBUG:netmiko:read_channel: 
DEBUG:netmiko:read_channel: 
DEBUG:netmiko:read_channel: 
DEBUG:netmiko:read_channel: 
DEBUG:netmiko:read_channel: 
DEBUG:netmiko:read_channel: 
DEBUG:netmiko:read_channel: 
DEBUG:netmiko:read_channel: 
DEBUG:netmiko:read_channel: 
DEBUG:netmiko:read_channel: 
DEBUG:netmiko:read_channel: 
DEBUG:netmiko:read_channel: 
DEBUG:netmiko:read_channel: 
DEBUG:netmiko:read_channel: 
DEBUG:netmiko:read_channel: 
DEBUG:netmiko:read_channel: 
DEBUG:netmiko:read_channel: 
DEBUG:netmiko:read_channel: 
DEBUG:netmiko:read_channel: 
DEBUG:netmiko:read_channel: 
DEBUG:netmiko:read_channel: 
DEBUG:netmiko:read_channel: 
DEBUG:netmiko:read_channel: 
DEBUG:netmiko:read_channel: 
DEBUG:netmiko:read_channel: 
DEBUG:netmiko:read_channel: 
DEBUG:netmiko:read_channel: 
DEBUG:netmiko:read_channel: 
DEBUG:netmiko:read_channel: 
DEBUG:netmiko:read_channel: 
DEBUG:netmiko:read_channel: 
DEBUG:netmiko:read_channel: 
DEBUG:netmiko:read_channel: 
DEBUG:netmiko:read_channel: 
DEBUG:netmiko:read_channel: 
DEBUG:netmiko:read_channel: 
DEBUG:netmiko:read_channel: 
DEBUG:netmiko:read_channel: 
DEBUG:netmiko:read_channel: 
DEBUG:netmiko:read_channel: 
DEBUG:netmiko:read_channel: 
DEBUG:netmiko:read_channel: 
DEBUG:netmiko:read_channel: 
DEBUG:netmiko:read_channel: 
DEBUG:netmiko:read_channel: 
DEBUG:netmiko:read_channel: 
DEBUG:netmiko:read_channel: 
DEBUG:netmiko:read_channel: 
DEBUG:netmiko:read_channel: 
DEBUG:netmiko:read_channel: 
DEBUG:netmiko:read_channel: 
DEBUG:netmiko:read_channel: 
DEBUG:netmiko:read_channel: 
DEBUG:netmiko:read_channel: 
DEBUG:netmiko:read_channel: 
DEBUG:netmiko:read_channel: 
DEBUG:netmiko:read_channel: 
DEBUG:netmiko:read_channel: 
DEBUG:netmiko:read_channel: 
DEBUG:netmiko:read_channel: 
DEBUG:netmiko:read_channel: 
DEBUG:netmiko:read_channel: 
DEBUG:netmiko:read_channel: 
DEBUG:netmiko:read_channel: 
DEBUG:netmiko:read_channel: 
DEBUG:netmiko:read_channel: 
DEBUG:netmiko:read_channel: 
DEBUG:netmiko:read_channel: 
DEBUG:netmiko:read_channel: 
DEBUG:netmiko:read_channel: 
DEBUG:netmiko:read_channel: 
DEBUG:netmiko:read_channel: 
DEBUG:netmiko:read_channel: 
DEBUG:netmiko:read_channel: 
DEBUG:netmiko:read_channel: 
DEBUG:netmiko:read_channel: 
DEBUG:netmiko:read_channel: 
DEBUG:netmiko:read_channel: 
DEBUG:netmiko:read_channel: 
DEBUG:netmiko:read_channel: 
DEBUG:netmiko:read_channel: 
DEBUG:netmiko:read_channel: 
DEBUG:netmiko:read_channel: 
DEBUG:netmiko:read_channel: 
DEBUG:netmiko:read_channel: 
DEBUG:netmiko:read_channel: 
DEBUG:netmiko:read_channel: 
DEBUG:netmiko:read_channel: 
DEBUG:netmiko:read_channel: 
DEBUG:netmiko:read_channel: 
DEBUG:netmiko:read_channel: 
DEBUG:netmiko:read_channel: 
DEBUG:netmiko:read_channel: 
DEBUG:netmiko:read_channel: 
DEBUG:netmiko:read_channel: 
DEBUG:netmiko:read_channel: 
DEBUG:netmiko:read_channel: 
DEBUG:netmiko:read_channel: 
DEBUG:netmiko:read_channel: 
DEBUG:netmiko:read_channel: 
DEBUG:netmiko:read_channel: 
DEBUG:netmiko:read_channel: 
DEBUG:netmiko:read_channel: 
DEBUG:netmiko:read_channel: 
DEBUG:netmiko:read_channel: 
DEBUG:netmiko:read_channel: 
DEBUG:netmiko:read_channel: 
DEBUG:netmiko:read_channel: 
DEBUG:netmiko:read_channel: 
DEBUG:netmiko:read_channel: 
DEBUG:netmiko:read_channel: 
DEBUG:netmiko:read_channel: 
DEBUG:netmiko:read_channel: 
DEBUG:netmiko:read_channel: 
DEBUG:netmiko:read_channel: 
DEBUG:netmiko:read_channel: 
DEBUG:netmiko:read_channel: 
DEBUG:netmiko:read_channel: 
DEBUG:netmiko:read_channel: 
DEBUG:netmiko:read_channel: 
DEBUG:netmiko:read_channel: 
DEBUG:netmiko:read_channel: 
DEBUG:netmiko:read_channel: 
DEBUG:netmiko:read_channel: 
DEBUG:netmiko:read_channel: 
DEBUG:netmiko:read_channel: 
DEBUG:netmiko:read_channel: 
DEBUG:netmiko:read_channel: 
DEBUG:netmiko:read_channel: 
DEBUG:netmiko:read_channel: 
DEBUG:netmiko:read_channel: 
DEBUG:netmiko:read_channel: 
DEBUG:netmiko:read_channel: 
DEBUG:netmiko:read_channel: 
DEBUG:netmiko:read_channel: 
DEBUG:netmiko:read_channel: 
DEBUG:netmiko:read_channel: 
DEBUG:netmiko:read_channel: 
DEBUG:netmiko:read_channel: 
DEBUG:netmiko:read_channel: 
DEBUG:netmiko:read_channel: 
DEBUG:netmiko:read_channel: 
DEBUG:netmiko:read_channel: 
DEBUG:netmiko:read_channel: 
DEBUG:netmiko:read_channel: 
DEBUG:netmiko:read_channel: 
DEBUG:netmiko:read_channel: 
DEBUG:netmiko:read_channel: 
DEBUG:netmiko:read_channel: 
DEBUG:netmiko:read_channel: 
DEBUG:netmiko:read_channel: 
DEBUG:netmiko:read_channel: 
DEBUG:netmiko:read_channel: 
DEBUG:netmiko:read_channel: 
DEBUG:netmiko:read_channel: 
DEBUG:netmiko:read_channel: 
DEBUG:netmiko:read_channel: 
DEBUG:netmiko:read_channel: 
DEBUG:netmiko:read_channel: 
DEBUG:netmiko:read_channel: 
DEBUG:netmiko:read_channel: 
DEBUG:netmiko:read_channel: 
DEBUG:netmiko:read_channel: 
DEBUG:netmiko:read_channel: 
DEBUG:netmiko:read_channel: 
DEBUG:netmiko:read_channel: 
DEBUG:netmiko:read_channel: 
DEBUG:netmiko:read_channel: 
DEBUG:netmiko:read_channel: 
DEBUG:netmiko:read_channel: 
DEBUG:netmiko:read_channel: 
DEBUG:netmiko:read_channel: 
DEBUG:netmiko:read_channel: 
DEBUG:netmiko:read_channel: 
DEBUG:netmiko:read_channel: 
DEBUG:netmiko:read_channel: 
DEBUG:netmiko:read_channel: 
DEBUG:netmiko:read_channel: 
DEBUG:netmiko:read_channel: 
DEBUG:netmiko:read_channel: 
DEBUG:netmiko:read_channel: 
DEBUG:netmiko:read_channel: 
DEBUG:netmiko:read_channel: 
DEBUG:netmiko:read_channel: 
DEBUG:netmiko:read_channel: 
DEBUG:netmiko:read_channel: 
DEBUG:netmiko:read_channel: 
DEBUG:netmiko:read_channel: 
DEBUG:netmiko:read_channel: 
DEBUG:netmiko:read_channel: 
DEBUG:netmiko:read_channel: 
DEBUG:netmiko:read_channel: 
DEBUG:netmiko:read_channel: 
DEBUG:netmiko:read_channel: 
DEBUG:netmiko:read_channel: 
DEBUG:netmiko:read_channel: 
DEBUG:netmiko:read_channel: 
DEBUG:netmiko:read_channel: 
DEBUG:netmiko:read_channel: 
DEBUG:netmiko:read_channel: 
DEBUG:netmiko:read_channel: 
DEBUG:netmiko:read_channel: 
DEBUG:netmiko:read_channel: 
DEBUG:netmiko:read_channel: 
DEBUG:netmiko:read_channel: 
DEBUG:netmiko:read_channel: 
DEBUG:netmiko:read_channel: 
DEBUG:netmiko:read_channel: 
DEBUG:netmiko:read_channel: 
DEBUG:netmiko:read_channel: 
DEBUG:netmiko:read_channel: 
DEBUG:netmiko:read_channel: 
DEBUG:netmiko:read_channel: 
DEBUG:netmiko:read_channel: 
DEBUG:netmiko:read_channel: 
DEBUG:netmiko:read_channel: 
DEBUG:netmiko:read_channel: 
DEBUG:netmiko:read_channel: 
DEBUG:netmiko:read_channel: 
DEBUG:netmiko:read_channel: 
DEBUG:netmiko:read_channel: 
DEBUG:netmiko:read_channel: 
DEBUG:netmiko:read_channel: 
DEBUG:netmiko:read_channel: 
DEBUG:netmiko:read_channel: 
DEBUG:netmiko:read_channel: 
DEBUG:netmiko:read_channel: 
DEBUG:netmiko:read_channel: 
DEBUG:netmiko:read_channel: 
DEBUG:netmiko:read_channel: 
DEBUG:netmiko:read_channel: 
DEBUG:netmiko:read_channel: 
DEBUG:netmiko:read_channel: 
DEBUG:netmiko:read_channel: 
DEBUG:netmiko:read_channel: 
DEBUG:netmiko:read_channel: 
DEBUG:netmiko:read_channel: 
DEBUG:netmiko:read_channel: 
DEBUG:netmiko:read_channel: 
DEBUG:netmiko:read_channel: 
DEBUG:netmiko:read_channel: 
DEBUG:netmiko:read_channel: 
DEBUG:netmiko:read_channel: 
DEBUG:netmiko:read_channel: 
DEBUG:netmiko:read_channel: 
DEBUG:netmiko:read_channel: 
DEBUG:netmiko:read_channel: 
DEBUG:netmiko:read_channel: 
DEBUG:netmiko:read_channel: 
DEBUG:netmiko:read_channel: 
DEBUG:netmiko:read_channel: 
DEBUG:netmiko:read_channel: 
DEBUG:netmiko:read_channel: 
DEBUG:netmiko:read_channel: 
DEBUG:netmiko:read_channel: 
DEBUG:netmiko:read_channel: 
DEBUG:netmiko:read_channel: 
DEBUG:netmiko:read_channel: 
DEBUG:netmiko:read_channel: 
DEBUG:netmiko:read_channel: 
DEBUG:netmiko:read_channel: 
DEBUG:netmiko:read_channel: 
DEBUG:netmiko:read_channel: 
DEBUG:netmiko:read_channel: 
DEBUG:netmiko:read_channel: 
DEBUG:netmiko:read_channel: 
DEBUG:netmiko:read_channel: 
DEBUG:netmiko:read_channel: 
DEBUG:netmiko:read_channel: 
DEBUG:netmiko:read_channel: 
DEBUG:netmiko:read_channel: 
DEBUG:netmiko:read_channel: 
DEBUG:netmiko:read_channel: 
DEBUG:netmiko:read_channel: 
DEBUG:netmiko:read_channel: 
DEBUG:netmiko:read_channel: 
DEBUG:netmiko:read_channel: 
DEBUG:netmiko:read_channel: 
DEBUG:netmiko:read_channel: 
DEBUG:netmiko:read_channel: 
DEBUG:netmiko:read_channel: 
DEBUG:netmiko:read_channel: 
DEBUG:netmiko:read_channel: 
DEBUG:netmiko:read_channel: 
DEBUG:netmiko:read_channel: 
DEBUG:netmiko:read_channel: 
DEBUG:netmiko:read_channel: 
DEBUG:netmiko:read_channel: 
DEBUG:netmiko:read_channel: 
DEBUG:netmiko:read_channel: 
DEBUG:netmiko:read_channel: 
DEBUG:netmiko:read_channel: 
DEBUG:netmiko:read_channel: 
DEBUG:netmiko:read_channel: 
DEBUG:netmiko:read_channel: 
DEBUG:netmiko:read_channel: 
DEBUG:netmiko:read_channel: 
DEBUG:netmiko:read_channel: 
DEBUG:netmiko:read_channel: 
DEBUG:netmiko:read_channel: 
DEBUG:netmiko:read_channel: 
DEBUG:netmiko:read_channel: 
DEBUG:netmiko:read_channel: 
DEBUG:netmiko:read_channel: 
DEBUG:netmiko:read_channel: 
DEBUG:netmiko:read_channel: 
DEBUG:netmiko:read_channel: 
DEBUG:netmiko:read_channel: 
DEBUG:netmiko:read_channel: 
DEBUG:netmiko:read_channel: 
DEBUG:netmiko:read_channel: 
DEBUG:netmiko:read_channel: 
DEBUG:netmiko:read_channel: 
DEBUG:netmiko:read_channel: 
DEBUG:netmiko:read_channel: 
DEBUG:netmiko:read_channel: 
DEBUG:netmiko:read_channel: 
DEBUG:netmiko:read_channel: 
DEBUG:netmiko:read_channel: 
DEBUG:netmiko:read_channel: 
DEBUG:netmiko:read_channel: 
DEBUG:netmiko:read_channel: 
DEBUG:netmiko:read_channel: 
DEBUG:netmiko:read_channel: 
DEBUG:netmiko:read_channel: 
DEBUG:netmiko:read_channel: 
DEBUG:netmiko:read_channel: 
DEBUG:netmiko:read_channel: 
DEBUG:netmiko:read_channel: 
DEBUG:netmiko:read_channel: 
DEBUG:netmiko:read_channel: 
DEBUG:netmiko:read_channel: 
DEBUG:netmiko:read_channel: 
DEBUG:netmiko:read_channel: 
DEBUG:netmiko:read_channel: 
DEBUG:netmiko:read_channel: 
DEBUG:netmiko:read_channel: 
DEBUG:netmiko:read_channel: 
DEBUG:netmiko:read_channel: 
DEBUG:netmiko:read_channel: 
DEBUG:netmiko:read_channel: 
DEBUG:netmiko:read_channel: 
DEBUG:netmiko:read_channel: 
DEBUG:netmiko:read_channel: 
DEBUG:netmiko:read_channel: 
DEBUG:netmiko:read_channel: 
DEBUG:netmiko:read_channel: 
DEBUG:netmiko:read_channel: 
DEBUG:netmiko:read_channel: 
DEBUG:netmiko:read_channel: 
DEBUG:netmiko:read_channel: 
DEBUG:netmiko:read_channel: 
DEBUG:netmiko:read_channel: 
DEBUG:netmiko:read_channel: 
DEBUG:netmiko:read_channel: 
DEBUG:netmiko:read_channel: 
DEBUG:netmiko:read_channel: 
DEBUG:netmiko:read_channel: 
DEBUG:netmiko:read_channel: 
DEBUG:netmiko:read_channel: 
DEBUG:netmiko:read_channel: 
DEBUG:netmiko:read_channel: 
DEBUG:netmiko:read_channel: 
DEBUG:netmiko:read_channel: 
DEBUG:netmiko:read_channel: 
DEBUG:netmiko:read_channel: 
DEBUG:netmiko:read_channel: 
DEBUG:netmiko:read_channel: 
DEBUG:netmiko:read_channel: 
DEBUG:netmiko:read_channel: 
DEBUG:netmiko:read_channel: 
DEBUG:netmiko:read_channel: 
DEBUG:netmiko:read_channel: 
DEBUG:netmiko:read_channel: 
DEBUG:netmiko:read_channel: 
DEBUG:netmiko:read_channel: 
DEBUG:netmiko:read_channel: 
DEBUG:netmiko:read_channel: 
DEBUG:netmiko:read_channel: 
DEBUG:netmiko:read_channel: 
DEBUG:netmiko:read_channel: 
DEBUG:netmiko:read_channel: 
DEBUG:netmiko:read_channel: 
DEBUG:netmiko:read_channel: 
DEBUG:netmiko:read_channel: 
DEBUG:netmiko:read_channel: 
DEBUG:netmiko:read_channel: 
DEBUG:netmiko:read_channel: 
DEBUG:netmiko:read_channel: 
DEBUG:netmiko:read_channel: 
DEBUG:netmiko:read_channel: 
DEBUG:netmiko:read_channel: 
DEBUG:netmiko:read_channel: 
DEBUG:netmiko:read_channel: 
DEBUG:netmiko:read_channel: 
DEBUG:netmiko:read_channel: 
DEBUG:netmiko:read_channel: 
DEBUG:netmiko:read_channel: 
DEBUG:netmiko:read_channel: 
DEBUG:netmiko:read_channel: 
DEBUG:netmiko:read_channel: 
DEBUG:netmiko:read_channel: 
DEBUG:netmiko:read_channel: 
DEBUG:netmiko:read_channel: 
DEBUG:netmiko:read_channel: 
DEBUG:netmiko:read_channel: 
DEBUG:netmiko:read_channel: 
DEBUG:netmiko:read_channel: 
DEBUG:netmiko:read_channel: 
DEBUG:netmiko:read_channel: 
DEBUG:netmiko:read_channel: 
DEBUG:netmiko:read_channel: 
DEBUG:netmiko:read_channel: 
DEBUG:paramiko.transport:starting thread (client mode): 0x4f0614e0
DEBUG:paramiko.transport:Local version/idstring: SSH-2.0-paramiko_2.6.0
DEBUG:paramiko.transport:Remote version/idstring: SSH-2.0-Cisco-1.25
INFO:paramiko.transport:Connected (version 2.0, client Cisco-1.25)
DEBUG:paramiko.transport:kex algos:['diffie-hellman-group-exchange-sha1', 'diffie-hellman-group14-sha1'] server key:['ssh-rsa'] client encrypt:['aes128-ctr', 'aes192-ctr', 'aes256-ctr'] server encrypt:['aes128-ctr', 'aes192-ctr', 'aes256-ctr'] client mac:['hmac-sha2-256', 'hmac-sha2-512', 'hmac-sha1', 'hmac-sha1-96'] server mac:['hmac-sha2-256', 'hmac-sha2-512', 'hmac-sha1', 'hmac-sha1-96'] client compress:['none'] server compress:['none'] client lang:[''] server lang:[''] kex follows?False
DEBUG:paramiko.transport:Kex agreed: diffie-hellman-group-exchange-sha1
DEBUG:paramiko.transport:HostKey agreed: ssh-rsa
DEBUG:paramiko.transport:Cipher agreed: aes128-ctr
DEBUG:paramiko.transport:MAC agreed: hmac-sha2-256
DEBUG:paramiko.transport:Compression agreed: none
DEBUG:paramiko.transport:Got server p (2048 bits)
DEBUG:paramiko.transport:kex engine KexGex specified hash_algo <built-in function openssl_sha1>
DEBUG:paramiko.transport:Switch to new keys ...
DEBUG:paramiko.transport:Adding ssh-rsa host key for cisco3.lasthop.io: b'31c7c985b918fcdf9defd03407b24e3e'
DEBUG:paramiko.transport:userauth is OK
INFO:paramiko.transport:Authentication (password) successful!
DEBUG:paramiko.transport:[chan 0] Max packet in: 32768 bytes
DEBUG:paramiko.transport:[chan 0] Max packet out: 4096 bytes
DEBUG:paramiko.transport:Secsh channel 0 opened.
DEBUG:paramiko.transport:[chan 0] Sesch channel 0 request ok
DEBUG:paramiko.transport:[chan 0] Sesch channel 0 request ok
DEBUG:netmiko:read_channel: 


cisco3#
DEBUG:netmiko:read_channel: 
DEBUG:netmiko:read_channel: 
DEBUG:netmiko:read_channel: 
DEBUG:netmiko:write_channel: b'\n'
DEBUG:netmiko:read_channel: 
DEBUG:netmiko:read_channel: 
DEBUG:netmiko:write_channel: b'\n'
DEBUG:netmiko:Sleep time: 0.1
DEBUG:netmiko:read_channel: 
DEBUG:netmiko:write_channel: b'\n'
DEBUG:netmiko:Sleep time: 0.2
DEBUG:netmiko:read_channel: 
DEBUG:netmiko:write_channel: b'\n'
DEBUG:netmiko:Sleep time: 0.4
DEBUG:netmiko:read_channel: 
DEBUG:netmiko:write_channel: b'\n'
DEBUG:netmiko:Sleep time: 0.8
DEBUG:netmiko:read_channel: 
cisco3#
DEBUG:netmiko:read_channel: 
DEBUG:netmiko:(find_prompt): prompt is cisco3#
DEBUG:netmiko:read_channel: 
DEBUG:netmiko:In disable_paging
DEBUG:netmiko:Command: terminal length 0

DEBUG:netmiko:write_channel: b'terminal length 0\n'
DEBUG:netmiko:Pattern is: terminal\ length\ 0
DEBUG:netmiko:_read_channel_expect read_data: 
cisco3#
DEBUG:netmiko:_read_channel_expect read_data: 
cisco3#
cisco3#
cisco3#
DEBUG:netmiko:_read_channel_expect read_data: t
DEBUG:netmiko:_read_channel_expect read_data: erminal length 
DEBUG:netmiko:_read_channel_expect read_data: 0
cisco3#
DEBUG:netmiko:Pattern found: terminal\ length\ 0 
cisco3#
cisco3#
cisco3#
cisco3#terminal length 0
cisco3#
DEBUG:netmiko:
cisco3#
cisco3#
cisco3#
cisco3#terminal length 0
cisco3#
DEBUG:netmiko:Exiting disable_paging
DEBUG:netmiko:write_channel: b'terminal width 511\n'
DEBUG:netmiko:Pattern is: terminal\ width\ 511
DEBUG:netmiko:_read_channel_expect read_data: te
DEBUG:netmiko:_read_channel_expect read_data: rminal
DEBUG:netmiko:_read_channel_expect read_data:  
DEBUG:netmiko:_read_channel_expect read_data: width 511
cisco3#
DEBUG:netmiko:Pattern found: terminal\ width\ 511 terminal width 511
cisco3#
DEBUG:netmiko:read_channel: 
DEBUG:netmiko:read_channel: 
DEBUG:netmiko:read_channel: 
DEBUG:netmiko:write_channel: b'\n'
DEBUG:netmiko:read_channel: 
DEBUG:netmiko:read_channel: 
DEBUG:netmiko:write_channel: b'\n'
DEBUG:netmiko:Sleep time: 0.1
DEBUG:netmiko:read_channel: 
DEBUG:netmiko:write_channel: b'\n'
DEBUG:netmiko:Sleep time: 0.2
DEBUG:netmiko:read_channel: 
DEBUG:netmiko:write_channel: b'\n'
DEBUG:netmiko:Sleep time: 0.4
DEBUG:netmiko:read_channel: 
DEBUG:netmiko:write_channel: b'\n'
DEBUG:netmiko:Sleep time: 0.8
DEBUG:netmiko:read_channel: 
cisco3#
DEBUG:netmiko:read_channel: 
DEBUG:netmiko:(find_prompt): prompt is cisco3#
DEBUG:netmiko:read_channel: 
cisco3#
cisco3#
cisco3#
cisco3#
DEBUG:netmiko:Clear buffer detect items in channel
DEBUG:netmiko:read_channel: 
DEBUG:netmiko:write_channel: b'show ip interface brief\n'
DEBUG:netmiko:Pattern is: show\ ip\ interface\ brief
DEBUG:netmiko:_read_channel_expect read_data: s
DEBUG:netmiko:_read_channel_expect read_data: how ip interf
DEBUG:netmiko:_read_channel_expect read_data: a
DEBUG:netmiko:_read_channel_expect read_data: ce brief
Interface              IP-Address      OK? Method Status                Protocol
GigabitEthernet0/0/0   10.220.88.22    YES NVRAM  up                    up      
GigabitEthernet0/0/1   unassigned      YES NVRAM  administratively down down    
GigabitEthernet0/1/0   unassigned      YES unset  down                  down    
GigabitEthernet0/1/1   unassigned      YES unset  down                  down    
GigabitEthernet0/1/2   unassigned      YES unset  down                  down    
GigabitEthernet0/1/3   unassigned      YES unset  down                  down    
Vlan1                  unassigned      YES unset  up                    down    
cisco3#
DEBUG:netmiko:Pattern found: show\ ip\ interface\ brief show ip interface brief
Interface              IP-Address      OK? Method Status                Protocol
GigabitEthernet0/0/0   10.220.88.22    YES NVRAM  up                    up      
GigabitEthernet0/0/1   unassigned      YES NVRAM  administratively down down    
GigabitEthernet0/1/0   unassigned      YES unset  down                  down    
GigabitEthernet0/1/1   unassigned      YES unset  down                  down    
GigabitEthernet0/1/2   unassigned      YES unset  down                  down    
GigabitEthernet0/1/3   unassigned      YES unset  down                  down    
Vlan1                  unassigned      YES unset  up                    down    
cisco3#
DEBUG:netmiko:read_channel: 
DEBUG:netmiko:read_channel: 
DEBUG:netmiko:read_channel: 
DEBUG:netmiko:read_channel: 
DEBUG:netmiko:read_channel: 
DEBUG:netmiko:read_channel: 
DEBUG:netmiko:read_channel: 
DEBUG:netmiko:read_channel: 
DEBUG:netmiko:read_channel: 
DEBUG:netmiko:read_channel: 
DEBUG:netmiko:read_channel: 
DEBUG:netmiko:read_channel: 
DEBUG:netmiko:read_channel: 
DEBUG:netmiko:read_channel: 
DEBUG:netmiko:read_channel: 
DEBUG:netmiko:read_channel: 
DEBUG:netmiko:read_channel: 
DEBUG:netmiko:read_channel: 
DEBUG:netmiko:read_channel: 
DEBUG:netmiko:read_channel: 
DEBUG:netmiko:read_channel: 
DEBUG:netmiko:read_channel: 
DEBUG:netmiko:read_channel: 
DEBUG:netmiko:read_channel: 
DEBUG:netmiko:read_channel: 
DEBUG:netmiko:read_channel: 
DEBUG:netmiko:read_channel: 
DEBUG:netmiko:read_channel: 
DEBUG:netmiko:read_channel: 
DEBUG:netmiko:read_channel: 
DEBUG:netmiko:read_channel: 
DEBUG:netmiko:read_channel: 
DEBUG:netmiko:read_channel: 
DEBUG:netmiko:read_channel: 
DEBUG:netmiko:read_channel: 
DEBUG:netmiko:read_channel: 
DEBUG:netmiko:read_channel: 
DEBUG:netmiko:read_channel: 
DEBUG:netmiko:read_channel: 
DEBUG:netmiko:read_channel: 
DEBUG:netmiko:read_channel: 
DEBUG:netmiko:read_channel: 
DEBUG:netmiko:read_channel: 
DEBUG:netmiko:read_channel: 
DEBUG:netmiko:read_channel: 
DEBUG:netmiko:read_channel: 
DEBUG:netmiko:read_channel: 
DEBUG:netmiko:read_channel: 
DEBUG:netmiko:read_channel: 
DEBUG:netmiko:read_channel: 
DEBUG:netmiko:read_channel: 
DEBUG:netmiko:read_channel: 
DEBUG:netmiko:read_channel: 
DEBUG:netmiko:read_channel: 
DEBUG:netmiko:read_channel: 
DEBUG:netmiko:read_channel: 
DEBUG:netmiko:read_channel: 
DEBUG:netmiko:read_channel: 
DEBUG:netmiko:read_channel: 
DEBUG:netmiko:read_channel: 
DEBUG:netmiko:read_channel: 
DEBUG:netmiko:read_channel: 
DEBUG:netmiko:read_channel: 
DEBUG:netmiko:read_channel: 
DEBUG:netmiko:read_channel: 
DEBUG:netmiko:read_channel: 
DEBUG:netmiko:read_channel: 
DEBUG:netmiko:read_channel: 
DEBUG:netmiko:read_channel: 
DEBUG:netmiko:read_channel: 
DEBUG:netmiko:read_channel: 
DEBUG:netmiko:read_channel: 
DEBUG:netmiko:read_channel: 
DEBUG:netmiko:read_channel: 
DEBUG:netmiko:read_channel: 
DEBUG:netmiko:read_channel: 
DEBUG:netmiko:read_channel: 
DEBUG:netmiko:read_channel: 
DEBUG:netmiko:read_channel: 
DEBUG:netmiko:read_channel: 
DEBUG:netmiko:read_channel: 
DEBUG:netmiko:read_channel: 
DEBUG:netmiko:read_channel: 
DEBUG:netmiko:read_channel: 
DEBUG:netmiko:read_channel: 
DEBUG:netmiko:read_channel: 
DEBUG:netmiko:read_channel: 
DEBUG:netmiko:read_channel: 
DEBUG:netmiko:read_channel: 
DEBUG:netmiko:read_channel: 
DEBUG:netmiko:read_channel: 
DEBUG:netmiko:read_channel: 
DEBUG:netmiko:read_channel: 
DEBUG:netmiko:read_channel: 
DEBUG:netmiko:read_channel: 
DEBUG:netmiko:read_channel: 
DEBUG:netmiko:read_channel: 
DEBUG:netmiko:read_channel: 
DEBUG:netmiko:read_channel: 
DEBUG:netmiko:read_channel: 
DEBUG:netmiko:read_channel: 
DEBUG:netmiko:read_channel: 
DEBUG:netmiko:read_channel: 
DEBUG:netmiko:read_channel: 
DEBUG:netmiko:read_channel: 
DEBUG:netmiko:read_channel: 
DEBUG:netmiko:read_channel: 
DEBUG:netmiko:read_channel: 
DEBUG:netmiko:read_channel: 
DEBUG:netmiko:read_channel: 
DEBUG:netmiko:read_channel: 
DEBUG:netmiko:read_channel: 
DEBUG:netmiko:read_channel: 
DEBUG:netmiko:read_channel: 
DEBUG:netmiko:read_channel: 
DEBUG:netmiko:read_channel: 
DEBUG:netmiko:read_channel: 
DEBUG:netmiko:read_channel: 
DEBUG:netmiko:read_channel: 
DEBUG:netmiko:read_channel: 
DEBUG:netmiko:read_channel: 
DEBUG:netmiko:read_channel: 
DEBUG:netmiko:read_channel: 
DEBUG:netmiko:read_channel: 
DEBUG:netmiko:read_channel: 
DEBUG:netmiko:read_channel: 
DEBUG:netmiko:read_channel: 
DEBUG:netmiko:read_channel: 
DEBUG:netmiko:read_channel: 
DEBUG:netmiko:read_channel: 
DEBUG:netmiko:read_channel: 
DEBUG:netmiko:read_channel: 
DEBUG:netmiko:read_channel: 
DEBUG:netmiko:read_channel: 
DEBUG:netmiko:read_channel: 
DEBUG:netmiko:read_channel: 
DEBUG:netmiko:read_channel: 
DEBUG:netmiko:read_channel: 
DEBUG:netmiko:read_channel: 
DEBUG:netmiko:read_channel: 
DEBUG:netmiko:read_channel: 
DEBUG:netmiko:read_channel: 
DEBUG:netmiko:read_channel: 
DEBUG:netmiko:read_channel: 
DEBUG:netmiko:read_channel: 
DEBUG:netmiko:read_channel: 
DEBUG:netmiko:read_channel: 
DEBUG:netmiko:read_channel: 
DEBUG:netmiko:read_channel: 
DEBUG:netmiko:read_channel: 
DEBUG:netmiko:read_channel: 
DEBUG:netmiko:read_channel: 
DEBUG:netmiko:read_channel: 
DEBUG:netmiko:read_channel: 
DEBUG:netmiko:read_channel: 
DEBUG:netmiko:read_channel: 
DEBUG:netmiko:read_channel: 
DEBUG:netmiko:read_channel: 
DEBUG:netmiko:read_channel: 
DEBUG:netmiko:read_channel: 
DEBUG:netmiko:read_channel: 
DEBUG:netmiko:read_channel: 
DEBUG:netmiko:read_channel: 
DEBUG:netmiko:read_channel: 
DEBUG:netmiko:read_channel: 
DEBUG:netmiko:read_channel: 
DEBUG:netmiko:read_channel: 
DEBUG:netmiko:read_channel: 
DEBUG:netmiko:read_channel: 
DEBUG:netmiko:read_channel: 
DEBUG:netmiko:read_channel: 
DEBUG:netmiko:read_channel: 
DEBUG:netmiko:read_channel: 
DEBUG:netmiko:read_channel: 
DEBUG:netmiko:read_channel: 
DEBUG:netmiko:read_channel: 
DEBUG:netmiko:read_channel: 
DEBUG:netmiko:read_channel: 
DEBUG:netmiko:read_channel: 
DEBUG:netmiko:read_channel: 
DEBUG:netmiko:read_channel: 
DEBUG:netmiko:read_channel: 
DEBUG:netmiko:read_channel: 
DEBUG:netmiko:read_channel: 
DEBUG:netmiko:read_channel: 
DEBUG:netmiko:read_channel: 
DEBUG:netmiko:read_channel: 
DEBUG:netmiko:read_channel: 
DEBUG:netmiko:read_channel: 
DEBUG:netmiko:read_channel: 
DEBUG:netmiko:read_channel: 
DEBUG:netmiko:read_channel: 
DEBUG:netmiko:read_channel: 
DEBUG:netmiko:read_channel: 
DEBUG:netmiko:read_channel: 
DEBUG:netmiko:read_channel: 
DEBUG:netmiko:read_channel: 
DEBUG:netmiko:read_channel: 
DEBUG:netmiko:read_channel: 
DEBUG:netmiko:read_channel: 
DEBUG:netmiko:read_channel: 
DEBUG:netmiko:read_channel: 
DEBUG:netmiko:read_channel: 
DEBUG:netmiko:read_channel: 
DEBUG:netmiko:read_channel: 
DEBUG:netmiko:read_channel: 
DEBUG:netmiko:read_channel: 
DEBUG:netmiko:read_channel: 
DEBUG:netmiko:read_channel: 
DEBUG:netmiko:read_channel: 
DEBUG:netmiko:read_channel: 
DEBUG:netmiko:read_channel: 
DEBUG:netmiko:read_channel: 
DEBUG:netmiko:read_channel: 
DEBUG:netmiko:read_channel: 
DEBUG:netmiko:read_channel: 
DEBUG:netmiko:read_channel: 
DEBUG:netmiko:read_channel: 
DEBUG:netmiko:read_channel: 
DEBUG:netmiko:read_channel: 
DEBUG:netmiko:read_channel: 
DEBUG:netmiko:read_channel: 
DEBUG:netmiko:read_channel: 
DEBUG:netmiko:read_channel: 
DEBUG:netmiko:read_channel: 
DEBUG:netmiko:read_channel: 
DEBUG:netmiko:read_channel: 
DEBUG:netmiko:read_channel: 
DEBUG:netmiko:read_channel: 
DEBUG:netmiko:read_channel: 
DEBUG:netmiko:read_channel: 
DEBUG:netmiko:read_channel: 
DEBUG:netmiko:read_channel: 
DEBUG:netmiko:read_channel: 
DEBUG:netmiko:read_channel: 
DEBUG:netmiko:read_channel: 
DEBUG:netmiko:read_channel: 
DEBUG:netmiko:read_channel: 
DEBUG:netmiko:read_channel: 
DEBUG:netmiko:read_channel: 
DEBUG:netmiko:read_channel: 
DEBUG:netmiko:read_channel: 
DEBUG:netmiko:read_channel: 
DEBUG:netmiko:read_channel: 
DEBUG:netmiko:read_channel: 
DEBUG:paramiko.transport:starting thread (client mode): 0x7272f860
DEBUG:paramiko.transport:Local version/idstring: SSH-2.0-paramiko_2.6.0
DEBUG:paramiko.transport:Remote version/idstring: SSH-2.0-Cisco-1.25
INFO:paramiko.transport:Connected (version 2.0, client Cisco-1.25)
DEBUG:paramiko.transport:kex algos:['diffie-hellman-group-exchange-sha1', 'diffie-hellman-group14-sha1'] server key:['ssh-rsa'] client encrypt:['aes128-ctr', 'aes192-ctr', 'aes256-ctr'] server encrypt:['aes128-ctr', 'aes192-ctr', 'aes256-ctr'] client mac:['hmac-sha2-256', 'hmac-sha2-512', 'hmac-sha1', 'hmac-sha1-96'] server mac:['hmac-sha2-256', 'hmac-sha2-512', 'hmac-sha1', 'hmac-sha1-96'] client compress:['none'] server compress:['none'] client lang:[''] server lang:[''] kex follows?False
DEBUG:paramiko.transport:Kex agreed: diffie-hellman-group-exchange-sha1
DEBUG:paramiko.transport:HostKey agreed: ssh-rsa
DEBUG:paramiko.transport:Cipher agreed: aes128-ctr
DEBUG:paramiko.transport:MAC agreed: hmac-sha2-256
DEBUG:paramiko.transport:Compression agreed: none
DEBUG:paramiko.transport:Got server p (2048 bits)
DEBUG:paramiko.transport:kex engine KexGex specified hash_algo <built-in function openssl_sha1>
DEBUG:paramiko.transport:Switch to new keys ...
DEBUG:paramiko.transport:Adding ssh-rsa host key for cisco3.lasthop.io: b'31c7c985b918fcdf9defd03407b24e3e'
DEBUG:paramiko.transport:userauth is OK
INFO:paramiko.transport:Authentication (password) successful!
DEBUG:paramiko.transport:[chan 0] Max packet in: 32768 bytes
DEBUG:paramiko.transport:[chan 0] Max packet out: 4096 bytes
DEBUG:paramiko.transport:Secsh channel 0 opened.
DEBUG:paramiko.transport:[chan 0] Sesch channel 0 request ok
DEBUG:paramiko.transport:[chan 0] Sesch channel 0 request ok
DEBUG:netmiko:read_channel: 


cisco3#
DEBUG:netmiko:read_channel: 
DEBUG:netmiko:read_channel: 
DEBUG:netmiko:read_channel: 
DEBUG:netmiko:write_channel: b'\n'
DEBUG:netmiko:read_channel: 
DEBUG:netmiko:read_channel: 
DEBUG:netmiko:write_channel: b'\n'
DEBUG:netmiko:Sleep time: 0.1
DEBUG:netmiko:read_channel: 
DEBUG:netmiko:write_channel: b'\n'
DEBUG:netmiko:Sleep time: 0.2
DEBUG:netmiko:read_channel: 
DEBUG:netmiko:write_channel: b'\n'
DEBUG:netmiko:Sleep time: 0.4
DEBUG:netmiko:read_channel: 
DEBUG:netmiko:write_channel: b'\n'
DEBUG:netmiko:Sleep time: 0.8
DEBUG:netmiko:read_channel: 
cisco3#
DEBUG:netmiko:read_channel: 
DEBUG:netmiko:(find_prompt): prompt is cisco3#
DEBUG:netmiko:read_channel: 
cisco3#
cisco3#
DEBUG:netmiko:Clear buffer detect items in channel
DEBUG:netmiko:read_channel: 
cisco3#
cisco3#
DEBUG:netmiko:Clear buffer detect items in channel
DEBUG:netmiko:read_channel: 
DEBUG:netmiko:In disable_paging
DEBUG:netmiko:Command: terminal length 0

DEBUG:netmiko:write_channel: b'terminal length 0\n'
DEBUG:netmiko:Pattern is: terminal\ length\ 0
DEBUG:netmiko:_read_channel_expect read_data: te
DEBUG:netmiko:_read_channel_expect read_data: rminal length 0
cisco3#
DEBUG:netmiko:Pattern found: terminal\ length\ 0 terminal length 0
cisco3#
DEBUG:netmiko:terminal length 0
cisco3#
DEBUG:netmiko:Exiting disable_paging
DEBUG:netmiko:write_channel: b'terminal width 511\n'
DEBUG:netmiko:Pattern is: terminal\ width\ 511
DEBUG:netmiko:_read_channel_expect read_data: t
DEBUG:netmiko:_read_channel_expect read_data: erminal width 5
DEBUG:netmiko:_read_channel_expect read_data: 11
cisco3#
DEBUG:netmiko:Pattern found: terminal\ width\ 511 terminal width 511
cisco3#
DEBUG:netmiko:read_channel: 
DEBUG:netmiko:read_channel: 
DEBUG:netmiko:read_channel: 
DEBUG:netmiko:write_channel: b'\n'
DEBUG:netmiko:read_channel: 
DEBUG:netmiko:read_channel: 
DEBUG:netmiko:write_channel: b'\n'
DEBUG:netmiko:Sleep time: 0.1
DEBUG:netmiko:read_channel: 
DEBUG:netmiko:write_channel: b'\n'
DEBUG:netmiko:Sleep time: 0.2
DEBUG:netmiko:read_channel: 
DEBUG:netmiko:write_channel: b'\n'
DEBUG:netmiko:Sleep time: 0.4
DEBUG:netmiko:read_channel: 
DEBUG:netmiko:write_channel: b'\n'
DEBUG:netmiko:Sleep time: 0.8
DEBUG:netmiko:read_channel: 
cisco3#
DEBUG:netmiko:read_channel: 
DEBUG:netmiko:(find_prompt): prompt is cisco3#
DEBUG:netmiko:read_channel: 
DEBUG:netmiko:write_channel: b'show ip interface brief\n'
DEBUG:netmiko:Pattern is: show\ ip\ interface\ brief
DEBUG:netmiko:_read_channel_expect read_data: 

DEBUG:netmiko:_read_channel_expect read_data: cisco3#
cisco3#
cisco3#
cisco3#
DEBUG:netmiko:_read_channel_expect read_data: s
DEBUG:netmiko:_read_channel_expect read_data: how ip interface b
DEBUG:netmiko:_read_channel_expect read_data: r
DEBUG:netmiko:_read_channel_expect read_data: i
DEBUG:netmiko:_read_channel_expect read_data: ef
Interface              IP-Address      OK? Method Status                Protocol
GigabitEthernet0/0/0   10.220.88.22    YES NVRAM  up                    up      
GigabitEthernet0/0/1   unassigned      YES NVRAM  administratively down down    
GigabitEthernet0/1/0   unassigned      YES unset  down                  down    
GigabitEthernet0/1/1   unassigned      YES unset  down                  down    
GigabitEthernet0/1/2   unassigned      YES unset  down                  down    
GigabitEthernet0/1/3   unassigned      YES unset  down                  down    
Vlan1                  unassigned      YES unset  up                    down    
cisco3#
DEBUG:netmiko:Pattern found: show\ ip\ interface\ brief 
cisco3#
cisco3#
cisco3#
cisco3#show ip interface brief
Interface              IP-Address      OK? Method Status                Protocol
GigabitEthernet0/0/0   10.220.88.22    YES NVRAM  up                    up      
GigabitEthernet0/0/1   unassigned      YES NVRAM  administratively down down    
GigabitEthernet0/1/0   unassigned      YES unset  down                  down    
GigabitEthernet0/1/1   unassigned      YES unset  down                  down    
GigabitEthernet0/1/2   unassigned      YES unset  down                  down    
GigabitEthernet0/1/3   unassigned      YES unset  down                  down    
Vlan1                  unassigned      YES unset  up                    down    
cisco3#
DEBUG:paramiko.transport:starting thread (client mode): 0x467ff1d0
DEBUG:paramiko.transport:Local version/idstring: SSH-2.0-paramiko_2.6.0
DEBUG:paramiko.transport:Remote version/idstring: SSH-2.0-Cisco-1.25
INFO:paramiko.transport:Connected (version 2.0, client Cisco-1.25)
DEBUG:paramiko.transport:kex algos:['diffie-hellman-group-exchange-sha1', 'diffie-hellman-group14-sha1'] server key:['ssh-rsa'] client encrypt:['aes128-ctr', 'aes192-ctr', 'aes256-ctr'] server encrypt:['aes128-ctr', 'aes192-ctr', 'aes256-ctr'] client mac:['hmac-sha2-256', 'hmac-sha2-512', 'hmac-sha1', 'hmac-sha1-96'] server mac:['hmac-sha2-256', 'hmac-sha2-512', 'hmac-sha1', 'hmac-sha1-96'] client compress:['none'] server compress:['none'] client lang:[''] server lang:[''] kex follows?False
DEBUG:paramiko.transport:Kex agreed: diffie-hellman-group-exchange-sha1
DEBUG:paramiko.transport:HostKey agreed: ssh-rsa
DEBUG:paramiko.transport:Cipher agreed: aes128-ctr
DEBUG:paramiko.transport:MAC agreed: hmac-sha2-256
DEBUG:paramiko.transport:Compression agreed: none
DEBUG:paramiko.transport:Got server p (2048 bits)
DEBUG:paramiko.transport:kex engine KexGex specified hash_algo <built-in function openssl_sha1>
DEBUG:paramiko.transport:Switch to new keys ...
DEBUG:paramiko.transport:Adding ssh-rsa host key for cisco3.lasthop.io: b'31c7c985b918fcdf9defd03407b24e3e'
DEBUG:paramiko.transport:userauth is OK
INFO:paramiko.transport:Authentication (password) successful!
DEBUG:paramiko.transport:[chan 0] Max packet in: 32768 bytes
DEBUG:paramiko.transport:[chan 0] Max packet out: 4096 bytes
DEBUG:paramiko.transport:Secsh channel 0 opened.
DEBUG:paramiko.transport:[chan 0] Sesch channel 0 request ok
DEBUG:paramiko.transport:[chan 0] Sesch channel 0 request ok
DEBUG:netmiko:read_channel: 


cisco3#
DEBUG:netmiko:read_channel: 
DEBUG:netmiko:read_channel: 
DEBUG:netmiko:read_channel: 
DEBUG:netmiko:write_channel: b'\n'
DEBUG:netmiko:read_channel: 
DEBUG:netmiko:read_channel: 
DEBUG:netmiko:write_channel: b'\n'
DEBUG:netmiko:Sleep time: 0.1
DEBUG:netmiko:read_channel: 
DEBUG:netmiko:write_channel: b'\n'
DEBUG:netmiko:Sleep time: 0.2
DEBUG:netmiko:read_channel: 
DEBUG:netmiko:write_channel: b'\n'
DEBUG:netmiko:Sleep time: 0.4
DEBUG:netmiko:read_channel: 
DEBUG:netmiko:write_channel: b'\n'
DEBUG:netmiko:Sleep time: 0.8
DEBUG:netmiko:read_channel: 
cisco3#
DEBUG:netmiko:read_channel: 
DEBUG:netmiko:(find_prompt): prompt is cisco3#
DEBUG:netmiko:read_channel: 
DEBUG:netmiko:In disable_paging
DEBUG:netmiko:Command: terminal length 0

DEBUG:netmiko:write_channel: b'terminal length 0\n'
DEBUG:netmiko:Pattern is: terminal\ length\ 0
DEBUG:netmiko:_read_channel_expect read_data: 
cisco3#
DEBUG:netmiko:_read_channel_expect read_data: 
cisco3#
cisco3#
cisco3#
DEBUG:netmiko:_read_channel_expect read_data: t
DEBUG:netmiko:_read_channel_expect read_data: erminal length 0
cisco3#
DEBUG:netmiko:Pattern found: terminal\ length\ 0 
cisco3#
cisco3#
cisco3#
cisco3#terminal length 0
cisco3#
DEBUG:netmiko:
cisco3#
cisco3#
cisco3#
cisco3#terminal length 0
cisco3#
DEBUG:netmiko:Exiting disable_paging
DEBUG:netmiko:write_channel: b'terminal width 511\n'
DEBUG:netmiko:Pattern is: terminal\ width\ 511
DEBUG:netmiko:_read_channel_expect read_data: t
DEBUG:netmiko:_read_channel_expect read_data: erminal width 511
DEBUG:netmiko:Pattern found: terminal\ width\ 511 terminal width 511
DEBUG:netmiko:read_channel: 
cisco3#
DEBUG:netmiko:Clear buffer detect items in channel
DEBUG:netmiko:read_channel: 
DEBUG:netmiko:read_channel: 
DEBUG:netmiko:read_channel: 
DEBUG:netmiko:write_channel: b'\n'
DEBUG:netmiko:read_channel: 
DEBUG:netmiko:read_channel: 
DEBUG:netmiko:write_channel: b'\n'
DEBUG:netmiko:Sleep time: 0.1
DEBUG:netmiko:read_channel: 
DEBUG:netmiko:write_channel: b'\n'
DEBUG:netmiko:Sleep time: 0.2
DEBUG:netmiko:read_channel: 
DEBUG:netmiko:write_channel: b'\n'
DEBUG:netmiko:Sleep time: 0.4
DEBUG:netmiko:read_channel: 
DEBUG:netmiko:write_channel: b'\n'
DEBUG:netmiko:Sleep time: 0.8
DEBUG:netmiko:read_channel: 
cisco3#
DEBUG:netmiko:read_channel: 
DEBUG:netmiko:(find_prompt): prompt is cisco3#
DEBUG:netmiko:read_channel: 
cisco3#
cisco3#
cisco3#
cisco3#
DEBUG:netmiko:Clear buffer detect items in channel
DEBUG:netmiko:read_channel: 
DEBUG:netmiko:write_channel: b'show ip interface brief\n'
DEBUG:netmiko:Pattern is: show\ ip\ interface\ brief
DEBUG:netmiko:_read_channel_expect read_data: s
DEBUG:netmiko:_read_channel_expect read_data: how ip interf
DEBUG:netmiko:_read_channel_expect read_data: a
DEBUG:netmiko:_read_channel_expect read_data: ce brief
Interface              IP-Address      OK? Method Status                Protocol
GigabitEthernet0/0/0   10.220.88.22    YES NVRAM  up                    up      
GigabitEthernet0/0/1   unassigned      YES NVRAM  administratively down down    
GigabitEthernet0/1/0   unassigned      YES unset  down                  down    
GigabitEthernet0/1/1   unassigned      YES unset  down                  down    
GigabitEthernet0/1/2   unassigned      YES unset  down                  down    
GigabitEthernet0/1/3   unassigned      YES unset  down                  down    
Vlan1                  unassigned      YES unset  up                    down    
cisco3#
DEBUG:netmiko:Pattern found: show\ ip\ interface\ brief show ip interface brief
Interface              IP-Address      OK? Method Status                Protocol
GigabitEthernet0/0/0   10.220.88.22    YES NVRAM  up                    up      
GigabitEthernet0/0/1   unassigned      YES NVRAM  administratively down down    
GigabitEthernet0/1/0   unassigned      YES unset  down                  down    
GigabitEthernet0/1/1   unassigned      YES unset  down                  down    
GigabitEthernet0/1/2   unassigned      YES unset  down                  down    
GigabitEthernet0/1/3   unassigned      YES unset  down                  down    
Vlan1                  unassigned      YES unset  up                    down    
cisco3#
DEBUG:paramiko.transport:starting thread (client mode): 0xb3399fd0
DEBUG:paramiko.transport:Local version/idstring: SSH-2.0-paramiko_2.6.0
DEBUG:paramiko.transport:Remote version/idstring: SSH-2.0-Cisco-1.25
INFO:paramiko.transport:Connected (version 2.0, client Cisco-1.25)
DEBUG:paramiko.transport:kex algos:['diffie-hellman-group-exchange-sha1', 'diffie-hellman-group14-sha1'] server key:['ssh-rsa'] client encrypt:['aes128-ctr', 'aes192-ctr', 'aes256-ctr'] server encrypt:['aes128-ctr', 'aes192-ctr', 'aes256-ctr'] client mac:['hmac-sha2-256', 'hmac-sha2-512', 'hmac-sha1', 'hmac-sha1-96'] server mac:['hmac-sha2-256', 'hmac-sha2-512', 'hmac-sha1', 'hmac-sha1-96'] client compress:['none'] server compress:['none'] client lang:[''] server lang:[''] kex follows?False
DEBUG:paramiko.transport:Kex agreed: diffie-hellman-group-exchange-sha1
DEBUG:paramiko.transport:HostKey agreed: ssh-rsa
DEBUG:paramiko.transport:Cipher agreed: aes128-ctr
DEBUG:paramiko.transport:MAC agreed: hmac-sha2-256
DEBUG:paramiko.transport:Compression agreed: none
DEBUG:paramiko.transport:Got server p (2048 bits)
DEBUG:paramiko.transport:kex engine KexGex specified hash_algo <built-in function openssl_sha1>
DEBUG:paramiko.transport:Switch to new keys ...
DEBUG:paramiko.transport:Adding ssh-rsa host key for cisco3.lasthop.io: b'31c7c985b918fcdf9defd03407b24e3e'
DEBUG:paramiko.transport:userauth is OK
INFO:paramiko.transport:Authentication (password) successful!
DEBUG:paramiko.transport:[chan 0] Max packet in: 32768 bytes
DEBUG:paramiko.transport:[chan 0] Max packet out: 4096 bytes
DEBUG:paramiko.transport:Secsh channel 0 opened.
DEBUG:paramiko.transport:[chan 0] Sesch channel 0 request ok
DEBUG:paramiko.transport:[chan 0] Sesch channel 0 request ok
DEBUG:netmiko:read_channel: 


cisco3#
DEBUG:netmiko:read_channel: 
DEBUG:netmiko:read_channel: 
DEBUG:netmiko:read_channel: 
DEBUG:netmiko:write_channel: b'\n'
DEBUG:netmiko:read_channel: 
DEBUG:netmiko:read_channel: 
DEBUG:netmiko:write_channel: b'\n'
DEBUG:netmiko:Sleep time: 0.1
DEBUG:netmiko:read_channel: 
DEBUG:netmiko:write_channel: b'\n'
DEBUG:netmiko:Sleep time: 0.2
DEBUG:netmiko:read_channel: 
DEBUG:netmiko:write_channel: b'\n'
DEBUG:netmiko:Sleep time: 0.4
DEBUG:netmiko:read_channel: 
DEBUG:netmiko:write_channel: b'\n'
DEBUG:netmiko:Sleep time: 0.8
DEBUG:netmiko:read_channel: 
DEBUG:netmiko:write_channel: b'\n'
DEBUG:netmiko:Sleep time: 1.6
DEBUG:netmiko:read_channel: 
cisco3#
DEBUG:netmiko:read_channel: 
DEBUG:netmiko:(find_prompt): prompt is cisco3#
DEBUG:netmiko:read_channel: 
cisco3#
cisco3#
cisco3#
cisco3#
cisco3#
DEBUG:netmiko:Clear buffer detect items in channel
DEBUG:netmiko:read_channel: 
DEBUG:netmiko:In disable_paging
DEBUG:netmiko:Command: terminal length 0

DEBUG:netmiko:write_channel: b'terminal length 0\n'
DEBUG:netmiko:Pattern is: terminal\ length\ 0
DEBUG:netmiko:_read_channel_expect read_data: te
DEBUG:netmiko:_read_channel_expect read_data: rminal length 0
cisco3#
DEBUG:netmiko:Pattern found: terminal\ length\ 0 terminal length 0
cisco3#
DEBUG:netmiko:terminal length 0
cisco3#
DEBUG:netmiko:Exiting disable_paging
DEBUG:netmiko:write_channel: b'terminal width 511\n'
DEBUG:netmiko:Pattern is: terminal\ width\ 511
DEBUG:netmiko:_read_channel_expect read_data: t
DEBUG:netmiko:_read_channel_expect read_data: erminal width 511
cisco3#
DEBUG:netmiko:Pattern found: terminal\ width\ 511 terminal width 511
cisco3#
DEBUG:netmiko:read_channel: 
DEBUG:netmiko:read_channel: 
DEBUG:netmiko:read_channel: 
DEBUG:netmiko:write_channel: b'\n'
DEBUG:netmiko:read_channel: 
DEBUG:netmiko:read_channel: 
DEBUG:netmiko:write_channel: b'\n'
DEBUG:netmiko:Sleep time: 0.1
DEBUG:netmiko:read_channel: 
DEBUG:netmiko:write_channel: b'\n'
DEBUG:netmiko:Sleep time: 0.2
DEBUG:netmiko:read_channel: 
DEBUG:netmiko:write_channel: b'\n'
DEBUG:netmiko:Sleep time: 0.4
DEBUG:netmiko:read_channel: 
DEBUG:netmiko:write_channel: b'\n'
DEBUG:netmiko:Sleep time: 0.8
DEBUG:netmiko:read_channel: 
DEBUG:netmiko:write_channel: b'\n'
DEBUG:netmiko:Sleep time: 1.6
DEBUG:netmiko:read_channel: 
cisco3#
DEBUG:netmiko:read_channel: 
cisco3#
cisco3#
cisco3#
cisco3#
cisco3#
DEBUG:netmiko:Clear buffer detect items in channel
DEBUG:netmiko:read_channel: 
DEBUG:netmiko:(find_prompt): prompt is cisco3#
DEBUG:netmiko:read_channel: 
DEBUG:netmiko:write_channel: b'show ip interface brief\n'
DEBUG:netmiko:Pattern is: show\ ip\ interface\ brief
DEBUG:netmiko:_read_channel_expect read_data: sh
DEBUG:netmiko:_read_channel_expect read_data: ow ip interfa
DEBUG:netmiko:_read_channel_expect read_data: ce br
DEBUG:netmiko:_read_channel_expect read_data: i
DEBUG:netmiko:_read_channel_expect read_data: ef
Interface              IP-Address      OK? Method Status                Protocol
GigabitEthernet0/0/0   10.220.88.22    YES NVRAM  up                    up      
GigabitEthernet0/0/1   unassigned      YES NVRAM  administratively down down    
GigabitEthernet0/1/0   unassigned      YES unset  down                  down    
GigabitEthernet0/1/1   unassigned      YES unset  down                  down    
GigabitEthernet0/1/2   unassigned      YES unset  down                  down    
GigabitEthernet0/1/3   unassigned      YES unset  down                  down    
Vlan1                  unassigned      YES unset  up                    down    
cisco3#
DEBUG:netmiko:Pattern found: show\ ip\ interface\ brief show ip interface brief
Interface              IP-Address      OK? Method Status                Protocol
GigabitEthernet0/0/0   10.220.88.22    YES NVRAM  up                    up      
GigabitEthernet0/0/1   unassigned      YES NVRAM  administratively down down    
GigabitEthernet0/1/0   unassigned      YES unset  down                  down    
GigabitEthernet0/1/1   unassigned      YES unset  down                  down    
GigabitEthernet0/1/2   unassigned      YES unset  down                  down    
GigabitEthernet0/1/3   unassigned      YES unset  down                  down    
Vlan1                  unassigned      YES unset  up                    down    
cisco3#
DEBUG:paramiko.transport:starting thread (client mode): 0xb6cea518
DEBUG:paramiko.transport:Local version/idstring: SSH-2.0-paramiko_2.6.0
DEBUG:paramiko.transport:Remote version/idstring: SSH-2.0-Cisco-1.25
INFO:paramiko.transport:Connected (version 2.0, client Cisco-1.25)
DEBUG:paramiko.transport:kex algos:['diffie-hellman-group-exchange-sha1', 'diffie-hellman-group14-sha1'] server key:['ssh-rsa'] client encrypt:['aes128-ctr', 'aes192-ctr', 'aes256-ctr'] server encrypt:['aes128-ctr', 'aes192-ctr', 'aes256-ctr'] client mac:['hmac-sha2-256', 'hmac-sha2-512', 'hmac-sha1', 'hmac-sha1-96'] server mac:['hmac-sha2-256', 'hmac-sha2-512', 'hmac-sha1', 'hmac-sha1-96'] client compress:['none'] server compress:['none'] client lang:[''] server lang:[''] kex follows?False
DEBUG:paramiko.transport:Kex agreed: diffie-hellman-group-exchange-sha1
DEBUG:paramiko.transport:HostKey agreed: ssh-rsa
DEBUG:paramiko.transport:Cipher agreed: aes128-ctr
DEBUG:paramiko.transport:MAC agreed: hmac-sha2-256
DEBUG:paramiko.transport:Compression agreed: none
DEBUG:paramiko.transport:Got server p (2048 bits)
DEBUG:paramiko.transport:kex engine KexGex specified hash_algo <built-in function openssl_sha1>
DEBUG:paramiko.transport:Switch to new keys ...
DEBUG:paramiko.transport:Adding ssh-rsa host key for cisco3.lasthop.io: b'31c7c985b918fcdf9defd03407b24e3e'
DEBUG:paramiko.transport:userauth is OK
INFO:paramiko.transport:Authentication (password) successful!
DEBUG:paramiko.transport:[chan 0] Max packet in: 32768 bytes
DEBUG:paramiko.transport:[chan 0] Max packet out: 4096 bytes
DEBUG:paramiko.transport:Secsh channel 0 opened.
DEBUG:paramiko.transport:[chan 0] Sesch channel 0 request ok
DEBUG:paramiko.transport:[chan 0] Sesch channel 0 request ok
DEBUG:netmiko:read_channel: 


cisco3#
DEBUG:netmiko:read_channel: 
DEBUG:netmiko:read_channel: 
DEBUG:netmiko:read_channel: 
DEBUG:netmiko:write_channel: b'\n'
DEBUG:netmiko:read_channel: 
DEBUG:netmiko:read_channel: 
DEBUG:netmiko:write_channel: b'\n'
DEBUG:netmiko:Sleep time: 0.1
DEBUG:netmiko:read_channel: 
DEBUG:netmiko:write_channel: b'\n'
DEBUG:netmiko:Sleep time: 0.2
DEBUG:netmiko:read_channel: 
DEBUG:netmiko:write_channel: b'\n'
DEBUG:netmiko:Sleep time: 0.4
DEBUG:netmiko:read_channel: 
DEBUG:netmiko:write_channel: b'\n'
DEBUG:netmiko:Sleep time: 0.8
DEBUG:netmiko:read_channel: 
cisco3#
DEBUG:netmiko:read_channel: 
DEBUG:netmiko:(find_prompt): prompt is cisco3#
DEBUG:netmiko:read_channel: 
DEBUG:netmiko:In disable_paging
DEBUG:netmiko:Command: terminal length 0

DEBUG:netmiko:write_channel: b'terminal length 0\n'
DEBUG:netmiko:Pattern is: terminal\ length\ 0
DEBUG:netmiko:_read_channel_expect read_data: 
cisco3#
DEBUG:netmiko:_read_channel_expect read_data: 
cisco3#
cisco3#
cisco3#
DEBUG:netmiko:_read_channel_expect read_data: t
DEBUG:netmiko:_read_channel_expect read_data: erminal length 0
cisco3#
DEBUG:netmiko:Pattern found: terminal\ length\ 0 
cisco3#
cisco3#
cisco3#
cisco3#terminal length 0
cisco3#
DEBUG:netmiko:
cisco3#
cisco3#
cisco3#
cisco3#terminal length 0
cisco3#
DEBUG:netmiko:Exiting disable_paging
DEBUG:netmiko:write_channel: b'terminal width 511\n'
DEBUG:netmiko:Pattern is: terminal\ width\ 511
DEBUG:netmiko:_read_channel_expect read_data: t
DEBUG:netmiko:_read_channel_expect read_data: erminal wid
DEBUG:netmiko:_read_channel_expect read_data: th 511
cisco3#
DEBUG:netmiko:Pattern found: terminal\ width\ 511 terminal width 511
cisco3#
DEBUG:netmiko:read_channel: 
DEBUG:netmiko:read_channel: 
DEBUG:netmiko:read_channel: 
DEBUG:netmiko:write_channel: b'\n'
DEBUG:netmiko:read_channel: 
DEBUG:netmiko:read_channel: 
DEBUG:netmiko:write_channel: b'\n'
DEBUG:netmiko:Sleep time: 0.1
DEBUG:netmiko:read_channel: 
DEBUG:netmiko:write_channel: b'\n'
DEBUG:netmiko:Sleep time: 0.2
DEBUG:netmiko:read_channel: 
DEBUG:netmiko:write_channel: b'\n'
DEBUG:netmiko:Sleep time: 0.4
DEBUG:netmiko:read_channel: 
DEBUG:netmiko:write_channel: b'\n'
DEBUG:netmiko:Sleep time: 0.8
DEBUG:netmiko:read_channel: 
cisco3#
DEBUG:netmiko:read_channel: 
DEBUG:netmiko:(find_prompt): prompt is cisco3#
DEBUG:netmiko:read_channel: 
cisco3#
cisco3#
cisco3#
cisco3#
DEBUG:netmiko:Clear buffer detect items in channel
DEBUG:netmiko:read_channel: 
DEBUG:netmiko:write_channel: b'show ip interface brief\n'
DEBUG:netmiko:Pattern is: show\ ip\ interface\ brief
DEBUG:netmiko:_read_channel_expect read_data: sh
DEBUG:netmiko:_read_channel_expect read_data: ow ip interface br
DEBUG:netmiko:_read_channel_expect read_data: i
DEBUG:netmiko:_read_channel_expect read_data: ef
Interface              IP-Address      OK? Method Status                Protocol
GigabitEthernet0/0/0   10.220.88.22    YES NVRAM  up                    up      
GigabitEthernet0/0/1   unassigned      YES NVRAM  administratively down down    
GigabitEthernet0/1/0   unassigned      YES unset  down                  down    
GigabitEthernet0/1/1   unassigned      YES unset  down                  down    
GigabitEthernet0/1/2   unassigned      YES unset  down                  down    
GigabitEthernet0/1/3   unassigned      YES unset  down                  down    
Vlan1                  unassigned      YES unset  up                    down    
cisco3#
DEBUG:netmiko:Pattern found: show\ ip\ interface\ brief show ip interface brief
Interface              IP-Address      OK? Method Status                Protocol
GigabitEthernet0/0/0   10.220.88.22    YES NVRAM  up                    up      
GigabitEthernet0/0/1   unassigned      YES NVRAM  administratively down down    
GigabitEthernet0/1/0   unassigned      YES unset  down                  down    
GigabitEthernet0/1/1   unassigned      YES unset  down                  down    
GigabitEthernet0/1/2   unassigned      YES unset  down                  down    
GigabitEthernet0/1/3   unassigned      YES unset  down                  down    
Vlan1                  unassigned      YES unset  up                    down    
cisco3#
DEBUG:paramiko.transport:starting thread (client mode): 0x190b1828
DEBUG:paramiko.transport:Local version/idstring: SSH-2.0-paramiko_2.6.0
DEBUG:paramiko.transport:Remote version/idstring: SSH-2.0-Cisco-1.25
INFO:paramiko.transport:Connected (version 2.0, client Cisco-1.25)
DEBUG:paramiko.transport:kex algos:['diffie-hellman-group-exchange-sha1', 'diffie-hellman-group14-sha1'] server key:['ssh-rsa'] client encrypt:['aes128-ctr', 'aes192-ctr', 'aes256-ctr'] server encrypt:['aes128-ctr', 'aes192-ctr', 'aes256-ctr'] client mac:['hmac-sha2-256', 'hmac-sha2-512', 'hmac-sha1', 'hmac-sha1-96'] server mac:['hmac-sha2-256', 'hmac-sha2-512', 'hmac-sha1', 'hmac-sha1-96'] client compress:['none'] server compress:['none'] client lang:[''] server lang:[''] kex follows?False
DEBUG:paramiko.transport:Kex agreed: diffie-hellman-group-exchange-sha1
DEBUG:paramiko.transport:HostKey agreed: ssh-rsa
DEBUG:paramiko.transport:Cipher agreed: aes128-ctr
DEBUG:paramiko.transport:MAC agreed: hmac-sha2-256
DEBUG:paramiko.transport:Compression agreed: none
DEBUG:paramiko.transport:Got server p (2048 bits)
DEBUG:paramiko.transport:kex engine KexGex specified hash_algo <built-in function openssl_sha1>
DEBUG:paramiko.transport:Switch to new keys ...
DEBUG:paramiko.transport:Adding ssh-rsa host key for cisco3.lasthop.io: b'31c7c985b918fcdf9defd03407b24e3e'
DEBUG:paramiko.transport:userauth is OK
INFO:paramiko.transport:Authentication (password) successful!
DEBUG:paramiko.transport:[chan 0] Max packet in: 32768 bytes
DEBUG:paramiko.transport:[chan 0] Max packet out: 4096 bytes
DEBUG:paramiko.transport:Secsh channel 0 opened.
DEBUG:paramiko.transport:[chan 0] Sesch channel 0 request ok
DEBUG:paramiko.transport:[chan 0] Sesch channel 0 request ok
DEBUG:netmiko:read_channel: 


cisco3#
DEBUG:netmiko:read_channel: 
DEBUG:netmiko:read_channel: 
DEBUG:netmiko:read_channel: 
DEBUG:netmiko:write_channel: b'\n'
DEBUG:netmiko:read_channel: 
DEBUG:netmiko:read_channel: 
DEBUG:netmiko:write_channel: b'\n'
DEBUG:netmiko:Sleep time: 0.1
DEBUG:netmiko:read_channel: 
DEBUG:netmiko:write_channel: b'\n'
DEBUG:netmiko:Sleep time: 0.2
DEBUG:netmiko:read_channel: 
DEBUG:netmiko:write_channel: b'\n'
DEBUG:netmiko:Sleep time: 0.4
DEBUG:netmiko:read_channel: 
DEBUG:netmiko:write_channel: b'\n'
DEBUG:netmiko:Sleep time: 0.8
DEBUG:netmiko:read_channel: 
cisco3#
DEBUG:netmiko:read_channel: 
DEBUG:netmiko:(find_prompt): prompt is cisco3#
DEBUG:netmiko:read_channel: 
DEBUG:netmiko:In disable_paging
DEBUG:netmiko:Command: terminal length 0

DEBUG:netmiko:write_channel: b'terminal length 0\n'
DEBUG:netmiko:Pattern is: terminal\ length\ 0
DEBUG:netmiko:_read_channel_expect read_data: 
cisco3#
DEBUG:netmiko:_read_channel_expect read_data: 
cisco3#
cisco3#
cisco3#
DEBUG:netmiko:_read_channel_expect read_data: t
DEBUG:netmiko:_read_channel_expect read_data: erminal length 0
cisco3#
DEBUG:netmiko:Pattern found: terminal\ length\ 0 
cisco3#
cisco3#
cisco3#
cisco3#terminal length 0
cisco3#
DEBUG:netmiko:
cisco3#
cisco3#
cisco3#
cisco3#terminal length 0
cisco3#
DEBUG:netmiko:Exiting disable_paging
DEBUG:netmiko:write_channel: b'terminal width 511\n'
DEBUG:netmiko:Pattern is: terminal\ width\ 511
DEBUG:netmiko:_read_channel_expect read_data: te
DEBUG:netmiko:_read_channel_expect read_data: rminal width 
DEBUG:netmiko:_read_channel_expect read_data: 511
cisco3#
DEBUG:netmiko:Pattern found: terminal\ width\ 511 terminal width 511
cisco3#
DEBUG:netmiko:read_channel: 
DEBUG:netmiko:read_channel: 
DEBUG:netmiko:read_channel: 
DEBUG:netmiko:write_channel: b'\n'
DEBUG:netmiko:read_channel: 
DEBUG:netmiko:read_channel: 
DEBUG:netmiko:write_channel: b'\n'
DEBUG:netmiko:Sleep time: 0.1
DEBUG:netmiko:read_channel: 
DEBUG:netmiko:write_channel: b'\n'
DEBUG:netmiko:Sleep time: 0.2
DEBUG:netmiko:read_channel: 
DEBUG:netmiko:write_channel: b'\n'
DEBUG:netmiko:Sleep time: 0.4
DEBUG:netmiko:read_channel: 
DEBUG:netmiko:write_channel: b'\n'
DEBUG:netmiko:Sleep time: 0.8
DEBUG:netmiko:read_channel: 
cisco3#
DEBUG:netmiko:read_channel: 
DEBUG:netmiko:(find_prompt): prompt is cisco3#
DEBUG:netmiko:read_channel: 
DEBUG:netmiko:write_channel: b'show ip interface brief\n'
DEBUG:netmiko:Pattern is: show\ ip\ interface\ brief
DEBUG:netmiko:_read_channel_expect read_data: 
cisco3#
cisco3#
DEBUG:netmiko:_read_channel_expect read_data: 
cisco3#
cisco3#
DEBUG:netmiko:_read_channel_expect read_data: s
DEBUG:netmiko:_read_channel_expect read_data: how ip interface br
DEBUG:netmiko:_read_channel_expect read_data: i
DEBUG:netmiko:_read_channel_expect read_data: ef
Interface              IP-Address      OK? Method Status                Protocol
GigabitEthernet0/0/0   10.220.88.22    YES NVRAM  up                    up      
GigabitEthernet0/0/1   unassigned      YES NVRAM  administratively down down    
GigabitEthernet0/1/0   unassigned      YES unset  down                  down    
GigabitEthernet0/1/1   unassigned      YES unset  down                  down    
GigabitEthernet0/1/2   unassigned      YES unset  down                  down    
GigabitEthernet0/1/3   unassigned      YES unset  down                  down    
Vlan1                  unassigned      YES unset  up                    down    
cisco3#
DEBUG:netmiko:Pattern found: show\ ip\ interface\ brief 
cisco3#
cisco3#
cisco3#
cisco3#show ip interface brief
Interface              IP-Address      OK? Method Status                Protocol
GigabitEthernet0/0/0   10.220.88.22    YES NVRAM  up                    up      
GigabitEthernet0/0/1   unassigned      YES NVRAM  administratively down down    
GigabitEthernet0/1/0   unassigned      YES unset  down                  down    
GigabitEthernet0/1/1   unassigned      YES unset  down                  down    
GigabitEthernet0/1/2   unassigned      YES unset  down                  down    
GigabitEthernet0/1/3   unassigned      YES unset  down                  down    
Vlan1                  unassigned      YES unset  up                    down    
cisco3#
DEBUG:paramiko.transport:starting thread (client mode): 0x6b7b080
DEBUG:paramiko.transport:Local version/idstring: SSH-2.0-paramiko_2.6.0
DEBUG:paramiko.transport:Remote version/idstring: SSH-2.0-Cisco-1.25
INFO:paramiko.transport:Connected (version 2.0, client Cisco-1.25)
DEBUG:paramiko.transport:kex algos:['diffie-hellman-group-exchange-sha1', 'diffie-hellman-group14-sha1'] server key:['ssh-rsa'] client encrypt:['aes128-ctr', 'aes192-ctr', 'aes256-ctr'] server encrypt:['aes128-ctr', 'aes192-ctr', 'aes256-ctr'] client mac:['hmac-sha2-256', 'hmac-sha2-512', 'hmac-sha1', 'hmac-sha1-96'] server mac:['hmac-sha2-256', 'hmac-sha2-512', 'hmac-sha1', 'hmac-sha1-96'] client compress:['none'] server compress:['none'] client lang:[''] server lang:[''] kex follows?False
DEBUG:paramiko.transport:Kex agreed: diffie-hellman-group-exchange-sha1
DEBUG:paramiko.transport:HostKey agreed: ssh-rsa
DEBUG:paramiko.transport:Cipher agreed: aes128-ctr
DEBUG:paramiko.transport:MAC agreed: hmac-sha2-256
DEBUG:paramiko.transport:Compression agreed: none
DEBUG:paramiko.transport:Got server p (2048 bits)
DEBUG:paramiko.transport:kex engine KexGex specified hash_algo <built-in function openssl_sha1>
DEBUG:paramiko.transport:Switch to new keys ...
DEBUG:paramiko.transport:Adding ssh-rsa host key for cisco3.lasthop.io: b'31c7c985b918fcdf9defd03407b24e3e'
DEBUG:paramiko.transport:userauth is OK
INFO:paramiko.transport:Authentication (password) successful!
DEBUG:paramiko.transport:[chan 0] Max packet in: 32768 bytes
DEBUG:paramiko.transport:[chan 0] Max packet out: 4096 bytes
DEBUG:paramiko.transport:Secsh channel 0 opened.
DEBUG:paramiko.transport:[chan 0] Sesch channel 0 request ok
DEBUG:paramiko.transport:[chan 0] Sesch channel 0 request ok
DEBUG:netmiko:read_channel: 


cisco3#
DEBUG:netmiko:read_channel: 
DEBUG:netmiko:read_channel: 
DEBUG:netmiko:read_channel: 
DEBUG:netmiko:write_channel: b'\n'
DEBUG:netmiko:read_channel: 
DEBUG:netmiko:read_channel: 
DEBUG:netmiko:write_channel: b'\n'
DEBUG:netmiko:Sleep time: 0.1
DEBUG:netmiko:read_channel: 
DEBUG:netmiko:write_channel: b'\n'
DEBUG:netmiko:Sleep time: 0.2
DEBUG:netmiko:read_channel: 
DEBUG:netmiko:write_channel: b'\n'
DEBUG:netmiko:Sleep time: 0.4
DEBUG:netmiko:read_channel: 
DEBUG:netmiko:write_channel: b'\n'
DEBUG:netmiko:Sleep time: 0.8
DEBUG:netmiko:read_channel: 
cisco3#
DEBUG:netmiko:read_channel: 
DEBUG:netmiko:(find_prompt): prompt is cisco3#
DEBUG:netmiko:read_channel: 
DEBUG:netmiko:In disable_paging
DEBUG:netmiko:Command: terminal length 0

DEBUG:netmiko:write_channel: b'terminal length 0\n'
DEBUG:netmiko:Pattern is: terminal\ length\ 0
DEBUG:netmiko:_read_channel_expect read_data: 
cisco3#
cisco3#
DEBUG:netmiko:_read_channel_expect read_data: 
cisco3#
cisco3#
DEBUG:netmiko:_read_channel_expect read_data: te
DEBUG:netmiko:_read_channel_expect read_data: rminal length 
DEBUG:netmiko:_read_channel_expect read_data: 0
DEBUG:netmiko:Pattern found: terminal\ length\ 0 
cisco3#
cisco3#
cisco3#
cisco3#terminal length 0
DEBUG:netmiko:
cisco3#
cisco3#
cisco3#
cisco3#terminal length 0
DEBUG:netmiko:Exiting disable_paging
DEBUG:netmiko:write_channel: b'terminal width 511\n'
DEBUG:netmiko:Pattern is: terminal\ width\ 511
DEBUG:netmiko:_read_channel_expect read_data: 

DEBUG:netmiko:_read_channel_expect read_data: cisco3#
DEBUG:netmiko:_read_channel_expect read_data: t
DEBUG:netmiko:_read_channel_expect read_data: erminal width 511
cisco3#
DEBUG:netmiko:Pattern found: terminal\ width\ 511 
cisco3#terminal width 511
cisco3#
DEBUG:netmiko:read_channel: 
DEBUG:netmiko:read_channel: 
DEBUG:netmiko:write_channel: b'\n'
DEBUG:netmiko:read_channel: 
DEBUG:netmiko:read_channel: 
DEBUG:netmiko:write_channel: b'\n'
DEBUG:netmiko:Sleep time: 0.1
DEBUG:netmiko:read_channel: 
DEBUG:netmiko:write_channel: b'\n'
DEBUG:netmiko:Sleep time: 0.2
DEBUG:netmiko:read_channel: 
DEBUG:netmiko:write_channel: b'\n'
DEBUG:netmiko:Sleep time: 0.4
DEBUG:netmiko:read_channel: 
DEBUG:netmiko:write_channel: b'\n'
DEBUG:netmiko:Sleep time: 0.8
DEBUG:netmiko:read_channel: 
cisco3#
DEBUG:netmiko:read_channel: 
DEBUG:netmiko:(find_prompt): prompt is cisco3#
DEBUG:netmiko:read_channel: 
cisco3#
cisco3#
cisco3#
cisco3#
DEBUG:netmiko:Clear buffer detect items in channel
DEBUG:netmiko:read_channel: 
DEBUG:netmiko:write_channel: b'show version\n'
DEBUG:netmiko:Pattern is: show\ version
DEBUG:netmiko:_read_channel_expect read_data: s
DEBUG:netmiko:_read_channel_expect read_data: how version

DEBUG:netmiko:Pattern found: show\ version show version

DEBUG:netmiko:read_channel: 
DEBUG:netmiko:read_channel: 
DEBUG:netmiko:read_channel: 
DEBUG:netmiko:read_channel: 
DEBUG:netmiko:read_channel: 
DEBUG:netmiko:read_channel: 
DEBUG:netmiko:read_channel: 
DEBUG:netmiko:read_channel: 
DEBUG:netmiko:read_channel: 
DEBUG:netmiko:read_channel: Cisco IOS XE Software, Version 16.08.01
Cisco IOS Software [Fuji], ISR Software (ARMV8EB_LINUX_IOSD-UNIVERSALK9_IAS-M), Version 16.8.1, RELEASE SOFTWARE (fc3)
Technical Support: http://www.cisco.com/techsupport
Copyright (c) 1986-2018 by Cisco Systems, Inc.
Compiled Tue 27-Mar-18 10:56 by mcpre


Cisco IOS-XE software, Copyright (c) 2005-2018 by cisco Systems, Inc.
All rights reserved.  Certain components of Cisco IOS-XE software are
licensed under the GNU General Public License ("GPL") Version 2.0.  The
software code licensed under GPL Version 2.0 is free software that comes
with ABSOLUTELY NO WARRANTY.  You can redistribute and/or modify such
GPL code under the terms of GPL Version 2.0.  For more details, see the
documentation or "License Notice" file accompanying the IOS-XE software,
or the applicable URL provided on the flyer accompanying the IOS-XE
software.


ROM: IOS-XE ROMMON

cisco3 uptime is 20 weeks, 2 days, 35 minutes
Uptime for this control processor is 20 weeks, 2 days, 37 minutes
System returned to ROM by Reload Command at 13:54:45 PDT Mon May 13 2019
System restarted at 13:58:30 PDT Mon May 13 2019
System image file is "bootflash:c1100-universalk9_ias.16.08.01.SPA.bin"
Last reload reason: Reload Command



This product contains cryptographic features and is subject to United
States and local country laws governing import, export, transfer and
use. Delivery of Cisco cryptographic products does not imply
third-party authority to import, export, distribute or use encryption.
Importers, exporters, distributors and users are responsible for
compliance with U.S. and local country laws. By using this product you
agree to comply with applicable laws and regulations. If you are unable
to comply with U.S. and local laws, return this product immediately.

A summary of U.S. laws governing Cisco cryptographic products may be found at:
http://www.cisco.com/wwl/export/crypto/tool/stqrg.html

If you require further assistance please contact us by sending email to
export@cisco.com.



Suite License Information for Module:'esg' 

--------------------------------------------------------------------------------
Suite                 Suite Current         Type           Suite Next reboot     
--------------------------------------------------------------------------------
FoundationSuiteK9     None                  None           None                  
securityk9
appxk9


Technology Package License Information: 

-----------------------------------------------------------------
Technology    Technology-package           Technology-package
              Current       Type           Next reboot  
------------------------------------------------------------------
appxk9           None             None             None
securityk9       None             None             None
ipbase           ipbasek9         Permanent        ipbasek9

cisco C1111-4P (1RU) processor with 1456982K/6147K bytes of memory.
Processor board ID FGL222290LB
1 Virtual Ethernet interface
6 Gigabit Ethernet interfaces
32768K bytes of non-volatile configuration memory.
4194304K bytes of physical memory.
2863103K bytes of flash memory at bootflash:.
0K bytes of WebUI ODM Files at webui:.

Configuration register is 0x2102

cisco3#
DEBUG:netmiko:read_channel: 
DEBUG:netmiko:write_channel: b'\n'
DEBUG:netmiko:read_channel: 
DEBUG:netmiko:read_channel: 
DEBUG:netmiko:write_channel: b'\n'
DEBUG:netmiko:Sleep time: 0.1
DEBUG:netmiko:read_channel: 
DEBUG:netmiko:write_channel: b'\n'
DEBUG:netmiko:Sleep time: 0.2
DEBUG:netmiko:read_channel: 
DEBUG:netmiko:write_channel: b'\n'
DEBUG:netmiko:Sleep time: 0.4
DEBUG:netmiko:read_channel: 
DEBUG:netmiko:write_channel: b'\n'
DEBUG:netmiko:Sleep time: 0.8
DEBUG:netmiko:read_channel: 
cisco3#
DEBUG:netmiko:read_channel: 
DEBUG:netmiko:(find_prompt): prompt is cisco3#
DEBUG:netmiko:read_channel: 
cisco3#
cisco3#
cisco3#
cisco3#
DEBUG:netmiko:Clear buffer detect items in channel
DEBUG:netmiko:read_channel: 
DEBUG:netmiko:write_channel: b'show version\n'
DEBUG:netmiko:Pattern is: show\ version
DEBUG:netmiko:_read_channel_expect read_data: sh
DEBUG:netmiko:_read_channel_expect read_data: ow version

DEBUG:netmiko:Pattern found: show\ version show version

DEBUG:netmiko:read_channel: 
DEBUG:netmiko:read_channel: 
DEBUG:netmiko:read_channel: 
DEBUG:netmiko:read_channel: 
DEBUG:netmiko:read_channel: 
DEBUG:netmiko:read_channel: 
DEBUG:netmiko:read_channel: 
DEBUG:netmiko:read_channel: 
DEBUG:netmiko:read_channel: 
DEBUG:netmiko:read_channel: Cisco IOS XE Software, Version 16.08.01
Cisco IOS Software [Fuji], ISR Software (ARMV8EB_LINUX_IOSD-UNIVERSALK9_IAS-M), Version 16.8.1, RELEASE SOFTWARE (fc3)
Technical Support: http://www.cisco.com/techsupport
Copyright (c) 1986-2018 by Cisco Systems, Inc.
Compiled Tue 27-Mar-18 10:56 by mcpre


Cisco IOS-XE software, Copyright (c) 2005-2018 by cisco Systems, Inc.
All rights reserved.  Certain components of Cisco IOS-XE software are
licensed under the GNU General Public License ("GPL") Version 2.0.  The
software code licensed under GPL Version 2.0 is free software that comes
with ABSOLUTELY NO WARRANTY.  You can redistribute and/or modify such
GPL code under the terms of GPL Version 2.0.  For more details, see the
documentation or "License Notice" file accompanying the IOS-XE software,
or the applicable URL provided on the flyer accompanying the IOS-XE
software.


ROM: IOS-XE ROMMON

cisco3 uptime is 20 weeks, 2 days, 35 minutes
Uptime for this control processor is 20 weeks, 2 days, 37 minutes
System returned to ROM by Reload Command at 13:54:45 PDT Mon May 13 2019
System restarted at 13:58:30 PDT Mon May 13 2019
System image file is "bootflash:c1100-universalk9_ias.16.08.01.SPA.bin"
Last reload reason: Reload Command



This product contains cryptographic features and is subject to United
States and local country laws governing import, export, transfer and
use. Delivery of Cisco cryptographic products does not imply
third-party authority to import, export, distribute or use encryption.
Importers, exporters, distributors and users are responsible for
compliance with U.S. and local country laws. By using this product you
agree to comply with applicable laws and regulations. If you are unable
to comply with U.S. and local laws, return this product immediately.

A summary of U.S. laws governing Cisco cryptographic products may be found at:
http://www.cisco.com/wwl/export/crypto/tool/stqrg.html

If you require further assistance please contact us by sending email to
export@cisco.com.



Suite License Information for Module:'esg' 

--------------------------------------------------------------------------------
Suite                 Suite Current         Type           Suite Next reboot     
--------------------------------------------------------------------------------
FoundationSuiteK9     None                  None           None                  
securityk9
appxk9


Technology Package License Information: 

-----------------------------------------------------------------
Technology    Technology-package           Technology-package
              Current       Type           Next reboot  
------------------------------------------------------------------
appxk9           None             None             None
securityk9       None             None             None
ipbase           ipbasek9         Permanent        ipbasek9

cisco C1111-4P (1RU) processor with 1456982K/6147K bytes of memory.
Processor board ID FGL222290LB
1 Virtual Ethernet interface
6 Gigabit Ethernet interfaces
32768K bytes of non-volatile configuration memory.
4194304K bytes of physical memory.
2863103K bytes of flash memory at bootflash:.
0K bytes of WebUI ODM Files at webui:.

Configuration register is 0x2102

cisco3#
DEBUG:paramiko.transport:starting thread (client mode): 0x66c56a0
DEBUG:paramiko.transport:Local version/idstring: SSH-2.0-paramiko_2.6.0
DEBUG:paramiko.transport:Remote version/idstring: SSH-2.0-Cisco-1.25
INFO:paramiko.transport:Connected (version 2.0, client Cisco-1.25)
DEBUG:paramiko.transport:kex algos:['diffie-hellman-group-exchange-sha1', 'diffie-hellman-group14-sha1'] server key:['ssh-rsa'] client encrypt:['aes128-ctr', 'aes192-ctr', 'aes256-ctr'] server encrypt:['aes128-ctr', 'aes192-ctr', 'aes256-ctr'] client mac:['hmac-sha2-256', 'hmac-sha2-512', 'hmac-sha1', 'hmac-sha1-96'] server mac:['hmac-sha2-256', 'hmac-sha2-512', 'hmac-sha1', 'hmac-sha1-96'] client compress:['none'] server compress:['none'] client lang:[''] server lang:[''] kex follows?False
DEBUG:paramiko.transport:Kex agreed: diffie-hellman-group-exchange-sha1
DEBUG:paramiko.transport:HostKey agreed: ssh-rsa
DEBUG:paramiko.transport:Cipher agreed: aes128-ctr
DEBUG:paramiko.transport:MAC agreed: hmac-sha2-256
DEBUG:paramiko.transport:Compression agreed: none
DEBUG:paramiko.transport:Got server p (2048 bits)
DEBUG:paramiko.transport:kex engine KexGex specified hash_algo <built-in function openssl_sha1>
DEBUG:paramiko.transport:Switch to new keys ...
DEBUG:paramiko.transport:Adding ssh-rsa host key for cisco3.lasthop.io: b'31c7c985b918fcdf9defd03407b24e3e'
DEBUG:paramiko.transport:userauth is OK
INFO:paramiko.transport:Authentication (password) successful!
DEBUG:paramiko.transport:[chan 0] Max packet in: 32768 bytes
DEBUG:paramiko.transport:[chan 0] Max packet out: 4096 bytes
DEBUG:paramiko.transport:Secsh channel 0 opened.
DEBUG:paramiko.transport:[chan 0] Sesch channel 0 request ok
DEBUG:paramiko.transport:[chan 0] Sesch channel 0 request ok
DEBUG:netmiko:read_channel: 


cisco3#
DEBUG:netmiko:read_channel: 
DEBUG:netmiko:read_channel: 
DEBUG:netmiko:read_channel: 
DEBUG:netmiko:write_channel: b'\n'
DEBUG:netmiko:read_channel: 
DEBUG:netmiko:read_channel: 
DEBUG:netmiko:write_channel: b'\n'
DEBUG:netmiko:Sleep time: 0.1
DEBUG:netmiko:read_channel: 
DEBUG:netmiko:write_channel: b'\n'
DEBUG:netmiko:Sleep time: 0.2
DEBUG:netmiko:read_channel: 
DEBUG:netmiko:write_channel: b'\n'
DEBUG:netmiko:Sleep time: 0.4
DEBUG:netmiko:read_channel: 
DEBUG:netmiko:write_channel: b'\n'
DEBUG:netmiko:Sleep time: 0.8
DEBUG:netmiko:read_channel: 
cisco3#
DEBUG:netmiko:read_channel: 
DEBUG:netmiko:(find_prompt): prompt is cisco3#
DEBUG:netmiko:read_channel: 
DEBUG:netmiko:In disable_paging
DEBUG:netmiko:Command: terminal length 0

DEBUG:netmiko:write_channel: b'terminal length 0\n'
DEBUG:netmiko:Pattern is: terminal\ length\ 0
DEBUG:netmiko:_read_channel_expect read_data: 
cisco3#
DEBUG:netmiko:_read_channel_expect read_data: 
cisco3#
cisco3#
cisco3#
DEBUG:netmiko:_read_channel_expect read_data: t
DEBUG:netmiko:_read_channel_expect read_data: erminal length 0
cisco3#
DEBUG:netmiko:Pattern found: terminal\ length\ 0 
cisco3#
cisco3#
cisco3#
cisco3#terminal length 0
cisco3#
DEBUG:netmiko:
cisco3#
cisco3#
cisco3#
cisco3#terminal length 0
cisco3#
DEBUG:netmiko:Exiting disable_paging
DEBUG:netmiko:write_channel: b'terminal width 511\n'
DEBUG:netmiko:Pattern is: terminal\ width\ 511
DEBUG:netmiko:_read_channel_expect read_data: t
DEBUG:netmiko:_read_channel_expect read_data: erminal width 51
DEBUG:netmiko:_read_channel_expect read_data: 1
cisco3#
DEBUG:netmiko:Pattern found: terminal\ width\ 511 terminal width 511
cisco3#
DEBUG:netmiko:read_channel: 
DEBUG:netmiko:read_channel: 
DEBUG:netmiko:write_channel: b'\n'
DEBUG:netmiko:read_channel: 
DEBUG:netmiko:read_channel: 
DEBUG:netmiko:write_channel: b'\n'
DEBUG:netmiko:Sleep time: 0.1
DEBUG:netmiko:read_channel: 
DEBUG:netmiko:write_channel: b'\n'
DEBUG:netmiko:Sleep time: 0.2
DEBUG:netmiko:read_channel: 
DEBUG:netmiko:write_channel: b'\n'
DEBUG:netmiko:Sleep time: 0.4
DEBUG:netmiko:read_channel: 
DEBUG:netmiko:write_channel: b'\n'
DEBUG:netmiko:Sleep time: 0.8
DEBUG:netmiko:read_channel: 
cisco3#
DEBUG:netmiko:read_channel: 
DEBUG:netmiko:(find_prompt): prompt is cisco3#
DEBUG:netmiko:write_channel: b'\n'
DEBUG:netmiko:Pattern is: #
DEBUG:netmiko:_read_channel_expect read_data: 
cisco3#

DEBUG:netmiko:Pattern found: # 
cisco3#

DEBUG:netmiko:exit_config_mode: 
DEBUG:netmiko:write_channel: b'exit\n'
DEBUG:paramiko.transport:EOF in transport thread
DEBUG:netmiko:read_channel: 
DEBUG:netmiko:read_channel: 
DEBUG:netmiko:write_channel: b'show ip interface brief\n'
DEBUG:netmiko:read_channel: 
DEBUG:netmiko:read_channel: show ip interface brief
Interface              IP-Address      OK? Method Status                Protocol
GigabitEthernet0/0/0   10.220.88.22    YES NVRAM  up                    up      
GigabitEthernet0/0/1   unassigned      YES NVRAM  administratively down down    
GigabitEthernet0/1/0   unassigned      YES unset  down                  down    
GigabitEthernet0/1/1   unassigned      YES unset  down                  down    
GigabitEthernet0/1/2   unassigned      YES unset  down                  down    
GigabitEthernet0/1/3   unassigned      YES unset  down                  down    
Vlan1                  unassigned      YES unset  up                    down    
cisco3#
DEBUG:netmiko:read_channel: 
DEBUG:netmiko:read_channel: 
DEBUG:netmiko:read_channel: 
DEBUG:netmiko:read_channel: 
DEBUG:netmiko:write_channel: b'\n'
DEBUG:netmiko:read_channel: 
DEBUG:netmiko:read_channel: 
DEBUG:netmiko:write_channel: b'\n'
DEBUG:netmiko:Sleep time: 0.1
DEBUG:netmiko:read_channel: 
DEBUG:netmiko:write_channel: b'\n'
DEBUG:netmiko:Sleep time: 0.2
DEBUG:netmiko:read_channel: 
DEBUG:netmiko:write_channel: b'\n'
DEBUG:netmiko:Sleep time: 0.4
DEBUG:netmiko:read_channel: 
DEBUG:netmiko:write_channel: b'\n'
DEBUG:netmiko:Sleep time: 0.8
DEBUG:netmiko:read_channel: 
DEBUG:netmiko:write_channel: b'\n'
DEBUG:netmiko:Sleep time: 1.6
DEBUG:netmiko:read_channel: 
cisco3#
DEBUG:netmiko:read_channel: 
cisco3#
cisco3#
cisco3#
cisco3#
cisco3#
DEBUG:netmiko:Clear buffer detect items in channel
DEBUG:netmiko:read_channel: 
DEBUG:netmiko:(find_prompt): prompt is cisco3#
DEBUG:netmiko:read_channel: 
DEBUG:netmiko:write_channel: b'show ip interface brief\n'
DEBUG:netmiko:Pattern is: show\ ip\ interface\ brief
DEBUG:netmiko:_read_channel_expect read_data: sh
DEBUG:netmiko:_read_channel_expect read_data: ow ip interfa
DEBUG:netmiko:_read_channel_expect read_data: ce
DEBUG:netmiko:_read_channel_expect read_data:  brief
Interface              IP-Address      OK? Method Status                Protocol
GigabitEthernet0/0/0   10.220.88.22    YES NVRAM  up                    up      
GigabitEthernet0/0/1   unassigned      YES NVRAM  administratively down down    
GigabitEthernet0/1/0   unassigned      YES unset  down                  down    
GigabitEthernet0/1/1   unassigned      YES unset  down                  down    
GigabitEthernet0/1/2   unassigned      YES unset  down                  down    
GigabitEthernet0/1/3   unassigned      YES unset  down                  down    
Vlan1                  unassigned      YES unset  up                    down    
cisco3#
DEBUG:netmiko:Pattern found: show\ ip\ interface\ brief show ip interface brief
Interface              IP-Address      OK? Method Status                Protocol
GigabitEthernet0/0/0   10.220.88.22    YES NVRAM  up                    up      
GigabitEthernet0/0/1   unassigned      YES NVRAM  administratively down down    
GigabitEthernet0/1/0   unassigned      YES unset  down                  down    
GigabitEthernet0/1/1   unassigned      YES unset  down                  down    
GigabitEthernet0/1/2   unassigned      YES unset  down                  down    
GigabitEthernet0/1/3   unassigned      YES unset  down                  down    
Vlan1                  unassigned      YES unset  up                    down    
cisco3#
DEBUG:netmiko:read_channel: 
DEBUG:netmiko:read_channel: 
DEBUG:netmiko:write_channel: b'\n'
DEBUG:netmiko:read_channel: 
DEBUG:netmiko:read_channel: 
DEBUG:netmiko:write_channel: b'\n'
DEBUG:netmiko:Sleep time: 0.1
DEBUG:netmiko:read_channel: 
DEBUG:netmiko:write_channel: b'\n'
DEBUG:netmiko:Sleep time: 0.2
DEBUG:netmiko:read_channel: 
DEBUG:netmiko:write_channel: b'\n'
DEBUG:netmiko:Sleep time: 0.4
DEBUG:netmiko:read_channel: 
DEBUG:netmiko:write_channel: b'\n'
DEBUG:netmiko:Sleep time: 0.8
DEBUG:netmiko:read_channel: 
cisco3#
DEBUG:netmiko:read_channel: 
DEBUG:netmiko:(find_prompt): prompt is cisco3#
DEBUG:netmiko:read_channel: 
cisco3#
cisco3#
cisco3#
cisco3#
DEBUG:netmiko:Clear buffer detect items in channel
DEBUG:netmiko:read_channel: 
DEBUG:netmiko:write_channel: b'show ip interface brief\n'
DEBUG:netmiko:Pattern is: show\ ip\ interface\ brief
DEBUG:netmiko:_read_channel_expect read_data: sh
DEBUG:netmiko:_read_channel_expect read_data: ow ip interf
DEBUG:netmiko:_read_channel_expect read_data: a
DEBUG:netmiko:_read_channel_expect read_data: ce brief
Interface              IP-Address      OK? Method Status                Protocol
GigabitEthernet0/0/0   10.220.88.22    YES NVRAM  up                    up      
GigabitEthernet0/0/1   unassigned      YES NVRAM  administratively down down    
GigabitEthernet0/1/0   unassigned      YES unset  down                  down    
GigabitEthernet0/1/1   unassigned      YES unset  down                  down    
GigabitEthernet0/1/2   unassigned      YES unset  down                  down    
GigabitEthernet0/1/3   unassigned      YES unset  down                  down    
Vlan1                  unassigned      YES unset  up                    down    
cisco3#
DEBUG:netmiko:Pattern found: show\ ip\ interface\ brief show ip interface brief
Interface              IP-Address      OK? Method Status                Protocol
GigabitEthernet0/0/0   10.220.88.22    YES NVRAM  up                    up      
GigabitEthernet0/0/1   unassigned      YES NVRAM  administratively down down    
GigabitEthernet0/1/0   unassigned      YES unset  down                  down    
GigabitEthernet0/1/1   unassigned      YES unset  down                  down    
GigabitEthernet0/1/2   unassigned      YES unset  down                  down    
GigabitEthernet0/1/3   unassigned      YES unset  down                  down    
Vlan1                  unassigned      YES unset  up                    down    
cisco3#
DEBUG:netmiko:read_channel: 
DEBUG:netmiko:read_channel: 
DEBUG:netmiko:write_channel: b'\n'
DEBUG:netmiko:read_channel: 
DEBUG:netmiko:read_channel: 
DEBUG:netmiko:write_channel: b'\n'
DEBUG:netmiko:Sleep time: 0.1
DEBUG:netmiko:read_channel: 
DEBUG:netmiko:write_channel: b'\n'
DEBUG:netmiko:Sleep time: 0.2
DEBUG:netmiko:read_channel: 
DEBUG:netmiko:write_channel: b'\n'
DEBUG:netmiko:Sleep time: 0.4
DEBUG:netmiko:read_channel: 
DEBUG:netmiko:write_channel: b'\n'
DEBUG:netmiko:Sleep time: 0.8
DEBUG:netmiko:read_channel: 
cisco3#
DEBUG:netmiko:read_channel: 
DEBUG:netmiko:(find_prompt): prompt is cisco3#
DEBUG:netmiko:read_channel: 
cisco3#
cisco3#
cisco3#
cisco3#
DEBUG:netmiko:Clear buffer detect items in channel
DEBUG:netmiko:read_channel: 
DEBUG:netmiko:write_channel: b'show ip interface brief\n'
DEBUG:netmiko:Pattern is: show\ ip\ interface\ brief
DEBUG:netmiko:_read_channel_expect read_data: sh
DEBUG:netmiko:_read_channel_expect read_data: ow ip interf
DEBUG:netmiko:_read_channel_expect read_data: ac
DEBUG:netmiko:_read_channel_expect read_data: e brief
Interface              IP-Address      OK? Method Status                Protocol
GigabitEthernet0/0/0   10.220.88.22    YES NVRAM  up                    up      
GigabitEthernet0/0/1   unassigned      YES NVRAM  administratively down down    
GigabitEthernet0/1/0   unassigned      YES unset  down                  down    
GigabitEthernet0/1/1   unassigned      YES unset  down                  down    
GigabitEthernet0/1/2   unassigned      YES unset  down                  down    
GigabitEthernet0/1/3   unassigned      YES unset  down                  down    
Vlan1                  unassigned      YES unset  up                    down    
cisco3#
DEBUG:netmiko:Pattern found: show\ ip\ interface\ brief show ip interface brief
Interface              IP-Address      OK? Method Status                Protocol
GigabitEthernet0/0/0   10.220.88.22    YES NVRAM  up                    up      
GigabitEthernet0/0/1   unassigned      YES NVRAM  administratively down down    
GigabitEthernet0/1/0   unassigned      YES unset  down                  down    
GigabitEthernet0/1/1   unassigned      YES unset  down                  down    
GigabitEthernet0/1/2   unassigned      YES unset  down                  down    
GigabitEthernet0/1/3   unassigned      YES unset  down                  down    
Vlan1                  unassigned      YES unset  up                    down    
cisco3#
DEBUG:netmiko:read_channel: 
DEBUG:netmiko:write_channel: b'show ip interface brief\n'
DEBUG:netmiko:read_channel: 
DEBUG:netmiko:read_channel: show ip interface brief
Interface              IP-Address      OK? Method Status                Protocol
GigabitEthernet0/0/0   10.220.88.22    YES NVRAM  up                    up      
GigabitEthernet0/0/1   unassigned      YES NVRAM  administratively down down    
GigabitEthernet0/1/0   unassigned      YES unset  down                  down    
GigabitEthernet0/1/1   unassigned      YES unset  down                  down    
GigabitEthernet0/1/2   unassigned      YES unset  down                  down    
GigabitEthernet0/1/3   unassigned      YES unset  down                  down    
Vlan1                  unassigned      YES unset  up                    down    
cisco3#
DEBUG:netmiko:read_channel: 
DEBUG:netmiko:read_channel: 
DEBUG:netmiko:read_channel: 
DEBUG:netmiko:write_channel: b'\n'
DEBUG:netmiko:read_channel: 
DEBUG:netmiko:read_channel: 
DEBUG:netmiko:write_channel: b'\n'
DEBUG:netmiko:Sleep time: 0.1
DEBUG:netmiko:read_channel: 
DEBUG:netmiko:write_channel: b'\n'
DEBUG:netmiko:Sleep time: 0.2
DEBUG:netmiko:read_channel: 
DEBUG:netmiko:write_channel: b'\n'
DEBUG:netmiko:Sleep time: 0.4
DEBUG:netmiko:read_channel: 
DEBUG:netmiko:write_channel: b'\n'
DEBUG:netmiko:Sleep time: 0.8
DEBUG:netmiko:read_channel: 
cisco3#
DEBUG:netmiko:read_channel: 
DEBUG:netmiko:(find_prompt): prompt is cisco3#
DEBUG:netmiko:read_channel: 
cisco3#
cisco3#
cisco3#
cisco3#
DEBUG:netmiko:Clear buffer detect items in channel
DEBUG:netmiko:read_channel: 
DEBUG:netmiko:write_channel: b'show ip interface brief\n'
DEBUG:netmiko:Pattern is: show\ ip\ interface\ brief
DEBUG:netmiko:_read_channel_expect read_data: sh
DEBUG:netmiko:_read_channel_expect read_data: ow ip interf
DEBUG:netmiko:_read_channel_expect read_data: a
DEBUG:netmiko:_read_channel_expect read_data: ce brief
Interface              IP-Address      OK? Method Status                Protocol
GigabitEthernet0/0/0   10.220.88.22    YES NVRAM  up                    up      
GigabitEthernet0/0/1   unassigned      YES NVRAM  administratively down down    
GigabitEthernet0/1/0   unassigned      YES unset  down                  down    
GigabitEthernet0/1/1   unassigned      YES unset  down                  down    
GigabitEthernet0/1/2   unassigned      YES unset  down                  down    
GigabitEthernet0/1/3   unassigned      YES unset  down                  down    
Vlan1                  unassigned      YES unset  up                    down    
cisco3#
DEBUG:netmiko:Pattern found: show\ ip\ interface\ brief show ip interface brief
Interface              IP-Address      OK? Method Status                Protocol
GigabitEthernet0/0/0   10.220.88.22    YES NVRAM  up                    up      
GigabitEthernet0/0/1   unassigned      YES NVRAM  administratively down down    
GigabitEthernet0/1/0   unassigned      YES unset  down                  down    
GigabitEthernet0/1/1   unassigned      YES unset  down                  down    
GigabitEthernet0/1/2   unassigned      YES unset  down                  down    
GigabitEthernet0/1/3   unassigned      YES unset  down                  down    
Vlan1                  unassigned      YES unset  up                    down    
cisco3#
DEBUG:netmiko:read_channel: 
DEBUG:netmiko:write_channel: b'show ip interface brief\n'
DEBUG:netmiko:read_channel: 
DEBUG:netmiko:read_channel: show ip interface brief
Interface              IP-Address      OK? Method Status                Protocol
GigabitEthernet0/0/0   10.220.88.22    YES NVRAM  up                    up      
GigabitEthernet0/0/1   unassigned      YES NVRAM  administratively down down    
GigabitEthernet0/1/0   unassigned      YES unset  down                  down    
GigabitEthernet0/1/1   unassigned      YES unset  down                  down    
GigabitEthernet0/1/2   unassigned      YES unset  down                  down    
GigabitEthernet0/1/3   unassigned      YES unset  down                  down    
Vlan1                  unassigned      YES unset  up                    down    
cisco3#
DEBUG:netmiko:read_channel: 
DEBUG:netmiko:read_channel: 
DEBUG:netmiko:read_channel: 
DEBUG:netmiko:write_channel: b'\n'
DEBUG:netmiko:read_channel: 
DEBUG:netmiko:read_channel: 
DEBUG:netmiko:write_channel: b'\n'
DEBUG:netmiko:Sleep time: 0.1
DEBUG:netmiko:read_channel: 
DEBUG:netmiko:write_channel: b'\n'
DEBUG:netmiko:Sleep time: 0.2
DEBUG:netmiko:read_channel: 
DEBUG:netmiko:write_channel: b'\n'
DEBUG:netmiko:Sleep time: 0.4
DEBUG:netmiko:read_channel: 
DEBUG:netmiko:write_channel: b'\n'
DEBUG:netmiko:Sleep time: 0.8
DEBUG:netmiko:read_channel: 
DEBUG:netmiko:write_channel: b'\n'
DEBUG:netmiko:Sleep time: 1.6
DEBUG:netmiko:read_channel: 
cisco3#
DEBUG:netmiko:read_channel: 
cisco3#
cisco3#
cisco3#
cisco3#
cisco3#
DEBUG:netmiko:Clear buffer detect items in channel
DEBUG:netmiko:read_channel: 
DEBUG:netmiko:(find_prompt): prompt is cisco3#
DEBUG:netmiko:read_channel: 
DEBUG:netmiko:write_channel: b'show ip interface brief\n'
DEBUG:netmiko:Pattern is: show\ ip\ interface\ brief
DEBUG:netmiko:_read_channel_expect read_data: sh
DEBUG:netmiko:_read_channel_expect read_data: ow ip interfa
DEBUG:netmiko:_read_channel_expect read_data: c
DEBUG:netmiko:_read_channel_expect read_data: e brief
Interface              IP-Address      OK? Method Status                Protocol
GigabitEthernet0/0/0   10.220.88.22    YES NVRAM  up                    up      
GigabitEthernet0/0/1   unassigned      YES NVRAM  administratively down down    
GigabitEthernet0/1/0   unassigned      YES unset  down                  down    
GigabitEthernet0/1/1   unassigned      YES unset  down                  down    
GigabitEthernet0/1/2   unassigned      YES unset  down                  down    
GigabitEthernet0/1/3   unassigned      YES unset  down                  down    
Vlan1                  unassigned      YES unset  up                    down    
cisco3#
DEBUG:netmiko:Pattern found: show\ ip\ interface\ brief show ip interface brief
Interface              IP-Address      OK? Method Status                Protocol
GigabitEthernet0/0/0   10.220.88.22    YES NVRAM  up                    up      
GigabitEthernet0/0/1   unassigned      YES NVRAM  administratively down down    
GigabitEthernet0/1/0   unassigned      YES unset  down                  down    
GigabitEthernet0/1/1   unassigned      YES unset  down                  down    
GigabitEthernet0/1/2   unassigned      YES unset  down                  down    
GigabitEthernet0/1/3   unassigned      YES unset  down                  down    
Vlan1                  unassigned      YES unset  up                    down    
cisco3#
DEBUG:netmiko:read_channel: 
DEBUG:netmiko:write_channel: b'show version\n'
DEBUG:netmiko:read_channel: 
DEBUG:netmiko:read_channel: show version
Cisco IOS XE Software, Version 16.08.01
Cisco IOS Software [Fuji], ISR Software (ARMV8EB_LINUX_IOSD-UNIVERSALK9_IAS-M), Version 16.8.1, RELEASE SOFTWARE (fc3)
Technical Support: http://www.cisco.com/techsupport
Copyright (c) 1986-2018 by Cisco Systems, Inc.
Compiled Tue 27-Mar-18 10:56 by mcpre


Cisco IOS-XE software, Copyright (c) 2005-2018 by cisco Systems, Inc.
All rights reserved.  Certain components of Cisco IOS-XE software are
licensed under the GNU General Public License ("GPL") Version 2.0.  The
software code licensed under GPL Version 2.0 is free software that comes
with ABSOLUTELY NO WARRANTY.  You can redistribute and/or modify such
GPL code under the terms of GPL Version 2.0.  For more details, see the
documentation or "License Notice" file accompanying the IOS-XE software,
or the applicable URL provided on the flyer accompanying the IOS-XE
software.


ROM: IOS-XE ROMMON

cisco3 uptime is 20 weeks, 2 days, 36 minutes
Uptime for this control processor is 20 weeks, 2 days, 38 minutes
System returned to ROM by Reload Command at 13:54:45 PDT Mon May 13 2019
System restarted at 13:58:30 PDT Mon May 13 2019
System image file is "bootflash:c1100-universalk9_ias.16.08.01.SPA.bin"
Last reload reason: Reload Command



This product contains cryptographic features and is subject to United
States and local country laws governing import, export, transfer and
use. Delivery of Cisco cryptographic products does not imply
third-party authority to import, export, distribute or use encryption.
Importers, exporters, distributors and users are responsible for
compliance with U.S. and local country laws. By using this product you
agree to comply with applicable laws and regulations. If you are unable
to comply with U.S. and local laws, return this product immediately.

A summary of U.S. laws governing Cisco cryptographic products may be found at:
http://www.cisco.com/wwl/export/crypto/tool/stqrg.html

If you require further assistance please contact us by sending email to
export@cisco.com.



Suite License Information for Module:'esg' 

--------------------------------------------------------------------------------
Suite                 Suite Current         Type           Suite Next reboot     
--------------------------------------------------------------------------------
FoundationSuiteK9     None                  None           None                  
securityk9
appxk9


Technology Package License Information: 

-----------------------------------------------------------------
Technology    Technology-package           Technology-package
              Current       Type           Next reboot  
------------------------------------------------------------------
appxk9           None             None             None
securityk9       None             None             None
ipbase           ipbasek9         Permanent        ipbasek9

cisco C1111-4P (1RU) processor with 1456982K/6147K bytes of memory.
Processor board ID FGL222290LB
1 Virtual Ethernet interface
6 Gigabit Ethernet interfaces
32768K bytes of non-volatile configuration memory.
4194304K bytes of physical memory.
2863103K bytes of flash memory at bootflash:.
0K bytes of WebUI ODM Files at webui:.

Configuration register is 0x2102

cisco3#
DEBUG:netmiko:read_channel: 
DEBUG:netmiko:read_channel: 
DEBUG:netmiko:read_channel: 
DEBUG:netmiko:write_channel: b'\n'
DEBUG:netmiko:read_channel: 
DEBUG:netmiko:read_channel: 
DEBUG:netmiko:write_channel: b'\n'
DEBUG:netmiko:Sleep time: 0.1
DEBUG:netmiko:read_channel: 
DEBUG:netmiko:write_channel: b'\n'
DEBUG:netmiko:Sleep time: 0.2
DEBUG:netmiko:read_channel: 
DEBUG:netmiko:write_channel: b'\n'
DEBUG:netmiko:Sleep time: 0.4
DEBUG:netmiko:read_channel: 
DEBUG:netmiko:write_channel: b'\n'
DEBUG:netmiko:Sleep time: 0.8
DEBUG:netmiko:read_channel: 
cisco3#
DEBUG:netmiko:read_channel: 
DEBUG:netmiko:(find_prompt): prompt is cisco3#
DEBUG:netmiko:read_channel: 
cisco3#
cisco3#
cisco3#
cisco3#
DEBUG:netmiko:Clear buffer detect items in channel
DEBUG:netmiko:read_channel: 
DEBUG:netmiko:write_channel: b'show version\n'
DEBUG:netmiko:Pattern is: show\ version
DEBUG:netmiko:_read_channel_expect read_data: sh
DEBUG:netmiko:_read_channel_expect read_data: ow version

DEBUG:netmiko:Pattern found: show\ version show version

DEBUG:netmiko:read_channel: 
DEBUG:netmiko:read_channel: 
DEBUG:netmiko:read_channel: 
DEBUG:netmiko:read_channel: 
DEBUG:netmiko:read_channel: 
DEBUG:netmiko:read_channel: 
DEBUG:netmiko:read_channel: 
DEBUG:netmiko:read_channel: 
DEBUG:netmiko:read_channel: 
DEBUG:netmiko:read_channel: Cisco IOS XE Software, Version 16.08.01
Cisco IOS Software [Fuji], ISR Software (ARMV8EB_LINUX_IOSD-UNIVERSALK9_IAS-M), Version 16.8.1, RELEASE SOFTWARE (fc3)
Technical Support: http://www.cisco.com/techsupport
Copyright (c) 1986-2018 by Cisco Systems, Inc.
Compiled Tue 27-Mar-18 10:56 by mcpre


Cisco IOS-XE software, Copyright (c) 2005-2018 by cisco Systems, Inc.
All rights reserved.  Certain components of Cisco IOS-XE software are
licensed under the GNU General Public License ("GPL") Version 2.0.  The
software code licensed under GPL Version 2.0 is free software that comes
with ABSOLUTELY NO WARRANTY.  You can redistribute and/or modify such
GPL code under the terms of GPL Version 2.0.  For more details, see the
documentation or "License Notice" file accompanying the IOS-XE software,
or the applicable URL provided on the flyer accompanying the IOS-XE
software.


ROM: IOS-XE ROMMON

cisco3 uptime is 20 weeks, 2 days, 36 minutes
Uptime for this control processor is 20 weeks, 2 days, 38 minutes
System returned to ROM by Reload Command at 13:54:45 PDT Mon May 13 2019
System restarted at 13:58:30 PDT Mon May 13 2019
System image file is "bootflash:c1100-universalk9_ias.16.08.01.SPA.bin"
Last reload reason: Reload Command



This product contains cryptographic features and is subject to United
States and local country laws governing import, export, transfer and
use. Delivery of Cisco cryptographic products does not imply
third-party authority to import, export, distribute or use encryption.
Importers, exporters, distributors and users are responsible for
compliance with U.S. and local country laws. By using this product you
agree to comply with applicable laws and regulations. If you are unable
to comply with U.S. and local laws, return this product immediately.

A summary of U.S. laws governing Cisco cryptographic products may be found at:
http://www.cisco.com/wwl/export/crypto/tool/stqrg.html

If you require further assistance please contact us by sending email to
export@cisco.com.



Suite License Information for Module:'esg' 

--------------------------------------------------------------------------------
Suite                 Suite Current         Type           Suite Next reboot     
--------------------------------------------------------------------------------
FoundationSuiteK9     None                  None           None                  
securityk9
appxk9


Technology Package License Information: 

-----------------------------------------------------------------
Technology    Technology-package           Technology-package
              Current       Type           Next reboot  
------------------------------------------------------------------
appxk9           None             None             None
securityk9       None             None             None
ipbase           ipbasek9         Permanent        ipbasek9

cisco C1111-4P (1RU) processor with 1456982K/6147K bytes of memory.
Processor board ID FGL222290LB
1 Virtual Ethernet interface
6 Gigabit Ethernet interfaces
32768K bytes of non-volatile configuration memory.
4194304K bytes of physical memory.
2863103K bytes of flash memory at bootflash:.
0K bytes of WebUI ODM Files at webui:.

Configuration register is 0x2102

cisco3#
DEBUG:netmiko:write_channel: b'show ip interface brief\n'
DEBUG:netmiko:read_channel: show ip interface brief
Interface              IP-Address      OK? Method Status                Protocol
GigabitEthernet0/0/0   10.220.88.22    YES NVRAM  up                    up      
GigabitEthernet0/0/1   unassigned      YES NVRAM  administratively down down    
GigabitEthernet0/1/0   unassigned      YES unset  down                  down    
GigabitEthernet0/1/1   unassigned      YES unset  down                  down    
GigabitEthernet0/1/2   unassigned      YES unset  down                  down    
GigabitEthernet0/1/3   unassigned      YES unset  down                  down    
Vlan1                  unassigned      YES unset  up                    down    
cisco3#
DEBUG:netmiko:Clear buffer detect items in channel
DEBUG:netmiko:read_channel: 
DEBUG:netmiko:read_channel: 
DEBUG:netmiko:write_channel: b'\n'
DEBUG:netmiko:Pattern is: cisco3
DEBUG:netmiko:_read_channel_expect read_data: 
cisco3#
DEBUG:netmiko:Pattern found: cisco3 
cisco3#
DEBUG:netmiko:read_channel: 
DEBUG:netmiko:write_channel: b'\n'
DEBUG:netmiko:read_channel: 
DEBUG:netmiko:read_channel: 
DEBUG:netmiko:write_channel: b'\n'
DEBUG:netmiko:Sleep time: 0.1
DEBUG:netmiko:read_channel: 
DEBUG:netmiko:write_channel: b'\n'
DEBUG:netmiko:Sleep time: 0.2
DEBUG:netmiko:read_channel: 
DEBUG:netmiko:write_channel: b'\n'
DEBUG:netmiko:Sleep time: 0.4
DEBUG:netmiko:read_channel: 
DEBUG:netmiko:write_channel: b'\n'
DEBUG:netmiko:Sleep time: 0.8
DEBUG:netmiko:read_channel: 
cisco3#
DEBUG:netmiko:read_channel: 
DEBUG:netmiko:(find_prompt): prompt is cisco3#
DEBUG:netmiko:write_channel: b'\n'
DEBUG:netmiko:Pattern is: #
DEBUG:netmiko:_read_channel_expect read_data: 
cisco3#
DEBUG:netmiko:Pattern found: # 
cisco3#
DEBUG:netmiko:exit_config_mode: 
DEBUG:netmiko:write_channel: b'exit\n'
DEBUG:paramiko.transport:starting thread (client mode): 0xcc24f940
DEBUG:paramiko.transport:Local version/idstring: SSH-2.0-paramiko_2.6.0
DEBUG:paramiko.transport:Remote version/idstring: SSH-2.0-Cisco-1.25
INFO:paramiko.transport:Connected (version 2.0, client Cisco-1.25)
DEBUG:paramiko.transport:kex algos:['diffie-hellman-group-exchange-sha1', 'diffie-hellman-group14-sha1'] server key:['ssh-rsa'] client encrypt:['aes128-ctr', 'aes192-ctr', 'aes256-ctr'] server encrypt:['aes128-ctr', 'aes192-ctr', 'aes256-ctr'] client mac:['hmac-sha2-256', 'hmac-sha2-512', 'hmac-sha1', 'hmac-sha1-96'] server mac:['hmac-sha2-256', 'hmac-sha2-512', 'hmac-sha1', 'hmac-sha1-96'] client compress:['none'] server compress:['none'] client lang:[''] server lang:[''] kex follows?False
DEBUG:paramiko.transport:Kex agreed: diffie-hellman-group-exchange-sha1
DEBUG:paramiko.transport:HostKey agreed: ssh-rsa
DEBUG:paramiko.transport:Cipher agreed: aes128-ctr
DEBUG:paramiko.transport:MAC agreed: hmac-sha2-256
DEBUG:paramiko.transport:Compression agreed: none
DEBUG:paramiko.transport:Got server p (2048 bits)
DEBUG:paramiko.transport:kex engine KexGex specified hash_algo <built-in function openssl_sha1>
DEBUG:paramiko.transport:Switch to new keys ...
DEBUG:paramiko.transport:Adding ssh-rsa host key for cisco3.lasthop.io: b'31c7c985b918fcdf9defd03407b24e3e'
DEBUG:paramiko.transport:userauth is OK
INFO:paramiko.transport:Authentication (password) successful!
DEBUG:paramiko.transport:[chan 0] Max packet in: 32768 bytes
DEBUG:paramiko.transport:[chan 0] Max packet out: 4096 bytes
DEBUG:paramiko.transport:Secsh channel 0 opened.
DEBUG:paramiko.transport:[chan 0] Sesch channel 0 request ok
DEBUG:paramiko.transport:[chan 0] Sesch channel 0 request ok
DEBUG:netmiko:read_channel: 


cisco3#
DEBUG:netmiko:read_channel: 
DEBUG:netmiko:read_channel: 
DEBUG:netmiko:read_channel: 
DEBUG:netmiko:write_channel: b'\n'
DEBUG:netmiko:read_channel: 
DEBUG:netmiko:read_channel: 
DEBUG:netmiko:write_channel: b'\n'
DEBUG:netmiko:Sleep time: 0.1
DEBUG:netmiko:read_channel: 
DEBUG:netmiko:write_channel: b'\n'
DEBUG:netmiko:Sleep time: 0.2
DEBUG:netmiko:read_channel: 
DEBUG:netmiko:write_channel: b'\n'
DEBUG:netmiko:Sleep time: 0.4
DEBUG:netmiko:read_channel: 
DEBUG:netmiko:write_channel: b'\n'
DEBUG:netmiko:Sleep time: 0.8
DEBUG:netmiko:read_channel: 
cisco3#
DEBUG:netmiko:read_channel: 
DEBUG:netmiko:(find_prompt): prompt is cisco3#
DEBUG:netmiko:read_channel: 
DEBUG:netmiko:In disable_paging
DEBUG:netmiko:Command: terminal length 0

DEBUG:netmiko:write_channel: b'terminal length 0\n'
DEBUG:netmiko:Pattern is: terminal\ length\ 0
DEBUG:netmiko:_read_channel_expect read_data: 
cisco3#
DEBUG:netmiko:_read_channel_expect read_data: 
cisco3#
cisco3#
cisco3#
DEBUG:netmiko:_read_channel_expect read_data: t
DEBUG:netmiko:_read_channel_expect read_data: erminal length 0
cisco3#
DEBUG:netmiko:Pattern found: terminal\ length\ 0 
cisco3#
cisco3#
cisco3#
cisco3#terminal length 0
cisco3#
DEBUG:netmiko:
cisco3#
cisco3#
cisco3#
cisco3#terminal length 0
cisco3#
DEBUG:netmiko:Exiting disable_paging
DEBUG:netmiko:write_channel: b'terminal width 511\n'
DEBUG:netmiko:Pattern is: terminal\ width\ 511
DEBUG:netmiko:_read_channel_expect read_data: te
DEBUG:netmiko:_read_channel_expect read_data: rminal width 511
DEBUG:netmiko:Pattern found: terminal\ width\ 511 terminal width 511
DEBUG:netmiko:read_channel: 
cisco3#
DEBUG:netmiko:Clear buffer detect items in channel
DEBUG:netmiko:read_channel: 
DEBUG:netmiko:read_channel: 
DEBUG:netmiko:write_channel: b'\n'
DEBUG:netmiko:read_channel: 
DEBUG:netmiko:read_channel: 
DEBUG:netmiko:write_channel: b'\n'
DEBUG:netmiko:Sleep time: 0.1
DEBUG:netmiko:read_channel: 
DEBUG:netmiko:write_channel: b'\n'
DEBUG:netmiko:Sleep time: 0.2
DEBUG:netmiko:read_channel: 
DEBUG:netmiko:write_channel: b'\n'
DEBUG:netmiko:Sleep time: 0.4
DEBUG:netmiko:read_channel: 
DEBUG:netmiko:write_channel: b'\n'
DEBUG:netmiko:Sleep time: 0.8
DEBUG:netmiko:read_channel: 
cisco3#
DEBUG:netmiko:read_channel: 
DEBUG:netmiko:(find_prompt): prompt is cisco3#
DEBUG:netmiko:read_channel: 
cisco3#
cisco3#
cisco3#
cisco3#
DEBUG:netmiko:Clear buffer detect items in channel
DEBUG:netmiko:read_channel: 
DEBUG:netmiko:write_channel: b'show version\n'
DEBUG:netmiko:Pattern is: show\ version
DEBUG:netmiko:_read_channel_expect read_data: sh
DEBUG:netmiko:_read_channel_expect read_data: ow version

DEBUG:netmiko:Pattern found: show\ version show version

DEBUG:netmiko:read_channel: Cisco IOS XE Software, Version 16.08.01
Cisco IOS Software [Fuji], ISR Software (ARMV8EB_LINUX_IOSD-UNIVERSALK9_IAS-M), Version 16.8.1, RELEASE SOFTWARE (fc3)
Technical Support: http://www.cisco.com/techsupport
Copyright (c) 1986-2018 by Cisco Systems, Inc.
Compiled Tue 27-Mar-18 10:56 by mcpre


Cisco IOS-XE software, Copyright (c) 2005-2018 by cisco Systems, Inc.
All rights reserved.  Certain components of Cisco IOS-XE software are
licensed under the GNU General Public License ("GPL") Version 2.0.  The
software code licensed under GPL Version 2.0 is free software that comes
with ABSOLUTELY NO WARRANTY.  You can redistribute and/or modify such
GPL code under the terms of GPL Version 2.0.  For more details, see the
documentation or "License Notice" file accompanying the IOS-XE software,
or the applicable URL provided on the flyer accompanying the IOS-XE
software.


ROM: IOS-XE ROMMON

cisco3 uptime is 20 weeks, 2 days, 42 minutes
Uptime for this control processor is 20 weeks, 2 days, 44 minutes
System returned to ROM by Reload Command at 13:54:45 PDT Mon May 13 2019
System restarted at 13:58:30 PDT Mon May 13 2019
System image file is "bootflash:c1100-universalk9_ias.16.08.01.SPA.bin"
Last reload reason: Reload Command



This product contains cryptographic features and is subject to United
States and local country laws governing import, export, transfer and
use. Delivery of Cisco cryptographic products does not imply
third-party authority to import, export, distribute or use encryption.
Importers, exporters, distributors and users are responsible for
compliance with U.S. and local country laws. By using this product you
agree to comply with applicable laws and regulations. If you are unable
to comply with U.S. and local laws, return this product immediately.

A summary of U.S. laws governing Cisco cryptographic products may be found at:
http://www.cisco.com/wwl/export/crypto/tool/stqrg.html

If you require further assistance please contact us by sending email to
export@cisco.com.



Suite License Information for Module:'esg' 

--------------------------------------------------------------------------------
Suite                 Suite Current         Type           Suite Next reboot     
--------------------------------------------------------------------------------
FoundationSuiteK9     None                  None           None                  
securityk9
appxk9


Technology Package License Information: 

-----------------------------------------------------------------
Technology    Technology-package           Technology-package
              Current       Type           Next reboot  
------------------------------------------------------------------
appxk9           None             None             None
securityk9       None             None             None
ipbase           ipbasek9         Permanent        ipbasek9

cisco C1111-4P (1RU) processor with 1456982K/6147K bytes of memory.
Processor board ID FGL222290LB
1 Virtual Ethernet interface
6 Gigabit Ethernet interfaces
32768K bytes of non-volatile configuration memory.
4194304K bytes of physical memory.
2863103K bytes of flash memory at bootflash:.
0K bytes of WebUI ODM Files at webui:.

Configuration register is 0x2102

cisco3#
DEBUG:netmiko:read_channel: 
DEBUG:netmiko:write_channel: b'\n'
DEBUG:netmiko:read_channel: 
DEBUG:netmiko:read_channel: 
DEBUG:netmiko:write_channel: b'\n'
DEBUG:netmiko:Sleep time: 0.1
DEBUG:netmiko:read_channel: 
DEBUG:netmiko:write_channel: b'\n'
DEBUG:netmiko:Sleep time: 0.2
DEBUG:netmiko:read_channel: 
DEBUG:netmiko:write_channel: b'\n'
DEBUG:netmiko:Sleep time: 0.4
DEBUG:netmiko:read_channel: 
DEBUG:netmiko:write_channel: b'\n'
DEBUG:netmiko:Sleep time: 0.8
DEBUG:netmiko:read_channel: 
cisco3#
DEBUG:netmiko:read_channel: 
DEBUG:netmiko:(find_prompt): prompt is cisco3#
DEBUG:netmiko:read_channel: 
cisco3#
cisco3#
cisco3#
cisco3#
DEBUG:netmiko:Clear buffer detect items in channel
DEBUG:netmiko:read_channel: 
DEBUG:netmiko:write_channel: b'show version\n'
DEBUG:netmiko:Pattern is: show\ version
DEBUG:netmiko:_read_channel_expect read_data: sh
DEBUG:netmiko:_read_channel_expect read_data: ow version

DEBUG:netmiko:Pattern found: show\ version show version

DEBUG:netmiko:read_channel: 
DEBUG:netmiko:read_channel: 
DEBUG:netmiko:read_channel: 
DEBUG:netmiko:read_channel: 
DEBUG:netmiko:read_channel: 
DEBUG:netmiko:read_channel: 
DEBUG:netmiko:read_channel: 
DEBUG:netmiko:read_channel: 
DEBUG:netmiko:read_channel: 
DEBUG:netmiko:read_channel: 
DEBUG:netmiko:read_channel: 
DEBUG:netmiko:read_channel: 
DEBUG:netmiko:read_channel: 
